../Core/Src/stm32f1xx_it.c:81:6:NMI_Handler	4	static
../Core/Src/stm32f1xx_it.c:96:6:HardFault_Handler	4	static
../Core/Src/stm32f1xx_it.c:111:6:MemManage_Handler	4	static
../Core/Src/stm32f1xx_it.c:126:6:BusFault_Handler	4	static
../Core/Src/stm32f1xx_it.c:141:6:UsageFault_Handler	4	static
../Core/Src/stm32f1xx_it.c:156:6:SVC_Handler	4	static
../Core/Src/stm32f1xx_it.c:169:6:DebugMon_Handler	4	static
../Core/Src/stm32f1xx_it.c:182:6:PendSV_Handler	4	static
../Core/Src/stm32f1xx_it.c:195:6:SysTick_Handler	8	static
../Core/Src/stm32f1xx_it.c:216:6:EXTI0_IRQHandler	8	static
../Core/Src/stm32f1xx_it.c:230:6:EXTI9_5_IRQHandler	8	static
../Core/Src/stm32f1xx_it.c:244:6:EXTI15_10_IRQHandler	8	static
../Core/Src/stm32f1xx_it.c:256:6:HAL_GPIO_EXTI_Callback	32	static
../Core/Src/stm32f1xx_it.c:367:7:ConvertNumberToString	24	static
../Core/Src/stm32f1xx_it.c:386:6:DisplayEncodingMode	24	static
../Core/Src/stm32f1xx_it.c:405:6:DisplayDecodingMode	24	static
../Core/Src/stm32f1xx_it.c:428:11:GPIO_PinToIRQn	16	static
../Core/Src/stm32f1xx_it.c:462:9:calculateParityBits	24	static
../Core/Src/stm32f1xx_it.c:471:6:hammingEncode	64	static
../Core/Src/stm32f1xx_it.c:531:6:hammingDecode	336	static
