../Core/Src/lcd.c:37:6:LCD_WR_REG	16	static
../Core/Src/lcd.c:45:6:lcd_showpic	40	static
../Core/Src/lcd.c:57:6:lcd_showpic_w	40	static
../Core/Src/lcd.c:69:6:lcd_rm_pic_w	32	static
../Core/Src/lcd.c:76:6:LCD_WR_DATAX	16	static
../Core/Src/lcd.c:87:6:opt_delay	16	static
../Core/Src/lcd.c:94:5:LCD_RD_DATA	16	static
../Core/Src/lcd.c:120:6:LCD_WriteReg	16	static
../Core/Src/lcd.c:128:5:LCD_ReadReg	16	static
../Core/Src/lcd.c:134:6:LCD_WriteRAM_Prepare	8	static
../Core/Src/lcd.c:139:6:LCD_WriteRAM	16	static
../Core/Src/lcd.c:147:5:LCD_BGR2RGB	24	static
../Core/Src/lcd.c:159:5:LCD_ReadPoint	24	static
../Core/Src/lcd.c:192:6:LCD_DisplayOn	8	static
../Core/Src/lcd.c:203:6:LCD_DisplayOff	8	static
../Core/Src/lcd.c:216:6:LCD_SetCursor	16	static
../Core/Src/lcd.c:265:6:LCD_Scan_Dir	24	static
../Core/Src/lcd.c:409:6:LCD_DrawPoint	16	static
../Core/Src/lcd.c:418:6:LCD_Fast_DrawPoint	16	static
../Core/Src/lcd.c:463:6:LCD_SSD_BackLightSet	24	static
../Core/Src/lcd.c:475:6:LCD_Display_Dir	16	static
../Core/Src/lcd.c:545:6:LCD_Set_Window	32	static
../Core/Src/lcd.c:599:6:LCD_Init	40	static
../Core/Src/lcd.c:2037:6:LCD_Clear	24	static
../Core/Src/lcd.c:2054:6:LCD_Fill	32	static
../Core/Src/lcd.c:2073:6:LCD_Color_Fill	32	static
../Core/Src/lcd.c:2092:6:LCD_DrawLine	64	static
../Core/Src/lcd.c:2144:6:LCD_DrawRectangle	24	static
../Core/Src/lcd.c:2154:6:LCD_Draw_Circle	32	static
../Core/Src/lcd.c:2187:6:LCD_ShowChar	32	static
../Core/Src/lcd.c:2228:6:LCD_ShowChar_o	32	static
../Core/Src/lcd.c:2272:5:LCD_Pow	24	static
../Core/Src/lcd.c:2285:6:LCD_ShowNum	48	static
../Core/Src/lcd.c:2314:6:LCD_ShowxNum	48	static
../Core/Src/lcd.c:2343:6:LCD_ShowString	40	static
../Core/Src/lcd.c:2363:6:LCD_ShowString_o	40	static
../Core/Src/lcd.c:2383:6:LCD_ShowImage	32	static
../Core/Src/lcd.c:2410:6:LCD_Fast_DrawSquare	32	static
../Core/Src/lcd.c:2415:6:LCD_Fast_DrawSquare_w	32	static
../Core/Src/lcd.c:2422:6:LCD_Fast_DrawSquare_rm	32	static
../Core/Src/lcd.c:2429:6:LCD_draw_rt	32	static
../Core/Src/lcd.c:2437:6:LCD_draw_finish	32	static
../Core/Src/lcd.c:2445:6:LCD_draw_round_rect	32	static
../Core/Src/lcd.c:2500:6:LCD_ShowImage2	32	static
../Core/Src/lcd.c:2528:6:LCD_ShowEndImage	40	static
../Core/Src/lcd.c:2556:6:LCD_ShowInputWrongImage	40	static
