../Core/Src/main.c:220:6:reset_board	16	static
../Core/Src/main.c:226:6:draw_board_line	48	static
../Core/Src/main.c:259:6:draw_board	24	static
../Core/Src/main.c:274:6:draw_block	24	static
../Core/Src/main.c:277:6:reset_path	24	static
../Core/Src/main.c:289:6:valid_path	16	static
../Core/Src/main.c:308:6:bluetooth_state	24	static
../Core/Src/main.c:321:6:T3_state	24	static
../Core/Src/main.c:387:6:rtp_test	216	static
../Core/Src/main.c:1009:5:main	8	static
../Core/Src/main.c:1078:6:SystemClock_Config	72	static
../Core/Src/main.c:1115:13:MX_USART1_UART_Init	8	static
../Core/Src/main.c:1144:13:MX_DMA_Init	16	static
../Core/Src/main.c:1164:13:MX_GPIO_Init	16	static
../Core/Src/main.c:1184:6:Error_Handler	4	static,ignoring_inline_asm
