../Core/Src/stm32f1xx_it.c:76:6:NMI_Handler	4	static
../Core/Src/stm32f1xx_it.c:89:6:HardFault_Handler	4	static
../Core/Src/stm32f1xx_it.c:102:6:MemManage_Handler	4	static
../Core/Src/stm32f1xx_it.c:115:6:BusFault_Handler	4	static
../Core/Src/stm32f1xx_it.c:128:6:UsageFault_Handler	4	static
../Core/Src/stm32f1xx_it.c:141:6:SVC_Handler	4	static
../Core/Src/stm32f1xx_it.c:153:6:DebugMon_Handler	4	static
../Core/Src/stm32f1xx_it.c:165:6:PendSV_Handler	4	static
../Core/Src/stm32f1xx_it.c:177:6:SysTick_Handler	8	static
../Core/Src/stm32f1xx_it.c:197:6:DMA1_Channel4_IRQHandler	8	static
../Core/Src/stm32f1xx_it.c:210:6:DMA1_Channel5_IRQHandler	8	static
../Core/Src/stm32f1xx_it.c:223:6:USART1_IRQHandler	8	static
../Core/Src/stm32f1xx_it.c:234:6:HAL_UARTEx_RxEventCallback	96	static
