../Core/Src/lcd.c:91:6:LCD_WR_REG	16	static
../Core/Src/lcd.c:102:6:LCD_WR_DATAX	16	static
../Core/Src/lcd.c:112:10:LCD_RD_DATA	16	static
../Core/Src/lcd.c:137:6:LCD_WriteReg	16	static
../Core/Src/lcd.c:144:10:LCD_ReadReg	16	static
../Core/Src/lcd.c:149:6:LCD_WriteRAM_Prepare	8	static
../Core/Src/lcd.c:154:6:LCD_WriteRAM	16	static
../Core/Src/lcd.c:161:10:LCD_BGR2RGB	24	static
../Core/Src/lcd.c:171:6:opt_delay	16	static
../Core/Src/lcd.c:178:10:LCD_ReadPoint	24	static
../Core/Src/lcd.c:243:6:LCD_DisplayOn	8	static
../Core/Src/lcd.c:253:6:LCD_DisplayOff	8	static
../Core/Src/lcd.c:265:6:LCD_SetCursor	16	static
../Core/Src/lcd.c:325:6:LCD_Scan_Dir	24	static
../Core/Src/lcd.c:480:6:LCD_DrawPoint	16	static
../Core/Src/lcd.c:487:6:LCD_Fast_DrawPoint	16	static
../Core/Src/lcd.c:542:6:LCD_SSD_BackLightSet	24	static
../Core/Src/lcd.c:553:6:LCD_Display_Dir	16	static
../Core/Src/lcd.c:625:6:LCD_Set_Window	40	static
../Core/Src/lcd.c:704:6:LCD_Init	32	static
../Core/Src/lcd.c:2735:6:LCD_Clear	24	static
../Core/Src/lcd.c:2756:6:LCD_Fill	40	static
../Core/Src/lcd.c:2787:6:LCD_Color_Fill	32	static
../Core/Src/lcd.c:2803:6:LCD_DrawLine	64	static
../Core/Src/lcd.c:2848:6:LCD_DrawRectangle	24	static
../Core/Src/lcd.c:2858:6:LCD_Draw_Circle	32	static
../Core/Src/lcd.c:2889:6:LCD_ShowChar	32	static
../Core/Src/lcd.c:2925:10:LCD_Pow	24	static
../Core/Src/lcd.c:2936:6:LCD_ShowNum	48	static
../Core/Src/lcd.c:2962:6:LCD_ShowxNum	48	static
../Core/Src/lcd.c:2987:6:LCD_ShowString	40	static
../Core/Src/lcd.c:3006:6:LCD_ShowString2	40	static
../Core/Src/lcd.c:3053:6:LCD_ShowImage2	32	static
../Core/Src/lcd.c:3081:6:LCD_ShowPic	40	static
