Archive member included to satisfy reference by file (symbol)

D:/ST/STM32CubeIDE_1.16.0/STM32CubeIDE/plugins/com.st.stm32cube.ide.mcu.externaltools.gnu-tools-for-stm32.12.3.rel1.win32_1.0.200.202406191623/tools/bin/../lib/gcc/arm-none-eabi/12.3.1/../../../../arm-none-eabi/lib/thumb/v7-m/nofp\libc_nano.a(libc_a-exit.o)
                              D:/ST/STM32CubeIDE_1.16.0/STM32CubeIDE/plugins/com.st.stm32cube.ide.mcu.externaltools.gnu-tools-for-stm32.12.3.rel1.win32_1.0.200.202406191623/tools/bin/../lib/gcc/arm-none-eabi/12.3.1/../../../../arm-none-eabi/lib/thumb/v7-m/nofp/crt0.o (exit)
D:/ST/STM32CubeIDE_1.16.0/STM32CubeIDE/plugins/com.st.stm32cube.ide.mcu.externaltools.gnu-tools-for-stm32.12.3.rel1.win32_1.0.200.202406191623/tools/bin/../lib/gcc/arm-none-eabi/12.3.1/../../../../arm-none-eabi/lib/thumb/v7-m/nofp\libc_nano.a(libc_a-findfp.o)
                              D:/ST/STM32CubeIDE_1.16.0/STM32CubeIDE/plugins/com.st.stm32cube.ide.mcu.externaltools.gnu-tools-for-stm32.12.3.rel1.win32_1.0.200.202406191623/tools/bin/../lib/gcc/arm-none-eabi/12.3.1/../../../../arm-none-eabi/lib/thumb/v7-m/nofp\libc_nano.a(libc_a-exit.o) (__stdio_exit_handler)
D:/ST/STM32CubeIDE_1.16.0/STM32CubeIDE/plugins/com.st.stm32cube.ide.mcu.externaltools.gnu-tools-for-stm32.12.3.rel1.win32_1.0.200.202406191623/tools/bin/../lib/gcc/arm-none-eabi/12.3.1/../../../../arm-none-eabi/lib/thumb/v7-m/nofp\libc_nano.a(libc_a-fwalk.o)
                              D:/ST/STM32CubeIDE_1.16.0/STM32CubeIDE/plugins/com.st.stm32cube.ide.mcu.externaltools.gnu-tools-for-stm32.12.3.rel1.win32_1.0.200.202406191623/tools/bin/../lib/gcc/arm-none-eabi/12.3.1/../../../../arm-none-eabi/lib/thumb/v7-m/nofp\libc_nano.a(libc_a-findfp.o) (_fwalk_sglue)
D:/ST/STM32CubeIDE_1.16.0/STM32CubeIDE/plugins/com.st.stm32cube.ide.mcu.externaltools.gnu-tools-for-stm32.12.3.rel1.win32_1.0.200.202406191623/tools/bin/../lib/gcc/arm-none-eabi/12.3.1/../../../../arm-none-eabi/lib/thumb/v7-m/nofp\libc_nano.a(libc_a-printf.o)
                              ./Core/Src/ft5206.o (printf)
D:/ST/STM32CubeIDE_1.16.0/STM32CubeIDE/plugins/com.st.stm32cube.ide.mcu.externaltools.gnu-tools-for-stm32.12.3.rel1.win32_1.0.200.202406191623/tools/bin/../lib/gcc/arm-none-eabi/12.3.1/../../../../arm-none-eabi/lib/thumb/v7-m/nofp\libc_nano.a(libc_a-snprintf.o)
                              ./Core/Src/main.o (snprintf)
D:/ST/STM32CubeIDE_1.16.0/STM32CubeIDE/plugins/com.st.stm32cube.ide.mcu.externaltools.gnu-tools-for-stm32.12.3.rel1.win32_1.0.200.202406191623/tools/bin/../lib/gcc/arm-none-eabi/12.3.1/../../../../arm-none-eabi/lib/thumb/v7-m/nofp\libc_nano.a(libc_a-stdio.o)
                              D:/ST/STM32CubeIDE_1.16.0/STM32CubeIDE/plugins/com.st.stm32cube.ide.mcu.externaltools.gnu-tools-for-stm32.12.3.rel1.win32_1.0.200.202406191623/tools/bin/../lib/gcc/arm-none-eabi/12.3.1/../../../../arm-none-eabi/lib/thumb/v7-m/nofp\libc_nano.a(libc_a-findfp.o) (__sread)
D:/ST/STM32CubeIDE_1.16.0/STM32CubeIDE/plugins/com.st.stm32cube.ide.mcu.externaltools.gnu-tools-for-stm32.12.3.rel1.win32_1.0.200.202406191623/tools/bin/../lib/gcc/arm-none-eabi/12.3.1/../../../../arm-none-eabi/lib/thumb/v7-m/nofp\libc_nano.a(libc_a-memset.o)
                              D:/ST/STM32CubeIDE_1.16.0/STM32CubeIDE/plugins/com.st.stm32cube.ide.mcu.externaltools.gnu-tools-for-stm32.12.3.rel1.win32_1.0.200.202406191623/tools/bin/../lib/gcc/arm-none-eabi/12.3.1/../../../../arm-none-eabi/lib/thumb/v7-m/nofp/crt0.o (memset)
D:/ST/STM32CubeIDE_1.16.0/STM32CubeIDE/plugins/com.st.stm32cube.ide.mcu.externaltools.gnu-tools-for-stm32.12.3.rel1.win32_1.0.200.202406191623/tools/bin/../lib/gcc/arm-none-eabi/12.3.1/../../../../arm-none-eabi/lib/thumb/v7-m/nofp\libc_nano.a(libc_a-closer.o)
                              D:/ST/STM32CubeIDE_1.16.0/STM32CubeIDE/plugins/com.st.stm32cube.ide.mcu.externaltools.gnu-tools-for-stm32.12.3.rel1.win32_1.0.200.202406191623/tools/bin/../lib/gcc/arm-none-eabi/12.3.1/../../../../arm-none-eabi/lib/thumb/v7-m/nofp\libc_nano.a(libc_a-stdio.o) (_close_r)
D:/ST/STM32CubeIDE_1.16.0/STM32CubeIDE/plugins/com.st.stm32cube.ide.mcu.externaltools.gnu-tools-for-stm32.12.3.rel1.win32_1.0.200.202406191623/tools/bin/../lib/gcc/arm-none-eabi/12.3.1/../../../../arm-none-eabi/lib/thumb/v7-m/nofp\libc_nano.a(libc_a-reent.o)
                              D:/ST/STM32CubeIDE_1.16.0/STM32CubeIDE/plugins/com.st.stm32cube.ide.mcu.externaltools.gnu-tools-for-stm32.12.3.rel1.win32_1.0.200.202406191623/tools/bin/../lib/gcc/arm-none-eabi/12.3.1/../../../../arm-none-eabi/lib/thumb/v7-m/nofp\libc_nano.a(libc_a-closer.o) (errno)
D:/ST/STM32CubeIDE_1.16.0/STM32CubeIDE/plugins/com.st.stm32cube.ide.mcu.externaltools.gnu-tools-for-stm32.12.3.rel1.win32_1.0.200.202406191623/tools/bin/../lib/gcc/arm-none-eabi/12.3.1/../../../../arm-none-eabi/lib/thumb/v7-m/nofp\libc_nano.a(libc_a-impure.o)
[...]
Memory Configuration

Name             Origin             Length             Attributes
RAM              0x20000000         0x0000c000         xrw
FLASH            0x08000000         0x00040000         xr
*default*        0x00000000         0xffffffff

Linker script and memory map

LOAD D:/ST/STM32CubeIDE_1.16.0/STM32CubeIDE/plugins/com.st.stm32cube.ide.mcu.externaltools.gnu-tools-for-stm32.12.3.rel1.win32_1.0.200.202406191623/tools/bin/../lib/gcc/arm-none-eabi/12.3.1/thumb/v7-m/nofp/crti.o
LOAD D:/ST/STM32CubeIDE_1.16.0/STM32CubeIDE/plugins/com.st.stm32cube.ide.mcu.externaltools.gnu-tools-for-stm32.12.3.rel1.win32_1.0.200.202406191623/tools/bin/../lib/gcc/arm-none-eabi/12.3.1/thumb/v7-m/nofp/crtbegin.o
LOAD D:/ST/STM32CubeIDE_1.16.0/STM32CubeIDE/plugins/com.st.stm32cube.ide.mcu.externaltools.gnu-tools-for-stm32.12.3.rel1.win32_1.0.200.202406191623/tools/bin/../lib/gcc/arm-none-eabi/12.3.1/../../../../arm-none-eabi/lib/thumb/v7-m/nofp/crt0.o
LOAD ./Core/Src/24cxx.o
LOAD ./Core/Src/ctiic.o
LOAD ./Core/Src/delay.o
LOAD ./Core/Src/ft5206.o
LOAD ./Core/Src/gt9147.o
LOAD ./Core/Src/key.o
LOAD ./Core/Src/lcd.o
LOAD ./Core/Src/led.o
LOAD ./Core/Src/main.o
LOAD ./Core/Src/myiic.o
LOAD ./Core/Src/ott2001a.o
LOAD ./Core/Src/stm32f1xx_hal_msp.o
LOAD ./Core/Src/stm32f1xx_it.o
LOAD ./Core/Src/sys.o
LOAD ./Core/Src/syscalls.o
LOAD ./Core/Src/sysmem.o
LOAD ./Core/Src/system_stm32f1xx.o
LOAD ./Core/Src/touch.o
LOAD ./Core/Startup/startup_stm32f103rctx.o
LOAD ./Drivers/STM32F1xx_HAL_Driver/Src/stm32f1xx_hal.o
LOAD ./Drivers/STM32F1xx_HAL_Driver/Src/stm32f1xx_hal_cortex.o
LOAD ./Drivers/STM32F1xx_HAL_Driver/Src/stm32f1xx_hal_dma.o
LOAD ./Drivers/STM32F1xx_HAL_Driver/Src/stm32f1xx_hal_exti.o
LOAD ./Drivers/STM32F1xx_HAL_Driver/Src/stm32f1xx_hal_flash.o
LOAD ./Drivers/STM32F1xx_HAL_Driver/Src/stm32f1xx_hal_flash_ex.o
LOAD ./Drivers/STM32F1xx_HAL_Driver/Src/stm32f1xx_hal_gpio.o
LOAD ./Drivers/STM32F1xx_HAL_Driver/Src/stm32f1xx_hal_gpio_ex.o
LOAD ./Drivers/STM32F1xx_HAL_Driver/Src/stm32f1xx_hal_pwr.o
LOAD ./Drivers/STM32F1xx_HAL_Driver/Src/stm32f1xx_hal_rcc.o
LOAD ./Drivers/STM32F1xx_HAL_Driver/Src/stm32f1xx_hal_rcc_ex.o
LOAD ./Drivers/STM32F1xx_HAL_Driver/Src/stm32f1xx_hal_tim.o
LOAD ./Drivers/STM32F1xx_HAL_Driver/Src/stm32f1xx_hal_tim_ex.o
LOAD ./Drivers/STM32F1xx_HAL_Driver/Src/stm32f1xx_hal_uart.o
START GROUP
LOAD D:/ST/STM32CubeIDE_1.16.0/STM32CubeIDE/plugins/com.st.stm32cube.ide.mcu.externaltools.gnu-tools-for-stm32.12.3.rel1.win32_1.0.200.202406191623/tools/bin/../lib/gcc/arm-none-eabi/12.3.1/../../../../arm-none-eabi/lib/thumb/v7-m/nofp\libc_nano.a
LOAD D:/ST/STM32CubeIDE_1.16.0/STM32CubeIDE/plugins/com.st.stm32cube.ide.mcu.externaltools.gnu-tools-for-stm32.12.3.rel1.win32_1.0.200.202406191623/tools/bin/../lib/gcc/arm-none-eabi/12.3.1/../../../../arm-none-eabi/lib/thumb/v7-m/nofp\libm.a
END GROUP
START GROUP
LOAD D:/ST/STM32CubeIDE_1.16.0/STM32CubeIDE/plugins/com.st.stm32cube.ide.mcu.externaltools.gnu-tools-for-stm32.12.3.rel1.win32_1.0.200.202406191623/tools/bin/../lib/gcc/arm-none-eabi/12.3.1/thumb/v7-m/nofp\libgcc.a
LOAD D:/ST/STM32CubeIDE_1.16.0/STM32CubeIDE/plugins/com.st.stm32cube.ide.mcu.externaltools.gnu-tools-for-stm32.12.3.rel1.win32_1.0.200.202406191623/tools/bin/../lib/gcc/arm-none-eabi/12.3.1/../../../../arm-none-eabi/lib/thumb/v7-m/nofp\libc_nano.a
END GROUP
START GROUP
LOAD D:/ST/STM32CubeIDE_1.16.0/STM32CubeIDE/plugins/com.st.stm32cube.ide.mcu.externaltools.gnu-tools-for-stm32.12.3.rel1.win32_1.0.200.202406191623/tools/bin/../lib/gcc/arm-none-eabi/12.3.1/thumb/v7-m/nofp\libgcc.a
LOAD D:/ST/STM32CubeIDE_1.16.0/STM32CubeIDE/plugins/com.st.stm32cube.ide.mcu.externaltools.gnu-tools-for-stm32.12.3.rel1.win32_1.0.200.202406191623/tools/bin/../lib/gcc/arm-none-eabi/12.3.1/../../../../arm-none-eabi/lib/thumb/v7-m/nofp\libc_nano.a
LOAD D:/ST/STM32CubeIDE_1.16.0/STM32CubeIDE/plugins/com.st.stm32cube.ide.mcu.externaltools.gnu-tools-for-stm32.12.3.rel1.win32_1.0.200.202406191623/tools/bin/../lib/gcc/arm-none-eabi/12.3.1/../../../../arm-none-eabi/lib/thumb/v7-m/nofp\libnosys.a
END GROUP
START GROUP
LOAD D:/ST/STM32CubeIDE_1.16.0/STM32CubeIDE/plugins/com.st.stm32cube.ide.mcu.externaltools.gnu-tools-for-stm32.12.3.rel1.win32_1.0.200.202406191623/tools/bin/../lib/gcc/arm-none-eabi/12.3.1/thumb/v7-m/nofp\libgcc.a
LOAD D:/ST/STM32CubeIDE_1.16.0/STM32CubeIDE/plugins/com.st.stm32cube.ide.mcu.externaltools.gnu-tools-for-stm32.12.3.rel1.win32_1.0.200.202406191623/tools/bin/../lib/gcc/arm-none-eabi/12.3.1/../../../../arm-none-eabi/lib/thumb/v7-m/nofp\libc_nano.a
LOAD D:/ST/STM32CubeIDE_1.16.0/STM32CubeIDE/plugins/com.st.stm32cube.ide.mcu.externaltools.gnu-tools-for-stm32.12.3.rel1.win32_1.0.200.202406191623/tools/bin/../lib/gcc/arm-none-eabi/12.3.1/../../../../arm-none-eabi/lib/thumb/v7-m/nofp\libnosys.a
END GROUP
LOAD D:/ST/STM32CubeIDE_1.16.0/STM32CubeIDE/plugins/com.st.stm32cube.ide.mcu.externaltools.gnu-tools-for-stm32.12.3.rel1.win32_1.0.200.202406191623/tools/bin/../lib/gcc/arm-none-eabi/12.3.1/thumb/v7-m/nofp/crtend.o
LOAD D:/ST/STM32CubeIDE_1.16.0/STM32CubeIDE/plugins/com.st.stm32cube.ide.mcu.externaltools.gnu-tools-for-stm32.12.3.rel1.win32_1.0.200.202406191623/tools/bin/../lib/gcc/arm-none-eabi/12.3.1/thumb/v7-m/nofp/crtn.o
                0x2000c000                        _estack = (ORIGIN (RAM) + LENGTH (RAM))
                0x00000200                        _Min_Heap_Size = 0x200
                0x00000400                        _Min_Stack_Size = 0x400

.isr_vector     0x08000000      0x1e4
                0x08000000                        . = ALIGN (0x4)
 *(.isr_vector)
 .isr_vector    0x08000000      0x1e4 ./Core/Startup/startup_stm32f103rctx.o
                0x08000000                g_pfnVectors
                0x080001e4                        . = ALIGN (0x4)

.text           0x080001e8     0xe2ec
                0x080001e8                        . = ALIGN (0x4)
 *(.text)
 .text          0x080001e8       0x40 D:/ST/STM32CubeIDE_1.16.0/STM32CubeIDE/plugins/com.st.stm32cube.ide.mcu.externaltools.gnu-tools-for-stm32.12.3.rel1.win32_1.0.200.202406191623/tools/bin/../lib/gcc/arm-none-eabi/12.3.1/thumb/v7-m/nofp/crtbegin.o
 .text          0x08000228       0x14 D:/ST/STM32CubeIDE_1.16.0/STM32CubeIDE/plugins/com.st.stm32cube.ide.mcu.externaltools.gnu-tools-for-stm32.12.3.rel1.win32_1.0.200.202406191623/tools/bin/../lib/gcc/arm-none-eabi/12.3.1/../../../../arm-none-eabi/lib/thumb/v7-m/nofp\libc_nano.a(libc_a-strcmp.o)
                0x08000228                strcmp
 .text          0x0800023c       0x10 D:/ST/STM32CubeIDE_1.16.0/STM32CubeIDE/plugins/com.st.stm32cube.ide.mcu.externaltools.gnu-tools-for-stm32.12.3.rel1.win32_1.0.200.202406191623/tools/bin/../lib/gcc/arm-none-eabi/12.3.1/../../../../arm-none-eabi/lib/thumb/v7-m/nofp\libc_nano.a(libc_a-strlen.o)
                0x0800023c                strlen
 .text          0x0800024c      0x378 D:/ST/STM32CubeIDE_1.16.0/STM32CubeIDE/plugins/com.st.stm32cube.ide.mcu.externaltools.gnu-tools-for-stm32.12.3.rel1.win32_1.0.200.202406191623/tools/bin/../lib/gcc/arm-none-eabi/12.3.1/thumb/v7-m/nofp\libgcc.a(_arm_addsubdf3.o)
                0x0800024c                __aeabi_drsub
                0x08000254                __aeabi_dsub
                0x08000254                __subdf3
                0x08000258                __aeabi_dadd
                0x08000258                __adddf3
                0x080004d0                __floatunsidf
                0x080004d0                __aeabi_ui2d
                0x080004f0                __floatsidf
                0x080004f0                __aeabi_i2d
                0x08000514                __aeabi_f2d
                0x08000514                __extendsfdf2
                0x08000558                __floatundidf
                0x08000558                __aeabi_ul2d
                0x08000568                __floatdidf
                0x08000568                __aeabi_l2d
 .text          0x080005c4      0x424 D:/ST/STM32CubeIDE_1.16.0/STM32CubeIDE/plugins/com.st.stm32cube.ide.mcu.externaltools.gnu-tools-for-stm32.12.3.rel1.win32_1.0.200.202406191623/tools/bin/../lib/gcc/arm-none-eabi/12.3.1/thumb/v7-m/nofp\libgcc.a(_arm_muldivdf3.o)
                0x080005c4                __aeabi_dmul
                0x080005c4                __muldf3
                0x08000818                __divdf3
                0x08000818                __aeabi_ddiv
 .text          0x080009e8      0x110 D:/ST/STM32CubeIDE_1.16.0/STM32CubeIDE/plugins/com.st.stm32cube.ide.mcu.externaltools.gnu-tools-for-stm32.12.3.rel1.win32_1.0.200.202406191623/tools/bin/../lib/gcc/arm-none-eabi/12.3.1/thumb/v7-m/nofp\libgcc.a(_arm_cmpdf2.o)
                0x080009e8                __gtdf2
                0x080009e8                __gedf2
                0x080009f0                __ltdf2
                0x080009f0                __ledf2
                0x080009f8                __nedf2
                0x080009f8                __eqdf2
                0x080009f8                __cmpdf2
                0x08000a74                __aeabi_cdrcmple
                0x08000a84                __aeabi_cdcmpeq
                0x08000a84                __aeabi_cdcmple
                0x08000a94                __aeabi_dcmpeq
                0x08000aa8                __aeabi_dcmplt
                0x08000abc                __aeabi_dcmple
                0x08000ad0                __aeabi_dcmpge
                0x08000ae4                __aeabi_dcmpgt
 .text          0x08000af8       0x2c D:/ST/STM32CubeIDE_1.16.0/STM32CubeIDE/plugins/com.st.stm32cube.ide.mcu.externaltools.gnu-tools-for-stm32.12.3.rel1.win32_1.0.200.202406191623/tools/bin/../lib/gcc/arm-none-eabi/12.3.1/thumb/v7-m/nofp\libgcc.a(_arm_unorddf2.o)
                0x08000af8                __unorddf2
                0x08000af8                __aeabi_dcmpun
 .text          0x08000b24       0x40 D:/ST/STM32CubeIDE_1.16.0/STM32CubeIDE/plugins/com.st.stm32cube.ide.mcu.externaltools.gnu-tools-for-stm32.12.3.rel1.win32_1.0.200.202406191623/tools/bin/../lib/gcc/arm-none-eabi/12.3.1/thumb/v7-m/nofp\libgcc.a(_arm_fixunsdfsi.o)
                0x08000b24                __aeabi_d2uiz
                0x08000b24                __fixunsdfsi
 .text          0x08000b64      0x21c D:/ST/STM32CubeIDE_1.16.0/STM32CubeIDE/plugins/com.st.stm32cube.ide.mcu.externaltools.gnu-tools-for-stm32.12.3.rel1.win32_1.0.200.202406191623/tools/bin/../lib/gcc/arm-none-eabi/12.3.1/thumb/v7-m/nofp\libgcc.a(_arm_addsubsf3.o)
                0x08000b64                __aeabi_frsub
                0x08000b6c                __subsf3
                0x08000b6c                __aeabi_fsub
                0x08000b70                __aeabi_fadd
                0x08000b70                __addsf3
                0x08000cd0                __aeabi_ui2f
                0x08000cd0                __floatunsisf
                0x08000cd8                __aeabi_i2f
                0x08000cd8                __floatsisf
                0x08000cf4                __aeabi_ul2f
                0x08000cf4                __floatundisf
                0x08000d04                __aeabi_l2f
                0x08000d04                __floatdisf
 .text          0x08000d80      0x2a0 D:/ST/STM32CubeIDE_1.16.0/STM32CubeIDE/plugins/com.st.stm32cube.ide.mcu.externaltools.gnu-tools-for-stm32.12.3.rel1.win32_1.0.200.202406191623/tools/bin/../lib/gcc/arm-none-eabi/12.3.1/thumb/v7-m/nofp\libgcc.a(_arm_muldivsf3.o)
                0x08000d80                __mulsf3
                0x08000d80                __aeabi_fmul
                0x08000ee8                __aeabi_fdiv
                0x08000ee8                __divsf3
 .text          0x08001020       0x4c D:/ST/STM32CubeIDE_1.16.0/STM32CubeIDE/plugins/com.st.stm32cube.ide.mcu.externaltools.gnu-tools-for-stm32.12.3.rel1.win32_1.0.200.202406191623/tools/bin/../lib/gcc/arm-none-eabi/12.3.1/thumb/v7-m/nofp\libgcc.a(_arm_fixsfsi.o)
                0x08001020                __aeabi_f2iz
                0x08001020                __fixsfsi
 .text          0x0800106c       0x40 D:/ST/STM32CubeIDE_1.16.0/STM32CubeIDE/plugins/com.st.stm32cube.ide.mcu.externaltools.gnu-tools-for-stm32.12.3.rel1.win32_1.0.200.202406191623/tools/bin/../lib/gcc/arm-none-eabi/12.3.1/thumb/v7-m/nofp\libgcc.a(_arm_fixunssfsi.o)
                0x0800106c                __fixunssfsi
                0x0800106c                __aeabi_f2uiz
 *(.text*)
 .text.AT24CXX_Init
                0x080010ac        0xc ./Core/Src/24cxx.o
                0x080010ac                AT24CXX_Init
 .text.AT24CXX_ReadOneByte
                0x080010b8       0x5a ./Core/Src/24cxx.o
                0x080010b8                AT24CXX_ReadOneByte
 .text.AT24CXX_WriteOneByte
                0x08001112       0x54 ./Core/Src/24cxx.o
                0x08001112                AT24CXX_WriteOneByte
 .text.AT24CXX_Read
                0x08001166       0x3e ./Core/Src/24cxx.o
                0x08001166                AT24CXX_Read
 .text.AT24CXX_Write
                0x080011a4       0x40 ./Core/Src/24cxx.o
                0x080011a4                AT24CXX_Write
 .text.CT_Delay
                0x080011e4        0xe ./Core/Src/ctiic.o
                0x080011e4                CT_Delay
 *fill*         0x080011f2        0x2 
 .text.CT_IIC_Init
                0x080011f4       0x60 ./Core/Src/ctiic.o
                0x080011f4                CT_IIC_Init
 .text.CT_IIC_Start
                0x08001254       0x50 ./Core/Src/ctiic.o
                0x08001254                CT_IIC_Start
 .text.CT_IIC_Stop
                0x080012a4       0x48 ./Core/Src/ctiic.o
                0x080012a4                CT_IIC_Stop
 .text.CT_IIC_Wait_Ack
                0x080012ec       0x74 ./Core/Src/ctiic.o
                0x080012ec                CT_IIC_Wait_Ack
 .text.CT_IIC_Ack
                0x08001360       0x50 ./Core/Src/ctiic.o
                0x08001360                CT_IIC_Ack
 .text.CT_IIC_NAck
                0x080013b0       0x50 ./Core/Src/ctiic.o
                0x080013b0                CT_IIC_NAck
 .text.CT_IIC_Send_Byte
                0x08001400       0x78 ./Core/Src/ctiic.o
                0x08001400                CT_IIC_Send_Byte
 .text.CT_IIC_Read_Byte
                0x08001478       0x88 ./Core/Src/ctiic.o
                0x08001478                CT_IIC_Read_Byte
 .text.delay_us
                0x08001500       0x7c ./Core/Src/delay.o
                0x08001500                delay_us
 .text.delay_ms
                0x0800157c       0x30 ./Core/Src/delay.o
                0x0800157c                delay_ms
 .text.FT5206_WR_Reg
                0x080015ac       0x72 ./Core/Src/ft5206.o
                0x080015ac                FT5206_WR_Reg
 .text.FT5206_RD_Reg
                0x0800161e       0x7c ./Core/Src/ft5206.o
                0x0800161e                FT5206_RD_Reg
 *fill*         0x0800169a        0x2 
 .text.FT5206_Init
                0x0800169c       0xf4 ./Core/Src/ft5206.o
                0x0800169c                FT5206_Init
 .text.FT5206_Scan
                0x08001790      0x22c ./Core/Src/ft5206.o
                0x08001790                FT5206_Scan
 .text.GT9147_Send_Cfg
                0x080019bc       0x68 ./Core/Src/gt9147.o
                0x080019bc                GT9147_Send_Cfg
 .text.GT9147_WR_Reg
                0x08001a24       0x84 ./Core/Src/gt9147.o
                0x08001a24                GT9147_WR_Reg
 .text.GT9147_RD_Reg
                0x08001aa8       0x8e ./Core/Src/gt9147.o
                0x08001aa8                GT9147_RD_Reg
 *fill*         0x08001b36        0x2 
 .text.GT9147_Init
                0x08001b38      0x138 ./Core/Src/gt9147.o
                0x08001b38                GT9147_Init
 .text.GT9147_Scan
                0x08001c70      0x268 ./Core/Src/gt9147.o
                0x08001c70                GT9147_Scan
 .text.KEY_Init
                0x08001ed8       0x90 ./Core/Src/key.o
                0x08001ed8                KEY_Init
 .text.KEY_Scan
                0x08001f68       0xdc ./Core/Src/key.o
                0x08001f68                KEY_Scan
 .text.LCD_WR_REG
                0x08002044       0x48 ./Core/Src/lcd.o
                0x08002044                LCD_WR_REG
 .text.lcd_showpic
                0x0800208c       0x96 ./Core/Src/lcd.o
                0x0800208c                lcd_showpic
 .text.lcd_rm_pic_w
                0x08002122       0x56 ./Core/Src/lcd.o
                0x08002122                lcd_rm_pic_w
 .text.LCD_WR_DATAX
                0x08002178       0x48 ./Core/Src/lcd.o
                0x08002178                LCD_WR_DATAX
 .text.opt_delay
                0x080021c0       0x22 ./Core/Src/lcd.o
                0x080021c0                opt_delay
 *fill*         0x080021e2        0x2 
 .text.LCD_RD_DATA
                0x080021e4       0x78 ./Core/Src/lcd.o
                0x080021e4                LCD_RD_DATA
 .text.LCD_WriteReg
                0x0800225c       0x54 ./Core/Src/lcd.o
                0x0800225c                LCD_WriteReg
 .text.LCD_WriteRAM_Prepare
                0x080022b0       0x18 ./Core/Src/lcd.o
                0x080022b0                LCD_WriteRAM_Prepare
 .text.LCD_SetCursor
                0x080022c8      0x454 ./Core/Src/lcd.o
                0x080022c8                LCD_SetCursor
 .text.LCD_Scan_Dir
                0x0800271c      0x528 ./Core/Src/lcd.o
                0x0800271c                LCD_Scan_Dir
 .text.LCD_DrawPoint
                0x08002c44       0x60 ./Core/Src/lcd.o
                0x08002c44                LCD_DrawPoint
 .text.LCD_Fast_DrawPoint
                0x08002ca4      0x3f4 ./Core/Src/lcd.o
                0x08002ca4                LCD_Fast_DrawPoint
 .text.LCD_SSD_BackLightSet
                0x08003098      0x148 ./Core/Src/lcd.o
                0x08003098                LCD_SSD_BackLightSet
 .text.LCD_Display_Dir
                0x080031e0      0x170 ./Core/Src/lcd.o
                0x080031e0                LCD_Display_Dir
 .text.LCD_Init
                0x08003350     0x2c24 ./Core/Src/lcd.o
                0x08003350                LCD_Init
 .text.LCD_Clear
                0x08005f74       0x84 ./Core/Src/lcd.o
                0x08005f74                LCD_Clear
 .text.LCD_Fill
                0x08005ff8       0xa4 ./Core/Src/lcd.o
                0x08005ff8                LCD_Fill
 .text.LCD_DrawLine
                0x0800609c      0x108 ./Core/Src/lcd.o
                0x0800609c                LCD_DrawLine
 .text.LCD_Draw_Circle
                0x080061a4      0x13a ./Core/Src/lcd.o
                0x080061a4                LCD_Draw_Circle
 *fill*         0x080062de        0x2 
 .text.LCD_ShowChar
                0x080062e0      0x140 ./Core/Src/lcd.o
                0x080062e0                LCD_ShowChar
 .text.LCD_Pow  0x08006420       0x36 ./Core/Src/lcd.o
                0x08006420                LCD_Pow
 *fill*         0x08006456        0x2 
 .text.LCD_ShowNum
                0x08006458       0xe4 ./Core/Src/lcd.o
                0x08006458                LCD_ShowNum
 .text.LCD_ShowString
                0x0800653c       0x9a ./Core/Src/lcd.o
                0x0800653c                LCD_ShowString
 .text.LCD_Fast_DrawSquare
                0x080065d6       0x70 ./Core/Src/lcd.o
                0x080065d6                LCD_Fast_DrawSquare
 *fill*         0x08006646        0x2 
 .text.LCD_draw_round_rect
                0x08006648      0x2b4 ./Core/Src/lcd.o
                0x08006648                LCD_draw_round_rect
 .text.LED_Init
                0x080068fc       0x90 ./Core/Src/led.o
                0x080068fc                LED_Init
 .text.reset_board
                0x0800698c       0x3c ./Core/Src/main.o
                0x0800698c                reset_board
 .text.draw_board_line
                0x080069c8      0x148 ./Core/Src/main.o
                0x080069c8                draw_board_line
 .text.draw_board
                0x08006b10      0x148 ./Core/Src/main.o
                0x08006b10                draw_board
 .text.draw_block
                0x08006c58       0x64 ./Core/Src/main.o
                0x08006c58                draw_block
 .text.reset_path
                0x08006cbc       0x70 ./Core/Src/main.o
                0x08006cbc                reset_path
 .text.valid_path
                0x08006d2c       0x9c ./Core/Src/main.o
                0x08006d2c                valid_path
 .text.bluetooth_state
                0x08006dc8       0x94 ./Core/Src/main.o
                0x08006dc8                bluetooth_state
 .text.T3_state
                0x08006e5c      0x268 ./Core/Src/main.o
                0x08006e5c                T3_state
 .text.rtp_test
                0x080070c4     0x1868 ./Core/Src/main.o
                0x080070c4                rtp_test
 .text.main     0x0800892c       0x60 ./Core/Src/main.o
                0x0800892c                main
 .text.SystemClock_Config
                0x0800898c       0x8a ./Core/Src/main.o
                0x0800898c                SystemClock_Config
 *fill*         0x08008a16        0x2 
 .text.MX_USART1_UART_Init
                0x08008a18       0x54 ./Core/Src/main.o
 .text.MX_DMA_Init
                0x08008a6c       0x4c ./Core/Src/main.o
 .text.MX_GPIO_Init
                0x08008ab8       0x44 ./Core/Src/main.o
 .text.Error_Handler
                0x08008afc        0xc ./Core/Src/main.o
                0x08008afc                Error_Handler
 .text.IIC_Init
                0x08008b08       0x60 ./Core/Src/myiic.o
                0x08008b08                IIC_Init
 .text.IIC_Start
                0x08008b68       0x50 ./Core/Src/myiic.o
                0x08008b68                IIC_Start
 .text.IIC_Stop
                0x08008bb8       0x50 ./Core/Src/myiic.o
                0x08008bb8                IIC_Stop
 .text.IIC_Wait_Ack
                0x08008c08       0x78 ./Core/Src/myiic.o
                0x08008c08                IIC_Wait_Ack
 .text.IIC_Ack  0x08008c80       0x50 ./Core/Src/myiic.o
                0x08008c80                IIC_Ack
 .text.IIC_NAck
                0x08008cd0       0x50 ./Core/Src/myiic.o
                0x08008cd0                IIC_NAck
 .text.IIC_Send_Byte
                0x08008d20       0x80 ./Core/Src/myiic.o
                0x08008d20                IIC_Send_Byte
 .text.IIC_Read_Byte
                0x08008da0       0x8c ./Core/Src/myiic.o
                0x08008da0                IIC_Read_Byte
 .text.OTT2001A_WR_Reg
                0x08008e2c       0x84 ./Core/Src/ott2001a.o
                0x08008e2c                OTT2001A_WR_Reg
 .text.OTT2001A_RD_Reg
                0x08008eb0       0x8e ./Core/Src/ott2001a.o
                0x08008eb0                OTT2001A_RD_Reg
 .text.OTT2001A_SensorControl
                0x08008f3e       0x30 ./Core/Src/ott2001a.o
                0x08008f3e                OTT2001A_SensorControl
 *fill*         0x08008f6e        0x2 
 .text.OTT2001A_Init
                0x08008f70       0xb0 ./Core/Src/ott2001a.o
                0x08008f70                OTT2001A_Init
 .text.OTT2001A_Scan
                0x08009020      0x254 ./Core/Src/ott2001a.o
                0x08009020                OTT2001A_Scan
 .text.HAL_MspInit
                0x08009274       0x64 ./Core/Src/stm32f1xx_hal_msp.o
                0x08009274                HAL_MspInit
 .text.HAL_UART_MspInit
                0x080092d8      0x154 ./Core/Src/stm32f1xx_hal_msp.o
                0x080092d8                HAL_UART_MspInit
 .text.NMI_Handler
                0x0800942c        0x8 ./Core/Src/stm32f1xx_it.o
                0x0800942c                NMI_Handler
 .text.HardFault_Handler
                0x08009434        0x8 ./Core/Src/stm32f1xx_it.o
                0x08009434                HardFault_Handler
 .text.MemManage_Handler
                0x0800943c        0x8 ./Core/Src/stm32f1xx_it.o
                0x0800943c                MemManage_Handler
 .text.BusFault_Handler
                0x08009444        0x8 ./Core/Src/stm32f1xx_it.o
                0x08009444                BusFault_Handler
 .text.UsageFault_Handler
                0x0800944c        0x8 ./Core/Src/stm32f1xx_it.o
                0x0800944c                UsageFault_Handler
 .text.SVC_Handler
                0x08009454        0xc ./Core/Src/stm32f1xx_it.o
                0x08009454                SVC_Handler
 .text.DebugMon_Handler
                0x08009460        0xc ./Core/Src/stm32f1xx_it.o
                0x08009460                DebugMon_Handler
 .text.PendSV_Handler
                0x0800946c        0xc ./Core/Src/stm32f1xx_it.o
                0x0800946c                PendSV_Handler
 .text.SysTick_Handler
                0x08009478        0xc ./Core/Src/stm32f1xx_it.o
                0x08009478                SysTick_Handler
 .text.DMA1_Channel4_IRQHandler
                0x08009484       0x14 ./Core/Src/stm32f1xx_it.o
                0x08009484                DMA1_Channel4_IRQHandler
 .text.DMA1_Channel5_IRQHandler
                0x08009498       0x14 ./Core/Src/stm32f1xx_it.o
                0x08009498                DMA1_Channel5_IRQHandler
 .text.USART1_IRQHandler
                0x080094ac       0x14 ./Core/Src/stm32f1xx_it.o
                0x080094ac                USART1_IRQHandler
 .text.HAL_UARTEx_RxEventCallback
                0x080094c0       0xec ./Core/Src/stm32f1xx_it.o
                0x080094c0                HAL_UARTEx_RxEventCallback
 .text._read    0x080095ac       0x3a ./Core/Src/syscalls.o
                0x080095ac                _read
 .text._write   0x080095e6       0x38 ./Core/Src/syscalls.o
                0x080095e6                _write
 .text._close   0x0800961e       0x16 ./Core/Src/syscalls.o
                0x0800961e                _close
 .text._fstat   0x08009634       0x1e ./Core/Src/syscalls.o
                0x08009634                _fstat
 .text._isatty  0x08009652       0x14 ./Core/Src/syscalls.o
                0x08009652                _isatty
 .text._lseek   0x08009666       0x18 ./Core/Src/syscalls.o
                0x08009666                _lseek
 *fill*         0x0800967e        0x2 
 .text._sbrk    0x08009680       0x6c ./Core/Src/sysmem.o
                0x08009680                _sbrk
 .text.SystemInit
                0x080096ec        0xc ./Core/Src/system_stm32f1xx.o
                0x080096ec                SystemInit
 .text.TP_Write_Byte
                0x080096f8       0x60 ./Core/Src/touch.o
                0x080096f8                TP_Write_Byte
 .text.TP_Read_AD
                0x08009758       0xb0 ./Core/Src/touch.o
                0x08009758                TP_Read_AD
 .text.TP_Read_XOY
                0x08009808       0xf4 ./Core/Src/touch.o
                0x08009808                TP_Read_XOY
 .text.TP_Read_XY
                0x080098fc       0x44 ./Core/Src/touch.o
                0x080098fc                TP_Read_XY
 .text.TP_Read_XY2
                0x08009940       0xc4 ./Core/Src/touch.o
                0x08009940                TP_Read_XY2
 .text.TP_Drow_Touch_Point
                0x08009a04       0xa8 ./Core/Src/touch.o
                0x08009a04                TP_Drow_Touch_Point
 .text.TP_Scan  0x08009aac      0x13c ./Core/Src/touch.o
                0x08009aac                TP_Scan
 .text.TP_Save_Adjdata
                0x08009be8       0x20 ./Core/Src/touch.o
                0x08009be8                TP_Save_Adjdata
 .text.TP_Get_Adjdata
                0x08009c08       0x64 ./Core/Src/touch.o
                0x08009c08                TP_Get_Adjdata
 .text.TP_Adj_Info_Show
                0x08009c6c      0x1c4 ./Core/Src/touch.o
                0x08009c6c                TP_Adj_Info_Show
 .text.TP_Adjust
                0x08009e30      0x8a0 ./Core/Src/touch.o
                0x08009e30                TP_Adjust
 .text.TP_Init  0x0800a6d0      0x154 ./Core/Src/touch.o
                0x0800a6d0                TP_Init
 .text.Reset_Handler
                0x0800a824       0x48 ./Core/Startup/startup_stm32f103rctx.o
                0x0800a824                Reset_Handler
 .text.Default_Handler
                0x0800a86c        0x2 ./Core/Startup/startup_stm32f103rctx.o
                0x0800a86c                RTC_Alarm_IRQHandler
                0x0800a86c                EXTI2_IRQHandler
                0x0800a86c                TIM8_TRG_COM_IRQHandler
                0x0800a86c                TIM8_CC_IRQHandler
                0x0800a86c                TIM1_CC_IRQHandler
                0x0800a86c                TIM6_IRQHandler
                0x0800a86c                PVD_IRQHandler
                0x0800a86c                SDIO_IRQHandler
                0x0800a86c                EXTI3_IRQHandler
                0x0800a86c                EXTI0_IRQHandler
                0x0800a86c                I2C2_EV_IRQHandler
                0x0800a86c                ADC1_2_IRQHandler
                0x0800a86c                SPI1_IRQHandler
                0x0800a86c                TAMPER_IRQHandler
                0x0800a86c                TIM8_UP_IRQHandler
                0x0800a86c                DMA2_Channel2_IRQHandler
                0x0800a86c                USART3_IRQHandler
                0x0800a86c                RTC_IRQHandler
                0x0800a86c                DMA1_Channel7_IRQHandler
                0x0800a86c                CAN1_RX1_IRQHandler
                0x0800a86c                UART5_IRQHandler
                0x0800a86c                ADC3_IRQHandler
                0x0800a86c                TIM4_IRQHandler
                0x0800a86c                DMA2_Channel1_IRQHandler
                0x0800a86c                I2C1_EV_IRQHandler
                0x0800a86c                DMA1_Channel6_IRQHandler
                0x0800a86c                UART4_IRQHandler
                0x0800a86c                TIM3_IRQHandler
                0x0800a86c                RCC_IRQHandler
                0x0800a86c                TIM1_TRG_COM_IRQHandler
                0x0800a86c                DMA1_Channel1_IRQHandler
                0x0800a86c                Default_Handler
                0x0800a86c                EXTI15_10_IRQHandler
                0x0800a86c                TIM7_IRQHandler
                0x0800a86c                TIM5_IRQHandler
                0x0800a86c                EXTI9_5_IRQHandler
                0x0800a86c                SPI2_IRQHandler
                0x0800a86c                EXTI4_IRQHandler
                0x0800a86c                USB_LP_CAN1_RX0_IRQHandler
                0x0800a86c                USB_HP_CAN1_TX_IRQHandler
                0x0800a86c                DMA1_Channel3_IRQHandler
                0x0800a86c                FSMC_IRQHandler
                0x0800a86c                TIM1_UP_IRQHandler
                0x0800a86c                WWDG_IRQHandler
                0x0800a86c                TIM2_IRQHandler
                0x0800a86c                TIM1_BRK_IRQHandler
                0x0800a86c                EXTI1_IRQHandler
                0x0800a86c                DMA2_Channel4_5_IRQHandler
                0x0800a86c                USART2_IRQHandler
                0x0800a86c                I2C2_ER_IRQHandler
                0x0800a86c                DMA1_Channel2_IRQHandler
                0x0800a86c                TIM8_BRK_IRQHandler
                0x0800a86c                CAN1_SCE_IRQHandler
                0x0800a86c                FLASH_IRQHandler
                0x0800a86c                SPI3_IRQHandler
                0x0800a86c                I2C1_ER_IRQHandler
                0x0800a86c                USBWakeUp_IRQHandler
                0x0800a86c                DMA2_Channel3_IRQHandler
 *fill*         0x0800a86e        0x2 
 .text.HAL_Init
                0x0800a870       0x2c ./Drivers/STM32F1xx_HAL_Driver/Src/stm32f1xx_hal.o
                0x0800a870                HAL_Init
 .text.HAL_InitTick
                0x0800a89c       0x60 ./Drivers/STM32F1xx_HAL_Driver/Src/stm32f1xx_hal.o
                0x0800a89c                HAL_InitTick
 .text.HAL_IncTick
                0x0800a8fc       0x24 ./Drivers/STM32F1xx_HAL_Driver/Src/stm32f1xx_hal.o
                0x0800a8fc                HAL_IncTick
 .text.HAL_GetTick
                0x0800a920       0x14 ./Drivers/STM32F1xx_HAL_Driver/Src/stm32f1xx_hal.o
                0x0800a920                HAL_GetTick
 .text.HAL_Delay
                0x0800a934       0x48 ./Drivers/STM32F1xx_HAL_Driver/Src/stm32f1xx_hal.o
                0x0800a934                HAL_Delay
 .text.__NVIC_SetPriorityGrouping
                0x0800a97c       0x48 ./Drivers/STM32F1xx_HAL_Driver/Src/stm32f1xx_hal_cortex.o
 .text.__NVIC_GetPriorityGrouping
                0x0800a9c4       0x1c ./Drivers/STM32F1xx_HAL_Driver/Src/stm32f1xx_hal_cortex.o
 .text.__NVIC_EnableIRQ
                0x0800a9e0       0x38 ./Drivers/STM32F1xx_HAL_Driver/Src/stm32f1xx_hal_cortex.o
 .text.__NVIC_SetPriority
                0x0800aa18       0x54 ./Drivers/STM32F1xx_HAL_Driver/Src/stm32f1xx_hal_cortex.o
 .text.NVIC_EncodePriority
                0x0800aa6c       0x64 ./Drivers/STM32F1xx_HAL_Driver/Src/stm32f1xx_hal_cortex.o
 .text.SysTick_Config
                0x0800aad0       0x44 ./Drivers/STM32F1xx_HAL_Driver/Src/stm32f1xx_hal_cortex.o
 .text.HAL_NVIC_SetPriorityGrouping
                0x0800ab14       0x16 ./Drivers/STM32F1xx_HAL_Driver/Src/stm32f1xx_hal_cortex.o
                0x0800ab14                HAL_NVIC_SetPriorityGrouping
 .text.HAL_NVIC_SetPriority
                0x0800ab2a       0x38 ./Drivers/STM32F1xx_HAL_Driver/Src/stm32f1xx_hal_cortex.o
                0x0800ab2a                HAL_NVIC_SetPriority
 .text.HAL_NVIC_EnableIRQ
                0x0800ab62       0x1c ./Drivers/STM32F1xx_HAL_Driver/Src/stm32f1xx_hal_cortex.o
                0x0800ab62                HAL_NVIC_EnableIRQ
 .text.HAL_SYSTICK_Config
                0x0800ab7e       0x18 ./Drivers/STM32F1xx_HAL_Driver/Src/stm32f1xx_hal_cortex.o
                0x0800ab7e                HAL_SYSTICK_Config
 *fill*         0x0800ab96        0x2 
 .text.HAL_DMA_Init
                0x0800ab98       0xec ./Drivers/STM32F1xx_HAL_Driver/Src/stm32f1xx_hal_dma.o
                0x0800ab98                HAL_DMA_Init
 .text.HAL_DMA_Start_IT
                0x0800ac84       0xc0 ./Drivers/STM32F1xx_HAL_Driver/Src/stm32f1xx_hal_dma.o
                0x0800ac84                HAL_DMA_Start_IT
 .text.HAL_DMA_Abort
                0x0800ad44       0x76 ./Drivers/STM32F1xx_HAL_Driver/Src/stm32f1xx_hal_dma.o
                0x0800ad44                HAL_DMA_Abort
 *fill*         0x0800adba        0x2 
 .text.HAL_DMA_Abort_IT
                0x0800adbc      0x210 ./Drivers/STM32F1xx_HAL_Driver/Src/stm32f1xx_hal_dma.o
                0x0800adbc                HAL_DMA_Abort_IT
 .text.HAL_DMA_IRQHandler
                0x0800afcc      0x478 ./Drivers/STM32F1xx_HAL_Driver/Src/stm32f1xx_hal_dma.o
                0x0800afcc                HAL_DMA_IRQHandler
 .text.DMA_SetConfig
                0x0800b444       0x5a ./Drivers/STM32F1xx_HAL_Driver/Src/stm32f1xx_hal_dma.o
 *fill*         0x0800b49e        0x2 
 .text.HAL_GPIO_Init
                0x0800b4a0      0x328 ./Drivers/STM32F1xx_HAL_Driver/Src/stm32f1xx_hal_gpio.o
                0x0800b4a0                HAL_GPIO_Init
 .text.HAL_GPIO_ReadPin
                0x0800b7c8       0x2e ./Drivers/STM32F1xx_HAL_Driver/Src/stm32f1xx_hal_gpio.o
                0x0800b7c8                HAL_GPIO_ReadPin
 .text.HAL_GPIO_WritePin
                0x0800b7f6       0x30 ./Drivers/STM32F1xx_HAL_Driver/Src/stm32f1xx_hal_gpio.o
                0x0800b7f6                HAL_GPIO_WritePin
 *fill*         0x0800b826        0x2 
 .text.HAL_RCC_OscConfig
                0x0800b828      0x504 ./Drivers/STM32F1xx_HAL_Driver/Src/stm32f1xx_hal_rcc.o
                0x0800b828                HAL_RCC_OscConfig
 .text.HAL_RCC_ClockConfig
                0x0800bd2c      0x1d4 ./Drivers/STM32F1xx_HAL_Driver/Src/stm32f1xx_hal_rcc.o
                0x0800bd2c                HAL_RCC_ClockConfig
 .text.HAL_RCC_GetSysClockFreq
                0x0800bf00       0xa8 ./Drivers/STM32F1xx_HAL_Driver/Src/stm32f1xx_hal_rcc.o
                0x0800bf00                HAL_RCC_GetSysClockFreq
 .text.HAL_RCC_GetHCLKFreq
                0x0800bfa8       0x14 ./Drivers/STM32F1xx_HAL_Driver/Src/stm32f1xx_hal_rcc.o
                0x0800bfa8                HAL_RCC_GetHCLKFreq
 .text.HAL_RCC_GetPCLK1Freq
                0x0800bfbc       0x28 ./Drivers/STM32F1xx_HAL_Driver/Src/stm32f1xx_hal_rcc.o
                0x0800bfbc                HAL_RCC_GetPCLK1Freq
 .text.HAL_RCC_GetPCLK2Freq
                0x0800bfe4       0x28 ./Drivers/STM32F1xx_HAL_Driver/Src/stm32f1xx_hal_rcc.o
                0x0800bfe4                HAL_RCC_GetPCLK2Freq
 .text.RCC_Delay
                0x0800c00c       0x3c ./Drivers/STM32F1xx_HAL_Driver/Src/stm32f1xx_hal_rcc.o
 .text.HAL_UART_Init
                0x0800c048       0xa0 ./Drivers/STM32F1xx_HAL_Driver/Src/stm32f1xx_hal_uart.o
                0x0800c048                HAL_UART_Init
 .text.HAL_UART_Transmit_DMA
                0x0800c0e8       0xe0 ./Drivers/STM32F1xx_HAL_Driver/Src/stm32f1xx_hal_uart.o
                0x0800c0e8                HAL_UART_Transmit_DMA
 .text.HAL_UARTEx_ReceiveToIdle_DMA
                0x0800c1c8       0xb2 ./Drivers/STM32F1xx_HAL_Driver/Src/stm32f1xx_hal_uart.o
                0x0800c1c8                HAL_UARTEx_ReceiveToIdle_DMA
 *fill*         0x0800c27a        0x2 
 .text.HAL_UART_IRQHandler
                0x0800c27c      0x524 ./Drivers/STM32F1xx_HAL_Driver/Src/stm32f1xx_hal_uart.o
                0x0800c27c                HAL_UART_IRQHandler
 .text.HAL_UART_TxCpltCallback
                0x0800c7a0       0x12 ./Drivers/STM32F1xx_HAL_Driver/Src/stm32f1xx_hal_uart.o
                0x0800c7a0                HAL_UART_TxCpltCallback
 .text.HAL_UART_TxHalfCpltCallback
                0x0800c7b2       0x12 ./Drivers/STM32F1xx_HAL_Driver/Src/stm32f1xx_hal_uart.o
                0x0800c7b2                HAL_UART_TxHalfCpltCallback
 .text.HAL_UART_RxCpltCallback
                0x0800c7c4       0x12 ./Drivers/STM32F1xx_HAL_Driver/Src/stm32f1xx_hal_uart.o
                0x0800c7c4                HAL_UART_RxCpltCallback
 .text.HAL_UART_RxHalfCpltCallback
                0x0800c7d6       0x12 ./Drivers/STM32F1xx_HAL_Driver/Src/stm32f1xx_hal_uart.o
                0x0800c7d6                HAL_UART_RxHalfCpltCallback
 .text.HAL_UART_ErrorCallback
                0x0800c7e8       0x12 ./Drivers/STM32F1xx_HAL_Driver/Src/stm32f1xx_hal_uart.o
                0x0800c7e8                HAL_UART_ErrorCallback
 .text.UART_DMATransmitCplt
                0x0800c7fa       0x9a ./Drivers/STM32F1xx_HAL_Driver/Src/stm32f1xx_hal_uart.o
 .text.UART_DMATxHalfCplt
                0x0800c894       0x1c ./Drivers/STM32F1xx_HAL_Driver/Src/stm32f1xx_hal_uart.o
 .text.UART_DMAReceiveCplt
                0x0800c8b0      0x12c ./Drivers/STM32F1xx_HAL_Driver/Src/stm32f1xx_hal_uart.o
 .text.UART_DMARxHalfCplt
                0x0800c9dc       0x3c ./Drivers/STM32F1xx_HAL_Driver/Src/stm32f1xx_hal_uart.o
 .text.UART_DMAError
                0x0800ca18       0x94 ./Drivers/STM32F1xx_HAL_Driver/Src/stm32f1xx_hal_uart.o
 .text.UART_Start_Receive_DMA
                0x0800caac      0x134 ./Drivers/STM32F1xx_HAL_Driver/Src/stm32f1xx_hal_uart.o
                0x0800caac                UART_Start_Receive_DMA
 .text.UART_EndTxTransfer
                0x0800cbe0       0x4e ./Drivers/STM32F1xx_HAL_Driver/Src/stm32f1xx_hal_uart.o
 .text.UART_EndRxTransfer
                0x0800cc2e       0xc4 ./Drivers/STM32F1xx_HAL_Driver/Src/stm32f1xx_hal_uart.o
 .text.UART_DMAAbortOnError
                0x0800ccf2       0x28 ./Drivers/STM32F1xx_HAL_Driver/Src/stm32f1xx_hal_uart.o
 .text.UART_Transmit_IT
                0x0800cd1a       0x9e ./Drivers/STM32F1xx_HAL_Driver/Src/stm32f1xx_hal_uart.o
 .text.UART_EndTransmit_IT
                0x0800cdb8       0x30 ./Drivers/STM32F1xx_HAL_Driver/Src/stm32f1xx_hal_uart.o
 .text.UART_Receive_IT
                0x0800cde8      0x17c ./Drivers/STM32F1xx_HAL_Driver/Src/stm32f1xx_hal_uart.o
 .text.UART_SetConfig
                0x0800cf64      0x11c ./Drivers/STM32F1xx_HAL_Driver/Src/stm32f1xx_hal_uart.o
 .text.std      0x0800d080       0x6c D:/ST/STM32CubeIDE_1.16.0/STM32CubeIDE/plugins/com.st.stm32cube.ide.mcu.externaltools.gnu-tools-for-stm32.12.3.rel1.win32_1.0.200.202406191623/tools/bin/../lib/gcc/arm-none-eabi/12.3.1/../../../../arm-none-eabi/lib/thumb/v7-m/nofp\libc_nano.a(libc_a-findfp.o)
 .text.stdio_exit_handler
                0x0800d0ec       0x18 D:/ST/STM32CubeIDE_1.16.0/STM32CubeIDE/plugins/com.st.stm32cube.ide.mcu.externaltools.gnu-tools-for-stm32.12.3.rel1.win32_1.0.200.202406191623/tools/bin/../lib/gcc/arm-none-eabi/12.3.1/../../../../arm-none-eabi/lib/thumb/v7-m/nofp\libc_nano.a(libc_a-findfp.o)
 .text.cleanup_stdio
                0x0800d104       0x40 D:/ST/STM32CubeIDE_1.16.0/STM32CubeIDE/plugins/com.st.stm32cube.ide.mcu.externaltools.gnu-tools-for-stm32.12.3.rel1.win32_1.0.200.202406191623/tools/bin/../lib/gcc/arm-none-eabi/12.3.1/../../../../arm-none-eabi/lib/thumb/v7-m/nofp\libc_nano.a(libc_a-findfp.o)
 .text.global_stdio_init.part.0
                0x0800d144       0x3c D:/ST/STM32CubeIDE_1.16.0/STM32CubeIDE/plugins/com.st.stm32cube.ide.mcu.externaltools.gnu-tools-for-stm32.12.3.rel1.win32_1.0.200.202406191623/tools/bin/../lib/gcc/arm-none-eabi/12.3.1/../../../../arm-none-eabi/lib/thumb/v7-m/nofp\libc_nano.a(libc_a-findfp.o)
 .text.__sfp_lock_acquire
                0x0800d180        0xc D:/ST/STM32CubeIDE_1.16.0/STM32CubeIDE/plugins/com.st.stm32cube.ide.mcu.externaltools.gnu-tools-for-stm32.12.3.rel1.win32_1.0.200.202406191623/tools/bin/../lib/gcc/arm-none-eabi/12.3.1/../../../../arm-none-eabi/lib/thumb/v7-m/nofp\libc_nano.a(libc_a-findfp.o)
                0x0800d180                __sfp_lock_acquire
 .text.__sfp_lock_release
                0x0800d18c        0xc D:/ST/STM32CubeIDE_1.16.0/STM32CubeIDE/plugins/com.st.stm32cube.ide.mcu.externaltools.gnu-tools-for-stm32.12.3.rel1.win32_1.0.200.202406191623/tools/bin/../lib/gcc/arm-none-eabi/12.3.1/../../../../arm-none-eabi/lib/thumb/v7-m/nofp\libc_nano.a(libc_a-findfp.o)
                0x0800d18c                __sfp_lock_release
 .text.__sinit  0x0800d198       0x30 D:/ST/STM32CubeIDE_1.16.0/STM32CubeIDE/plugins/com.st.stm32cube.ide.mcu.externaltools.gnu-tools-for-stm32.12.3.rel1.win32_1.0.200.202406191623/tools/bin/../lib/gcc/arm-none-eabi/12.3.1/../../../../arm-none-eabi/lib/thumb/v7-m/nofp\libc_nano.a(libc_a-findfp.o)
                0x0800d198                __sinit
 .text._fwalk_sglue
                0x0800d1c8       0x3c D:/ST/STM32CubeIDE_1.16.0/STM32CubeIDE/plugins/com.st.stm32cube.ide.mcu.externaltools.gnu-tools-for-stm32.12.3.rel1.win32_1.0.200.202406191623/tools/bin/../lib/gcc/arm-none-eabi/12.3.1/../../../../arm-none-eabi/lib/thumb/v7-m/nofp\libc_nano.a(libc_a-fwalk.o)
                0x0800d1c8                _fwalk_sglue
 .text.printf   0x0800d204       0x24 D:/ST/STM32CubeIDE_1.16.0/STM32CubeIDE/plugins/com.st.stm32cube.ide.mcu.externaltools.gnu-tools-for-stm32.12.3.rel1.win32_1.0.200.202406191623/tools/bin/../lib/gcc/arm-none-eabi/12.3.1/../../../../arm-none-eabi/lib/thumb/v7-m/nofp\libc_nano.a(libc_a-printf.o)
                0x0800d204                iprintf
                0x0800d204                printf
 .text.snprintf
                0x0800d228       0x68 D:/ST/STM32CubeIDE_1.16.0/STM32CubeIDE/plugins/com.st.stm32cube.ide.mcu.externaltools.gnu-tools-for-stm32.12.3.rel1.win32_1.0.200.202406191623/tools/bin/../lib/gcc/arm-none-eabi/12.3.1/../../../../arm-none-eabi/lib/thumb/v7-m/nofp\libc_nano.a(libc_a-snprintf.o)
                0x0800d228                sniprintf
                0x0800d228                snprintf
 .text.__sread  0x0800d290       0x22 D:/ST/STM32CubeIDE_1.16.0/STM32CubeIDE/plugins/com.st.stm32cube.ide.mcu.externaltools.gnu-tools-for-stm32.12.3.rel1.win32_1.0.200.202406191623/tools/bin/../lib/gcc/arm-none-eabi/12.3.1/../../../../arm-none-eabi/lib/thumb/v7-m/nofp\libc_nano.a(libc_a-stdio.o)
                0x0800d290                __sread
 .text.__swrite
                0x0800d2b2       0x38 D:/ST/STM32CubeIDE_1.16.0/STM32CubeIDE/plugins/com.st.stm32cube.ide.mcu.externaltools.gnu-tools-for-stm32.12.3.rel1.win32_1.0.200.202406191623/tools/bin/../lib/gcc/arm-none-eabi/12.3.1/../../../../arm-none-eabi/lib/thumb/v7-m/nofp\libc_nano.a(libc_a-stdio.o)
                0x0800d2b2                __swrite
 .text.__sseek  0x0800d2ea       0x24 D:/ST/STM32CubeIDE_1.16.0/STM32CubeIDE/plugins/com.st.stm32cube.ide.mcu.externaltools.gnu-tools-for-stm32.12.3.rel1.win32_1.0.200.202406191623/tools/bin/../lib/gcc/arm-none-eabi/12.3.1/../../../../arm-none-eabi/lib/thumb/v7-m/nofp\libc_nano.a(libc_a-stdio.o)
                0x0800d2ea                __sseek
 .text.__sclose
                0x0800d30e        0x8 D:/ST/STM32CubeIDE_1.16.0/STM32CubeIDE/plugins/com.st.stm32cube.ide.mcu.externaltools.gnu-tools-for-stm32.12.3.rel1.win32_1.0.200.202406191623/tools/bin/../lib/gcc/arm-none-eabi/12.3.1/../../../../arm-none-eabi/lib/thumb/v7-m/nofp\libc_nano.a(libc_a-stdio.o)
                0x0800d30e                __sclose
 .text.memset   0x0800d316       0x10 D:/ST/STM32CubeIDE_1.16.0/STM32CubeIDE/plugins/com.st.stm32cube.ide.mcu.externaltools.gnu-tools-for-stm32.12.3.rel1.win32_1.0.200.202406191623/tools/bin/../lib/gcc/arm-none-eabi/12.3.1/../../../../arm-none-eabi/lib/thumb/v7-m/nofp\libc_nano.a(libc_a-memset.o)
                0x0800d316                memset
 *fill*         0x0800d326        0x2 
 .text._close_r
                0x0800d328       0x20 D:/ST/STM32CubeIDE_1.16.0/STM32CubeIDE/plugins/com.st.stm32cube.ide.mcu.externaltools.gnu-tools-for-stm32.12.3.rel1.win32_1.0.200.202406191623/tools/bin/../lib/gcc/arm-none-eabi/12.3.1/../../../../arm-none-eabi/lib/thumb/v7-m/nofp\libc_nano.a(libc_a-closer.o)
                0x0800d328                _close_r
 .text._lseek_r
                0x0800d348       0x24 D:/ST/STM32CubeIDE_1.16.0/STM32CubeIDE/plugins/com.st.stm32cube.ide.mcu.externaltools.gnu-tools-for-stm32.12.3.rel1.win32_1.0.200.202406191623/tools/bin/../lib/gcc/arm-none-eabi/12.3.1/../../../../arm-none-eabi/lib/thumb/v7-m/nofp\libc_nano.a(libc_a-lseekr.o)
                0x0800d348                _lseek_r
 .text._read_r  0x0800d36c       0x24 D:/ST/STM32CubeIDE_1.16.0/STM32CubeIDE/plugins/com.st.stm32cube.ide.mcu.externaltools.gnu-tools-for-stm32.12.3.rel1.win32_1.0.200.202406191623/tools/bin/../lib/gcc/arm-none-eabi/12.3.1/../../../../arm-none-eabi/lib/thumb/v7-m/nofp\libc_nano.a(libc_a-readr.o)
                0x0800d36c                _read_r
 .text._write_r
                0x0800d390       0x24 D:/ST/STM32CubeIDE_1.16.0/STM32CubeIDE/plugins/com.st.stm32cube.ide.mcu.externaltools.gnu-tools-for-stm32.12.3.rel1.win32_1.0.200.202406191623/tools/bin/../lib/gcc/arm-none-eabi/12.3.1/../../../../arm-none-eabi/lib/thumb/v7-m/nofp\libc_nano.a(libc_a-writer.o)
                0x0800d390                _write_r
 .text.__errno  0x0800d3b4        0xc D:/ST/STM32CubeIDE_1.16.0/STM32CubeIDE/plugins/com.st.stm32cube.ide.mcu.externaltools.gnu-tools-for-stm32.12.3.rel1.win32_1.0.200.202406191623/tools/bin/../lib/gcc/arm-none-eabi/12.3.1/../../../../arm-none-eabi/lib/thumb/v7-m/nofp\libc_nano.a(libc_a-errno.o)
                0x0800d3b4                __errno
 .text.__libc_init_array
                0x0800d3c0       0x48 D:/ST/STM32CubeIDE_1.16.0/STM32CubeIDE/plugins/com.st.stm32cube.ide.mcu.externaltools.gnu-tools-for-stm32.12.3.rel1.win32_1.0.200.202406191623/tools/bin/../lib/gcc/arm-none-eabi/12.3.1/../../../../arm-none-eabi/lib/thumb/v7-m/nofp\libc_nano.a(libc_a-init.o)
                0x0800d3c0                __libc_init_array
 .text.__retarget_lock_init_recursive
                0x0800d408        0x2 D:/ST/STM32CubeIDE_1.16.0/STM32CubeIDE/plugins/com.st.stm32cube.ide.mcu.externaltools.gnu-tools-for-stm32.12.3.rel1.win32_1.0.200.202406191623/tools/bin/../lib/gcc/arm-none-eabi/12.3.1/../../../../arm-none-eabi/lib/thumb/v7-m/nofp\libc_nano.a(libc_a-lock.o)
                0x0800d408                __retarget_lock_init_recursive
 .text.__retarget_lock_acquire_recursive
                0x0800d40a        0x2 D:/ST/STM32CubeIDE_1.16.0/STM32CubeIDE/plugins/com.st.stm32cube.ide.mcu.externaltools.gnu-tools-for-stm32.12.3.rel1.win32_1.0.200.202406191623/tools/bin/../lib/gcc/arm-none-eabi/12.3.1/../../../../arm-none-eabi/lib/thumb/v7-m/nofp\libc_nano.a(libc_a-lock.o)
                0x0800d40a                __retarget_lock_acquire_recursive
 .text.__retarget_lock_release_recursive
                0x0800d40c        0x2 D:/ST/STM32CubeIDE_1.16.0/STM32CubeIDE/plugins/com.st.stm32cube.ide.mcu.externaltools.gnu-tools-for-stm32.12.3.rel1.win32_1.0.200.202406191623/tools/bin/../lib/gcc/arm-none-eabi/12.3.1/../../../../arm-none-eabi/lib/thumb/v7-m/nofp\libc_nano.a(libc_a-lock.o)
                0x0800d40c                __retarget_lock_release_recursive
 *fill*         0x0800d40e        0x2 
 .text._free_r  0x0800d410       0x90 D:/ST/STM32CubeIDE_1.16.0/STM32CubeIDE/plugins/com.st.stm32cube.ide.mcu.externaltools.gnu-tools-for-stm32.12.3.rel1.win32_1.0.200.202406191623/tools/bin/../lib/gcc/arm-none-eabi/12.3.1/../../../../arm-none-eabi/lib/thumb/v7-m/nofp\libc_nano.a(libc_a-freer.o)
                0x0800d410                _free_r
 .text.sbrk_aligned
                0x0800d4a0       0x44 D:/ST/STM32CubeIDE_1.16.0/STM32CubeIDE/plugins/com.st.stm32cube.ide.mcu.externaltools.gnu-tools-for-stm32.12.3.rel1.win32_1.0.200.202406191623/tools/bin/../lib/gcc/arm-none-eabi/12.3.1/../../../../arm-none-eabi/lib/thumb/v7-m/nofp\libc_nano.a(libc_a-mallocr.o)
 .text._malloc_r
                0x0800d4e4      0x100 D:/ST/STM32CubeIDE_1.16.0/STM32CubeIDE/plugins/com.st.stm32cube.ide.mcu.externaltools.gnu-tools-for-stm32.12.3.rel1.win32_1.0.200.202406191623/tools/bin/../lib/gcc/arm-none-eabi/12.3.1/../../../../arm-none-eabi/lib/thumb/v7-m/nofp\libc_nano.a(libc_a-mallocr.o)
                0x0800d4e4                _malloc_r
 .text.__malloc_lock
                0x0800d5e4        0xc D:/ST/STM32CubeIDE_1.16.0/STM32CubeIDE/plugins/com.st.stm32cube.ide.mcu.externaltools.gnu-tools-for-stm32.12.3.rel1.win32_1.0.200.202406191623/tools/bin/../lib/gcc/arm-none-eabi/12.3.1/../../../../arm-none-eabi/lib/thumb/v7-m/nofp\libc_nano.a(libc_a-mlock.o)
                0x0800d5e4                __malloc_lock
 .text.__malloc_unlock
                0x0800d5f0        0xc D:/ST/STM32CubeIDE_1.16.0/STM32CubeIDE/plugins/com.st.stm32cube.ide.mcu.externaltools.gnu-tools-for-stm32.12.3.rel1.win32_1.0.200.202406191623/tools/bin/../lib/gcc/arm-none-eabi/12.3.1/../../../../arm-none-eabi/lib/thumb/v7-m/nofp\libc_nano.a(libc_a-mlock.o)
                0x0800d5f0                __malloc_unlock
 .text.__ssputs_r
                0x0800d5fc       0xb6 D:/ST/STM32CubeIDE_1.16.0/STM32CubeIDE/plugins/com.st.stm32cube.ide.mcu.externaltools.gnu-tools-for-stm32.12.3.rel1.win32_1.0.200.202406191623/tools/bin/../lib/gcc/arm-none-eabi/12.3.1/../../../../arm-none-eabi/lib/thumb/v7-m/nofp\libc_nano.a(libc_a-nano-svfprintf.o)
                0x0800d5fc                __ssputs_r
 *fill*         0x0800d6b2        0x2 
 .text._svfprintf_r
                0x0800d6b4      0x1f8 D:/ST/STM32CubeIDE_1.16.0/STM32CubeIDE/plugins/com.st.stm32cube.ide.mcu.externaltools.gnu-tools-for-stm32.12.3.rel1.win32_1.0.200.202406191623/tools/bin/../lib/gcc/arm-none-eabi/12.3.1/../../../../arm-none-eabi/lib/thumb/v7-m/nofp\libc_nano.a(libc_a-nano-svfprintf.o)
                0x0800d6b4                _svfiprintf_r
                0x0800d6b4                _svfprintf_r
 .text.__sfputc_r
                0x0800d8ac       0x2a D:/ST/STM32CubeIDE_1.16.0/STM32CubeIDE/plugins/com.st.stm32cube.ide.mcu.externaltools.gnu-tools-for-stm32.12.3.rel1.win32_1.0.200.202406191623/tools/bin/../lib/gcc/arm-none-eabi/12.3.1/../../../../arm-none-eabi/lib/thumb/v7-m/nofp\libc_nano.a(libc_a-nano-vfprintf.o)
 .text.__sfputs_r
                0x0800d8d6       0x24 D:/ST/STM32CubeIDE_1.16.0/STM32CubeIDE/plugins/com.st.stm32cube.ide.mcu.externaltools.gnu-tools-for-stm32.12.3.rel1.win32_1.0.200.202406191623/tools/bin/../lib/gcc/arm-none-eabi/12.3.1/../../../../arm-none-eabi/lib/thumb/v7-m/nofp\libc_nano.a(libc_a-nano-vfprintf.o)
                0x0800d8d6                __sfputs_r
 *fill*         0x0800d8fa        0x2 
 .text._vfprintf_r
                0x0800d8fc      0x230 D:/ST/STM32CubeIDE_1.16.0/STM32CubeIDE/plugins/com.st.stm32cube.ide.mcu.externaltools.gnu-tools-for-stm32.12.3.rel1.win32_1.0.200.202406191623/tools/bin/../lib/gcc/arm-none-eabi/12.3.1/../../../../arm-none-eabi/lib/thumb/v7-m/nofp\libc_nano.a(libc_a-nano-vfprintf.o)
                0x0800d8fc                _vfprintf_r
                0x0800d8fc                _vfiprintf_r
 .text._printf_common
                0x0800db2c       0xe4 D:/ST/STM32CubeIDE_1.16.0/STM32CubeIDE/plugins/com.st.stm32cube.ide.mcu.externaltools.gnu-tools-for-stm32.12.3.rel1.win32_1.0.200.202406191623/tools/bin/../lib/gcc/arm-none-eabi/12.3.1/../../../../arm-none-eabi/lib/thumb/v7-m/nofp\libc_nano.a(libc_a-nano-vfprintf_i.o)
                0x0800db2c                _printf_common
 .text._printf_i
                0x0800dc10      0x240 D:/ST/STM32CubeIDE_1.16.0/STM32CubeIDE/plugins/com.st.stm32cube.ide.mcu.externaltools.gnu-tools-for-stm32.12.3.rel1.win32_1.0.200.202406191623/tools/bin/../lib/gcc/arm-none-eabi/12.3.1/../../../../arm-none-eabi/lib/thumb/v7-m/nofp\libc_nano.a(libc_a-nano-vfprintf_i.o)
                0x0800dc10                _printf_i
 .text.__sflush_r
                0x0800de50      0x100 D:/ST/STM32CubeIDE_1.16.0/STM32CubeIDE/plugins/com.st.stm32cube.ide.mcu.externaltools.gnu-tools-for-stm32.12.3.rel1.win32_1.0.200.202406191623/tools/bin/../lib/gcc/arm-none-eabi/12.3.1/../../../../arm-none-eabi/lib/thumb/v7-m/nofp\libc_nano.a(libc_a-fflush.o)
                0x0800de50                __sflush_r
 .text._fflush_r
                0x0800df50       0x50 D:/ST/STM32CubeIDE_1.16.0/STM32CubeIDE/plugins/com.st.stm32cube.ide.mcu.externaltools.gnu-tools-for-stm32.12.3.rel1.win32_1.0.200.202406191623/tools/bin/../lib/gcc/arm-none-eabi/12.3.1/../../../../arm-none-eabi/lib/thumb/v7-m/nofp\libc_nano.a(libc_a-fflush.o)
                0x0800df50                _fflush_r
 .text.__swbuf_r
                0x0800dfa0       0x7c D:/ST/STM32CubeIDE_1.16.0/STM32CubeIDE/plugins/com.st.stm32cube.ide.mcu.externaltools.gnu-tools-for-stm32.12.3.rel1.win32_1.0.200.202406191623/tools/bin/../lib/gcc/arm-none-eabi/12.3.1/../../../../arm-none-eabi/lib/thumb/v7-m/nofp\libc_nano.a(libc_a-wbuf.o)
                0x0800dfa0                __swbuf_r
 .text.__swsetup_r
                0x0800e01c       0xac D:/ST/STM32CubeIDE_1.16.0/STM32CubeIDE/plugins/com.st.stm32cube.ide.mcu.externaltools.gnu-tools-for-stm32.12.3.rel1.win32_1.0.200.202406191623/tools/bin/../lib/gcc/arm-none-eabi/12.3.1/../../../../arm-none-eabi/lib/thumb/v7-m/nofp\libc_nano.a(libc_a-wsetup.o)
                0x0800e01c                __swsetup_r
 .text.memmove  0x0800e0c8       0x34 D:/ST/STM32CubeIDE_1.16.0/STM32CubeIDE/plugins/com.st.stm32cube.ide.mcu.externaltools.gnu-tools-for-stm32.12.3.rel1.win32_1.0.200.202406191623/tools/bin/../lib/gcc/arm-none-eabi/12.3.1/../../../../arm-none-eabi/lib/thumb/v7-m/nofp\libc_nano.a(libc_a-memmove.o)
                0x0800e0c8                memmove
 .text._sbrk_r  0x0800e0fc       0x20 D:/ST/STM32CubeIDE_1.16.0/STM32CubeIDE/plugins/com.st.stm32cube.ide.mcu.externaltools.gnu-tools-for-stm32.12.3.rel1.win32_1.0.200.202406191623/tools/bin/../lib/gcc/arm-none-eabi/12.3.1/../../../../arm-none-eabi/lib/thumb/v7-m/nofp\libc_nano.a(libc_a-sbrkr.o)
                0x0800e0fc                _sbrk_r
 .text.memchr   0x0800e11c       0x1c D:/ST/STM32CubeIDE_1.16.0/STM32CubeIDE/plugins/com.st.stm32cube.ide.mcu.externaltools.gnu-tools-for-stm32.12.3.rel1.win32_1.0.200.202406191623/tools/bin/../lib/gcc/arm-none-eabi/12.3.1/../../../../arm-none-eabi/lib/thumb/v7-m/nofp\libc_nano.a(libc_a-memchr-stub.o)
                0x0800e11c                memchr
 .text.memcpy   0x0800e138       0x1c D:/ST/STM32CubeIDE_1.16.0/STM32CubeIDE/plugins/com.st.stm32cube.ide.mcu.externaltools.gnu-tools-for-stm32.12.3.rel1.win32_1.0.200.202406191623/tools/bin/../lib/gcc/arm-none-eabi/12.3.1/../../../../arm-none-eabi/lib/thumb/v7-m/nofp\libc_nano.a(libc_a-memcpy-stub.o)
                0x0800e138                memcpy
 .text._realloc_r
                0x0800e154       0x5c D:/ST/STM32CubeIDE_1.16.0/STM32CubeIDE/plugins/com.st.stm32cube.ide.mcu.externaltools.gnu-tools-for-stm32.12.3.rel1.win32_1.0.200.202406191623/tools/bin/../lib/gcc/arm-none-eabi/12.3.1/../../../../arm-none-eabi/lib/thumb/v7-m/nofp\libc_nano.a(libc_a-reallocr.o)
                0x0800e154                _realloc_r
 .text.__swhatbuf_r
                0x0800e1b0       0x4a D:/ST/STM32CubeIDE_1.16.0/STM32CubeIDE/plugins/com.st.stm32cube.ide.mcu.externaltools.gnu-tools-for-stm32.12.3.rel1.win32_1.0.200.202406191623/tools/bin/../lib/gcc/arm-none-eabi/12.3.1/../../../../arm-none-eabi/lib/thumb/v7-m/nofp\libc_nano.a(libc_a-makebuf.o)
                0x0800e1b0                __swhatbuf_r
 .text.__smakebuf_r
                0x0800e1fa       0x78 D:/ST/STM32CubeIDE_1.16.0/STM32CubeIDE/plugins/com.st.stm32cube.ide.mcu.externaltools.gnu-tools-for-stm32.12.3.rel1.win32_1.0.200.202406191623/tools/bin/../lib/gcc/arm-none-eabi/12.3.1/../../../../arm-none-eabi/lib/thumb/v7-m/nofp\libc_nano.a(libc_a-makebuf.o)
                0x0800e1fa                __smakebuf_r
 *fill*         0x0800e272        0x2 
 .text._fstat_r
                0x0800e274       0x24 D:/ST/STM32CubeIDE_1.16.0/STM32CubeIDE/plugins/com.st.stm32cube.ide.mcu.externaltools.gnu-tools-for-stm32.12.3.rel1.win32_1.0.200.202406191623/tools/bin/../lib/gcc/arm-none-eabi/12.3.1/../../../../arm-none-eabi/lib/thumb/v7-m/nofp\libc_nano.a(libc_a-fstatr.o)
                0x0800e274                _fstat_r
 .text._isatty_r
                0x0800e298       0x20 D:/ST/STM32CubeIDE_1.16.0/STM32CubeIDE/plugins/com.st.stm32cube.ide.mcu.externaltools.gnu-tools-for-stm32.12.3.rel1.win32_1.0.200.202406191623/tools/bin/../lib/gcc/arm-none-eabi/12.3.1/../../../../arm-none-eabi/lib/thumb/v7-m/nofp\libc_nano.a(libc_a-isattyr.o)
                0x0800e298                _isatty_r
 .text._malloc_usable_size_r
                0x0800e2b8       0x10 D:/ST/STM32CubeIDE_1.16.0/STM32CubeIDE/plugins/com.st.stm32cube.ide.mcu.externaltools.gnu-tools-for-stm32.12.3.rel1.win32_1.0.200.202406191623/tools/bin/../lib/gcc/arm-none-eabi/12.3.1/../../../../arm-none-eabi/lib/thumb/v7-m/nofp\libc_nano.a(libc_a-msizer.o)
                0x0800e2b8                _malloc_usable_size_r
 .text.sqrt     0x0800e2c8       0x48 D:/ST/STM32CubeIDE_1.16.0/STM32CubeIDE/plugins/com.st.stm32cube.ide.mcu.externaltools.gnu-tools-for-stm32.12.3.rel1.win32_1.0.200.202406191623/tools/bin/../lib/gcc/arm-none-eabi/12.3.1/../../../../arm-none-eabi/lib/thumb/v7-m/nofp\libm.a(libm_a-w_sqrt.o)
                0x0800e2c8                sqrt
 .text.__ieee754_sqrt
                0x0800e310      0x1ac D:/ST/STM32CubeIDE_1.16.0/STM32CubeIDE/plugins/com.st.stm32cube.ide.mcu.externaltools.gnu-tools-for-stm32.12.3.rel1.win32_1.0.200.202406191623/tools/bin/../lib/gcc/arm-none-eabi/12.3.1/../../../../arm-none-eabi/lib/thumb/v7-m/nofp\libm.a(libm_a-e_sqrt.o)
                0x0800e310                __ieee754_sqrt
 *(.glue_7)
 .glue_7        0x0800e4bc        0x0 linker stubs
 *(.glue_7t)
 .glue_7t       0x0800e4bc        0x0 linker stubs
 *(.eh_frame)
 .eh_frame      0x0800e4bc        0x0 D:/ST/STM32CubeIDE_1.16.0/STM32CubeIDE/plugins/com.st.stm32cube.ide.mcu.externaltools.gnu-tools-for-stm32.12.3.rel1.win32_1.0.200.202406191623/tools/bin/../lib/gcc/arm-none-eabi/12.3.1/thumb/v7-m/nofp/crtbegin.o
 *(.init)
 .init          0x0800e4bc        0x4 D:/ST/STM32CubeIDE_1.16.0/STM32CubeIDE/plugins/com.st.stm32cube.ide.mcu.externaltools.gnu-tools-for-stm32.12.3.rel1.win32_1.0.200.202406191623/tools/bin/../lib/gcc/arm-none-eabi/12.3.1/thumb/v7-m/nofp/crti.o
                0x0800e4bc                _init
 .init          0x0800e4c0        0x8 D:/ST/STM32CubeIDE_1.16.0/STM32CubeIDE/plugins/com.st.stm32cube.ide.mcu.externaltools.gnu-tools-for-stm32.12.3.rel1.win32_1.0.200.202406191623/tools/bin/../lib/gcc/arm-none-eabi/12.3.1/thumb/v7-m/nofp/crtn.o
 *(.fini)
 .fini          0x0800e4c8        0x4 D:/ST/STM32CubeIDE_1.16.0/STM32CubeIDE/plugins/com.st.stm32cube.ide.mcu.externaltools.gnu-tools-for-stm32.12.3.rel1.win32_1.0.200.202406191623/tools/bin/../lib/gcc/arm-none-eabi/12.3.1/thumb/v7-m/nofp/crti.o
                0x0800e4c8                _fini
 .fini          0x0800e4cc        0x8 D:/ST/STM32CubeIDE_1.16.0/STM32CubeIDE/plugins/com.st.stm32cube.ide.mcu.externaltools.gnu-tools-for-stm32.12.3.rel1.win32_1.0.200.202406191623/tools/bin/../lib/gcc/arm-none-eabi/12.3.1/thumb/v7-m/nofp/crtn.o
                0x0800e4d4                        . = ALIGN (0x4)
                0x0800e4d4                        _etext = .

.vfp11_veneer   0x0800e4d4        0x0
 .vfp11_veneer  0x0800e4d4        0x0 linker stubs

.v4_bx          0x0800e4d4        0x0
 .v4_bx         0x0800e4d4        0x0 linker stubs

.iplt           0x0800e4d4        0x0
 .iplt          0x0800e4d4        0x0 D:/ST/STM32CubeIDE_1.16.0/STM32CubeIDE/plugins/com.st.stm32cube.ide.mcu.externaltools.gnu-tools-for-stm32.12.3.rel1.win32_1.0.200.202406191623/tools/bin/../lib/gcc/arm-none-eabi/12.3.1/thumb/v7-m/nofp/crtbegin.o

.rodata         0x0800e4d4     0x1bd8
                0x0800e4d4                        . = ALIGN (0x4)
 *(.rodata)
 .rodata        0x0800e4d4        0xc ./Core/Src/ft5206.o
 .rodata        0x0800e4e0       0x25 ./Core/Src/gt9147.o
 *fill*         0x0800e505        0x3 
 .rodata        0x0800e508        0xd ./Core/Src/lcd.o
 *fill*         0x0800e515        0x3 
 .rodata        0x0800e518      0x1bc ./Core/Src/main.o
 .rodata        0x0800e6d4        0xc ./Core/Src/ott2001a.o
 .rodata        0x0800e6e0       0xd0 ./Core/Src/touch.o
 *(.rodata*)
 .rodata.FT5206_TPX_TBL
                0x0800e7b0        0xa ./Core/Src/ft5206.o
                0x0800e7b0                FT5206_TPX_TBL
 *fill*         0x0800e7ba        0x2 
 .rodata.GT9147_CFG_TBL
                0x0800e7bc       0xb8 ./Core/Src/gt9147.o
                0x0800e7bc                GT9147_CFG_TBL
 .rodata.GT9147_TPX_TBL
                0x0800e874        0xa ./Core/Src/gt9147.o
                0x0800e874                GT9147_TPX_TBL
 *fill*         0x0800e87e        0x2 
 .rodata.asc2_1206
                0x0800e880      0x474 ./Core/Src/lcd.o
                0x0800e880                asc2_1206
 .rodata.asc2_1608
                0x0800ecf4      0x5f0 ./Core/Src/lcd.o
                0x0800ecf4                asc2_1608
 .rodata.asc2_2412
                0x0800f2e4      0xd5c ./Core/Src/lcd.o
                0x0800f2e4                asc2_2412
 .rodata.OTT_TPX_TBL
                0x08010040        0xa ./Core/Src/ott2001a.o
                0x08010040                OTT_TPX_TBL
 *fill*         0x0801004a        0x2 
 .rodata.AHBPrescTable
                0x0801004c       0x10 ./Core/Src/system_stm32f1xx.o
                0x0801004c                AHBPrescTable
 .rodata.APBPrescTable
                0x0801005c        0x8 ./Core/Src/system_stm32f1xx.o
                0x0801005c                APBPrescTable
 .rodata.aPLLMULFactorTable.1
                0x08010064       0x10 ./Drivers/STM32F1xx_HAL_Driver/Src/stm32f1xx_hal_rcc.o
 .rodata.aPredivFactorTable.0
                0x08010074        0x2 ./Drivers/STM32F1xx_HAL_Driver/Src/stm32f1xx_hal_rcc.o
 .rodata._svfprintf_r.str1.1
                0x08010076       0x11 D:/ST/STM32CubeIDE_1.16.0/STM32CubeIDE/plugins/com.st.stm32cube.ide.mcu.externaltools.gnu-tools-for-stm32.12.3.rel1.win32_1.0.200.202406191623/tools/bin/../lib/gcc/arm-none-eabi/12.3.1/../../../../arm-none-eabi/lib/thumb/v7-m/nofp\libc_nano.a(libc_a-nano-svfprintf.o)
 .rodata._vfprintf_r.str1.1
                0x08010087       0x11 D:/ST/STM32CubeIDE_1.16.0/STM32CubeIDE/plugins/com.st.stm32cube.ide.mcu.externaltools.gnu-tools-for-stm32.12.3.rel1.win32_1.0.200.202406191623/tools/bin/../lib/gcc/arm-none-eabi/12.3.1/../../../../arm-none-eabi/lib/thumb/v7-m/nofp\libc_nano.a(libc_a-nano-vfprintf.o)
 .rodata._printf_i.str1.1
                0x08010087       0x22 D:/ST/STM32CubeIDE_1.16.0/STM32CubeIDE/plugins/com.st.stm32cube.ide.mcu.externaltools.gnu-tools-for-stm32.12.3.rel1.win32_1.0.200.202406191623/tools/bin/../lib/gcc/arm-none-eabi/12.3.1/../../../../arm-none-eabi/lib/thumb/v7-m/nofp\libc_nano.a(libc_a-nano-vfprintf_i.o)
                0x080100ac                        . = ALIGN (0x4)
 *fill*         0x080100a9        0x3 

.ARM.extab      0x080100ac        0x0
                0x080100ac                        . = ALIGN (0x4)
 *(.ARM.extab* .gnu.linkonce.armextab.*)
                0x080100ac                        . = ALIGN (0x4)

.ARM            0x080100ac        0x8
                0x080100ac                        . = ALIGN (0x4)
                0x080100ac                        __exidx_start = .
 *(.ARM.exidx*)
 .ARM.exidx     0x080100ac        0x8 D:/ST/STM32CubeIDE_1.16.0/STM32CubeIDE/plugins/com.st.stm32cube.ide.mcu.externaltools.gnu-tools-for-stm32.12.3.rel1.win32_1.0.200.202406191623/tools/bin/../lib/gcc/arm-none-eabi/12.3.1/../../../../arm-none-eabi/lib/thumb/v7-m/nofp\libc_nano.a(libc_a-strcmp.o)
 .ARM.exidx     0x080100b4        0x0 D:/ST/STM32CubeIDE_1.16.0/STM32CubeIDE/plugins/com.st.stm32cube.ide.mcu.externaltools.gnu-tools-for-stm32.12.3.rel1.win32_1.0.200.202406191623/tools/bin/../lib/gcc/arm-none-eabi/12.3.1/../../../../arm-none-eabi/lib/thumb/v7-m/nofp\libc_nano.a(libc_a-strlen.o)
                                  0x8 (size before relaxing)
                0x080100b4                        __exidx_end = .
                0x080100b4                        . = ALIGN (0x4)

.preinit_array  0x080100b4        0x0
                0x080100b4                        . = ALIGN (0x4)
                0x080100b4                        PROVIDE (__preinit_array_start = .)
 *(.preinit_array*)
                0x080100b4                        PROVIDE (__preinit_array_end = .)
                0x080100b4                        . = ALIGN (0x4)

.init_array     0x080100b4        0x4
                0x080100b4                        . = ALIGN (0x4)
                0x080100b4                        PROVIDE (__init_array_start = .)
 *(SORT_BY_NAME(.init_array.*))
 *(.init_array*)
 .init_array    0x080100b4        0x4 D:/ST/STM32CubeIDE_1.16.0/STM32CubeIDE/plugins/com.st.stm32cube.ide.mcu.externaltools.gnu-tools-for-stm32.12.3.rel1.win32_1.0.200.202406191623/tools/bin/../lib/gcc/arm-none-eabi/12.3.1/thumb/v7-m/nofp/crtbegin.o
                0x080100b8                        PROVIDE (__init_array_end = .)
                0x080100b8                        . = ALIGN (0x4)

.fini_array     0x080100b8        0x4
                0x080100b8                        . = ALIGN (0x4)
                [!provide]                        PROVIDE (__fini_array_start = .)
 *(SORT_BY_NAME(.fini_array.*))
 *(.fini_array*)
 .fini_array    0x080100b8        0x4 D:/ST/STM32CubeIDE_1.16.0/STM32CubeIDE/plugins/com.st.stm32cube.ide.mcu.externaltools.gnu-tools-for-stm32.12.3.rel1.win32_1.0.200.202406191623/tools/bin/../lib/gcc/arm-none-eabi/12.3.1/thumb/v7-m/nofp/crtbegin.o
                [!provide]                        PROVIDE (__fini_array_end = .)
                0x080100bc                        . = ALIGN (0x4)
                0x080100bc                        _sidata = LOADADDR (.data)

.rel.dyn        0x080100bc        0x0
 .rel.iplt      0x080100bc        0x0 D:/ST/STM32CubeIDE_1.16.0/STM32CubeIDE/plugins/com.st.stm32cube.ide.mcu.externaltools.gnu-tools-for-stm32.12.3.rel1.win32_1.0.200.202406191623/tools/bin/../lib/gcc/arm-none-eabi/12.3.1/thumb/v7-m/nofp/crtbegin.o

.data           0x20000000      0xa58 load address 0x080100bc
                0x20000000                        . = ALIGN (0x4)
                0x20000000                        _sdata = .
 *(.data)
 *(.data*)
 .data.key_up.0
                0x20000000        0x1 ./Core/Src/key.o
 *fill*         0x20000001        0x1 
 .data.BACK_COLOR
                0x20000002        0x2 ./Core/Src/lcd.o
                0x20000002                BACK_COLOR
 .data.block    0x20000004      0x320 ./Core/Src/main.o
                0x20000004                block
 .data.end      0x20000324      0x320 ./Core/Src/main.o
                0x20000324                end
 .data.start    0x20000644      0x320 ./Core/Src/main.o
                0x20000644                start
 .data.path     0x20000964       0x10 ./Core/Src/main.o
                0x20000964                path
 .data.sendData
                0x20000974       0x2c ./Core/Src/main.o
                0x20000974                sendData
 .data.block_cnt
                0x200009a0        0x1 ./Core/Src/main.o
                0x200009a0                block_cnt
 *fill*         0x200009a1        0x3 
 .data.SystemCoreClock
                0x200009a4        0x4 ./Core/Src/system_stm32f1xx.o
                0x200009a4                SystemCoreClock
 .data.tp_dev   0x200009a8       0x34 ./Core/Src/touch.o
                0x200009a8                tp_dev
 .data.CMD_RDX  0x200009dc        0x1 ./Core/Src/touch.o
                0x200009dc                CMD_RDX
 .data.CMD_RDY  0x200009dd        0x1 ./Core/Src/touch.o
                0x200009dd                CMD_RDY
 *fill*         0x200009de        0x2 
 .data.uwTickPrio
                0x200009e0        0x4 ./Drivers/STM32F1xx_HAL_Driver/Src/stm32f1xx_hal.o
                0x200009e0                uwTickPrio
 .data.uwTickFreq
                0x200009e4        0x1 ./Drivers/STM32F1xx_HAL_Driver/Src/stm32f1xx_hal.o
                0x200009e4                uwTickFreq
 *fill*         0x200009e5        0x3 
 .data.__sglue  0x200009e8        0xc D:/ST/STM32CubeIDE_1.16.0/STM32CubeIDE/plugins/com.st.stm32cube.ide.mcu.externaltools.gnu-tools-for-stm32.12.3.rel1.win32_1.0.200.202406191623/tools/bin/../lib/gcc/arm-none-eabi/12.3.1/../../../../arm-none-eabi/lib/thumb/v7-m/nofp\libc_nano.a(libc_a-findfp.o)
                0x200009e8                __sglue
 .data._impure_ptr
                0x200009f4        0x4 D:/ST/STM32CubeIDE_1.16.0/STM32CubeIDE/plugins/com.st.stm32cube.ide.mcu.externaltools.gnu-tools-for-stm32.12.3.rel1.win32_1.0.200.202406191623/tools/bin/../lib/gcc/arm-none-eabi/12.3.1/../../../../arm-none-eabi/lib/thumb/v7-m/nofp\libc_nano.a(libc_a-impure.o)
                0x200009f4                _impure_ptr
 .data._impure_data
                0x200009f8       0x4c D:/ST/STM32CubeIDE_1.16.0/STM32CubeIDE/plugins/com.st.stm32cube.ide.mcu.externaltools.gnu-tools-for-stm32.12.3.rel1.win32_1.0.200.202406191623/tools/bin/../lib/gcc/arm-none-eabi/12.3.1/../../../../arm-none-eabi/lib/thumb/v7-m/nofp\libc_nano.a(libc_a-impure.o)
                0x200009f8                _impure_data
 *fill*         0x20000a44        0x4 
 .data.tiny     0x20000a48        0x8 D:/ST/STM32CubeIDE_1.16.0/STM32CubeIDE/plugins/com.st.stm32cube.ide.mcu.externaltools.gnu-tools-for-stm32.12.3.rel1.win32_1.0.200.202406191623/tools/bin/../lib/gcc/arm-none-eabi/12.3.1/../../../../arm-none-eabi/lib/thumb/v7-m/nofp\libm.a(libm_a-e_sqrt.o)
 .data.one      0x20000a50        0x8 D:/ST/STM32CubeIDE_1.16.0/STM32CubeIDE/plugins/com.st.stm32cube.ide.mcu.externaltools.gnu-tools-for-stm32.12.3.rel1.win32_1.0.200.202406191623/tools/bin/../lib/gcc/arm-none-eabi/12.3.1/../../../../arm-none-eabi/lib/thumb/v7-m/nofp\libm.a(libm_a-e_sqrt.o)
 *(.RamFunc)
 *(.RamFunc*)
                0x20000a58                        . = ALIGN (0x4)
                0x20000a58                        _edata = .

.igot.plt       0x20000a58        0x0 load address 0x08010b14
 .igot.plt      0x20000a58        0x0 D:/ST/STM32CubeIDE_1.16.0/STM32CubeIDE/plugins/com.st.stm32cube.ide.mcu.externaltools.gnu-tools-for-stm32.12.3.rel1.win32_1.0.200.202406191623/tools/bin/../lib/gcc/arm-none-eabi/12.3.1/thumb/v7-m/nofp/crtbegin.o
                0x20000a58                        . = ALIGN (0x4)

.bss            0x20000a58      0x2a0 load address 0x08010b14
                0x20000a58                        _sbss = .
                0x20000a58                        __bss_start__ = _sbss
 *(.bss)
 .bss           0x20000a58       0x1c D:/ST/STM32CubeIDE_1.16.0/STM32CubeIDE/plugins/com.st.stm32cube.ide.mcu.externaltools.gnu-tools-for-stm32.12.3.rel1.win32_1.0.200.202406191623/tools/bin/../lib/gcc/arm-none-eabi/12.3.1/thumb/v7-m/nofp/crtbegin.o
 *(.bss*)
 .bss.fac_us    0x20000a74        0x4 ./Core/Src/delay.o
 .bss.t.0       0x20000a78        0x1 ./Core/Src/ft5206.o
 .bss.t.0       0x20000a79        0x1 ./Core/Src/gt9147.o
 .bss.POINT_COLOR
                0x20000a7a        0x2 ./Core/Src/lcd.o
                0x20000a7a                POINT_COLOR
 .bss.lcddev    0x20000a7c        0xe ./Core/Src/lcd.o
                0x20000a7c                lcddev
 .bss.connected
                0x20000a8a        0x2 ./Core/Src/main.o
                0x20000a8a                connected
 .bss.board     0x20000a8c       0x10 ./Core/Src/main.o
                0x20000a8c                board
 .bss.path_p    0x20000a9c        0x1 ./Core/Src/main.o
                0x20000a9c                path_p
 .bss.path_set  0x20000a9d        0x1 ./Core/Src/main.o
                0x20000a9d                path_set
 .bss.path_valid
                0x20000a9e        0x1 ./Core/Src/main.o
                0x20000a9e                path_valid
 *fill*         0x20000a9f        0x1 
 .bss.huart1    0x20000aa0       0x48 ./Core/Src/main.o
                0x20000aa0                huart1
 .bss.hdma_usart1_tx
                0x20000ae8       0x44 ./Core/Src/main.o
                0x20000ae8                hdma_usart1_tx
 .bss.hdma_usart1_rx
                0x20000b2c       0x44 ./Core/Src/main.o
                0x20000b2c                hdma_usart1_rx
 .bss.receiveData
                0x20000b70       0x32 ./Core/Src/main.o
                0x20000b70                receiveData
 .bss.t.0       0x20000ba2        0x1 ./Core/Src/ott2001a.o
 *fill*         0x20000ba3        0x1 
 .bss.__sbrk_heap_end
                0x20000ba4        0x4 ./Core/Src/sysmem.o
 .bss.uwTick    0x20000ba8        0x4 ./Drivers/STM32F1xx_HAL_Driver/Src/stm32f1xx_hal.o
                0x20000ba8                uwTick
 .bss.__sf      0x20000bac      0x138 D:/ST/STM32CubeIDE_1.16.0/STM32CubeIDE/plugins/com.st.stm32cube.ide.mcu.externaltools.gnu-tools-for-stm32.12.3.rel1.win32_1.0.200.202406191623/tools/bin/../lib/gcc/arm-none-eabi/12.3.1/../../../../arm-none-eabi/lib/thumb/v7-m/nofp\libc_nano.a(libc_a-findfp.o)
                0x20000bac                __sf
 .bss.__stdio_exit_handler
                0x20000ce4        0x4 D:/ST/STM32CubeIDE_1.16.0/STM32CubeIDE/plugins/com.st.stm32cube.ide.mcu.externaltools.gnu-tools-for-stm32.12.3.rel1.win32_1.0.200.202406191623/tools/bin/../lib/gcc/arm-none-eabi/12.3.1/../../../../arm-none-eabi/lib/thumb/v7-m/nofp\libc_nano.a(libc_a-findfp.o)
                0x20000ce4                __stdio_exit_handler
 .bss.errno     0x20000ce8        0x4 D:/ST/STM32CubeIDE_1.16.0/STM32CubeIDE/plugins/com.st.stm32cube.ide.mcu.externaltools.gnu-tools-for-stm32.12.3.rel1.win32_1.0.200.202406191623/tools/bin/../lib/gcc/arm-none-eabi/12.3.1/../../../../arm-none-eabi/lib/thumb/v7-m/nofp\libc_nano.a(libc_a-reent.o)
                0x20000ce8                errno
 .bss.__lock___malloc_recursive_mutex
                0x20000cec        0x1 D:/ST/STM32CubeIDE_1.16.0/STM32CubeIDE/plugins/com.st.stm32cube.ide.mcu.externaltools.gnu-tools-for-stm32.12.3.rel1.win32_1.0.200.202406191623/tools/bin/../lib/gcc/arm-none-eabi/12.3.1/../../../../arm-none-eabi/lib/thumb/v7-m/nofp\libc_nano.a(libc_a-lock.o)
                0x20000cec                __lock___malloc_recursive_mutex
 .bss.__lock___sfp_recursive_mutex
                0x20000ced        0x1 D:/ST/STM32CubeIDE_1.16.0/STM32CubeIDE/plugins/com.st.stm32cube.ide.mcu.externaltools.gnu-tools-for-stm32.12.3.rel1.win32_1.0.200.202406191623/tools/bin/../lib/gcc/arm-none-eabi/12.3.1/../../../../arm-none-eabi/lib/thumb/v7-m/nofp\libc_nano.a(libc_a-lock.o)
                0x20000ced                __lock___sfp_recursive_mutex
 *fill*         0x20000cee        0x2 
 .bss.__malloc_sbrk_start
                0x20000cf0        0x4 D:/ST/STM32CubeIDE_1.16.0/STM32CubeIDE/plugins/com.st.stm32cube.ide.mcu.externaltools.gnu-tools-for-stm32.12.3.rel1.win32_1.0.200.202406191623/tools/bin/../lib/gcc/arm-none-eabi/12.3.1/../../../../arm-none-eabi/lib/thumb/v7-m/nofp\libc_nano.a(libc_a-mallocr.o)
                0x20000cf0                __malloc_sbrk_start
 .bss.__malloc_free_list
                0x20000cf4        0x4 D:/ST/STM32CubeIDE_1.16.0/STM32CubeIDE/plugins/com.st.stm32cube.ide.mcu.externaltools.gnu-tools-for-stm32.12.3.rel1.win32_1.0.200.202406191623/tools/bin/../lib/gcc/arm-none-eabi/12.3.1/../../../../arm-none-eabi/lib/thumb/v7-m/nofp\libc_nano.a(libc_a-mallocr.o)
                0x20000cf4                __malloc_free_list
 *(COMMON)
                0x20000cf8                        . = ALIGN (0x4)
                0x20000cf8                        _ebss = .
                0x20000cf8                        __bss_end__ = _ebss

._user_heap_stack
                0x20000cf8      0x600 load address 0x08010b14
                0x20000cf8                        . = ALIGN (0x8)
                [!provide]                        PROVIDE (end = .)
                0x20000cf8                        PROVIDE (_end = .)
                0x20000ef8                        . = (. + _Min_Heap_Size)
 *fill*         0x20000cf8      0x200 
                0x200012f8                        . = (. + _Min_Stack_Size)
 *fill*         0x20000ef8      0x400 
                0x200012f8                        . = ALIGN (0x8)

/DISCARD/
 libc.a(*)
 libm.a(*)
 libgcc.a(*)

.ARM.attributes
                0x00000000       0x29
 *(.ARM.attributes)
 .ARM.attributes
                0x00000000       0x1d D:/ST/STM32CubeIDE_1.16.0/STM32CubeIDE/plugins/com.st.stm32cube.ide.mcu.externaltools.gnu-tools-for-stm32.12.3.rel1.win32_1.0.200.202406191623/tools/bin/../lib/gcc/arm-none-eabi/12.3.1/thumb/v7-m/nofp/crti.o
 .ARM.attributes
                0x0000001d       0x2d D:/ST/STM32CubeIDE_1.16.0/STM32CubeIDE/plugins/com.st.stm32cube.ide.mcu.externaltools.gnu-tools-for-stm32.12.3.rel1.win32_1.0.200.202406191623/tools/bin/../lib/gcc/arm-none-eabi/12.3.1/thumb/v7-m/nofp/crtbegin.o
 .ARM.attributes
                0x0000004a       0x2d ./Core/Src/24cxx.o
 .ARM.attributes
                0x00000077       0x2d ./Core/Src/ctiic.o
 .ARM.attributes
                0x000000a4       0x2d ./Core/Src/delay.o
 .ARM.attributes
                0x000000d1       0x2d ./Core/Src/ft5206.o
 .ARM.attributes
                0x000000fe       0x2d ./Core/Src/gt9147.o
 .ARM.attributes
                0x0000012b       0x2d ./Core/Src/key.o
 .ARM.attributes
                0x00000158       0x2d ./Core/Src/lcd.o
 .ARM.attributes
                0x00000185       0x2d ./Core/Src/led.o
 .ARM.attributes
                0x000001b2       0x2d ./Core/Src/main.o
 .ARM.attributes
                0x000001df       0x2d ./Core/Src/myiic.o
 .ARM.attributes
                0x0000020c       0x2d ./Core/Src/ott2001a.o
 .ARM.attributes
                0x00000239       0x2d ./Core/Src/stm32f1xx_hal_msp.o
 .ARM.attributes
                0x00000266       0x2d ./Core/Src/stm32f1xx_it.o
 .ARM.attributes
                0x00000293       0x2d ./Core/Src/syscalls.o
 .ARM.attributes
                0x000002c0       0x2d ./Core/Src/sysmem.o
 .ARM.attributes
                0x000002ed       0x2d ./Core/Src/system_stm32f1xx.o
 .ARM.attributes
                0x0000031a       0x2d ./Core/Src/touch.o
 .ARM.attributes
                0x00000347       0x21 ./Core/Startup/startup_stm32f103rctx.o
 .ARM.attributes
                0x00000368       0x2d ./Drivers/STM32F1xx_HAL_Driver/Src/stm32f1xx_hal.o
 .ARM.attributes
                0x00000395       0x2d ./Drivers/STM32F1xx_HAL_Driver/Src/stm32f1xx_hal_cortex.o
 .ARM.attributes
                0x000003c2       0x2d ./Drivers/STM32F1xx_HAL_Driver/Src/stm32f1xx_hal_dma.o
 .ARM.attributes
                0x000003ef       0x2d ./Drivers/STM32F1xx_HAL_Driver/Src/stm32f1xx_hal_gpio.o
 .ARM.attributes
                0x0000041c       0x2d ./Drivers/STM32F1xx_HAL_Driver/Src/stm32f1xx_hal_rcc.o
 .ARM.attributes
                0x00000449       0x2d ./Drivers/STM32F1xx_HAL_Driver/Src/stm32f1xx_hal_uart.o
 .ARM.attributes
                0x00000476       0x2d D:/ST/STM32CubeIDE_1.16.0/STM32CubeIDE/plugins/com.st.stm32cube.ide.mcu.externaltools.gnu-tools-for-stm32.12.3.rel1.win32_1.0.200.202406191623/tools/bin/../lib/gcc/arm-none-eabi/12.3.1/../../../../arm-none-eabi/lib/thumb/v7-m/nofp\libc_nano.a(libc_a-findfp.o)
 .ARM.attributes
                0x000004a3       0x2d D:/ST/STM32CubeIDE_1.16.0/STM32CubeIDE/plugins/com.st.stm32cube.ide.mcu.externaltools.gnu-tools-for-stm32.12.3.rel1.win32_1.0.200.202406191623/tools/bin/../lib/gcc/arm-none-eabi/12.3.1/../../../../arm-none-eabi/lib/thumb/v7-m/nofp\libc_nano.a(libc_a-fwalk.o)
 .ARM.attributes
                0x000004d0       0x2d D:/ST/STM32CubeIDE_1.16.0/STM32CubeIDE/plugins/com.st.stm32cube.ide.mcu.externaltools.gnu-tools-for-stm32.12.3.rel1.win32_1.0.200.202406191623/tools/bin/../lib/gcc/arm-none-eabi/12.3.1/../../../../arm-none-eabi/lib/thumb/v7-m/nofp\libc_nano.a(libc_a-printf.o)
 .ARM.attributes
                0x000004fd       0x2d D:/ST/STM32CubeIDE_1.16.0/STM32CubeIDE/plugins/com.st.stm32cube.ide.mcu.externaltools.gnu-tools-for-stm32.12.3.rel1.win32_1.0.200.202406191623/tools/bin/../lib/gcc/arm-none-eabi/12.3.1/../../../../arm-none-eabi/lib/thumb/v7-m/nofp\libc_nano.a(libc_a-snprintf.o)
 .ARM.attributes
                0x0000052a       0x2d D:/ST/STM32CubeIDE_1.16.0/STM32CubeIDE/plugins/com.st.stm32cube.ide.mcu.externaltools.gnu-tools-for-stm32.12.3.rel1.win32_1.0.200.202406191623/tools/bin/../lib/gcc/arm-none-eabi/12.3.1/../../../../arm-none-eabi/lib/thumb/v7-m/nofp\libc_nano.a(libc_a-stdio.o)
 .ARM.attributes
                0x00000557       0x2d D:/ST/STM32CubeIDE_1.16.0/STM32CubeIDE/plugins/com.st.stm32cube.ide.mcu.externaltools.gnu-tools-for-stm32.12.3.rel1.win32_1.0.200.202406191623/tools/bin/../lib/gcc/arm-none-eabi/12.3.1/../../../../arm-none-eabi/lib/thumb/v7-m/nofp\libc_nano.a(libc_a-memset.o)
 .ARM.attributes
                0x00000584       0x2d D:/ST/STM32CubeIDE_1.16.0/STM32CubeIDE/plugins/com.st.stm32cube.ide.mcu.externaltools.gnu-tools-for-stm32.12.3.rel1.win32_1.0.200.202406191623/tools/bin/../lib/gcc/arm-none-eabi/12.3.1/../../../../arm-none-eabi/lib/thumb/v7-m/nofp\libc_nano.a(libc_a-closer.o)
 .ARM.attributes
                0x000005b1       0x2d D:/ST/STM32CubeIDE_1.16.0/STM32CubeIDE/plugins/com.st.stm32cube.ide.mcu.externaltools.gnu-tools-for-stm32.12.3.rel1.win32_1.0.200.202406191623/tools/bin/../lib/gcc/arm-none-eabi/12.3.1/../../../../arm-none-eabi/lib/thumb/v7-m/nofp\libc_nano.a(libc_a-reent.o)
 .ARM.attributes
                0x000005de       0x2d D:/ST/STM32CubeIDE_1.16.0/STM32CubeIDE/plugins/com.st.stm32cube.ide.mcu.externaltools.gnu-tools-for-stm32.12.3.rel1.win32_1.0.200.202406191623/tools/bin/../lib/gcc/arm-none-eabi/12.3.1/../../../../arm-none-eabi/lib/thumb/v7-m/nofp\libc_nano.a(libc_a-impure.o)
 .ARM.attributes
                0x0000060b       0x2d D:/ST/STM32CubeIDE_1.16.0/STM32CubeIDE/plugins/com.st.stm32cube.ide.mcu.externaltools.gnu-tools-for-stm32.12.3.rel1.win32_1.0.200.202406191623/tools/bin/../lib/gcc/arm-none-eabi/12.3.1/../../../../arm-none-eabi/lib/thumb/v7-m/nofp\libc_nano.a(libc_a-lseekr.o)
 .ARM.attributes
                0x00000638       0x2d D:/ST/STM32CubeIDE_1.16.0/STM32CubeIDE/plugins/com.st.stm32cube.ide.mcu.externaltools.gnu-tools-for-stm32.12.3.rel1.win32_1.0.200.202406191623/tools/bin/../lib/gcc/arm-none-eabi/12.3.1/../../../../arm-none-eabi/lib/thumb/v7-m/nofp\libc_nano.a(libc_a-readr.o)
 .ARM.attributes
                0x00000665       0x2d D:/ST/STM32CubeIDE_1.16.0/STM32CubeIDE/plugins/com.st.stm32cube.ide.mcu.externaltools.gnu-tools-for-stm32.12.3.rel1.win32_1.0.200.202406191623/tools/bin/../lib/gcc/arm-none-eabi/12.3.1/../../../../arm-none-eabi/lib/thumb/v7-m/nofp\libc_nano.a(libc_a-writer.o)
 .ARM.attributes
                0x00000692       0x2d D:/ST/STM32CubeIDE_1.16.0/STM32CubeIDE/plugins/com.st.stm32cube.ide.mcu.externaltools.gnu-tools-for-stm32.12.3.rel1.win32_1.0.200.202406191623/tools/bin/../lib/gcc/arm-none-eabi/12.3.1/../../../../arm-none-eabi/lib/thumb/v7-m/nofp\libc_nano.a(libc_a-errno.o)
 .ARM.attributes
                0x000006bf       0x2d D:/ST/STM32CubeIDE_1.16.0/STM32CubeIDE/plugins/com.st.stm32cube.ide.mcu.externaltools.gnu-tools-for-stm32.12.3.rel1.win32_1.0.200.202406191623/tools/bin/../lib/gcc/arm-none-eabi/12.3.1/../../../../arm-none-eabi/lib/thumb/v7-m/nofp\libc_nano.a(libc_a-init.o)
 .ARM.attributes
                0x000006ec       0x2d D:/ST/STM32CubeIDE_1.16.0/STM32CubeIDE/plugins/com.st.stm32cube.ide.mcu.externaltools.gnu-tools-for-stm32.12.3.rel1.win32_1.0.200.202406191623/tools/bin/../lib/gcc/arm-none-eabi/12.3.1/../../../../arm-none-eabi/lib/thumb/v7-m/nofp\libc_nano.a(libc_a-lock.o)
 .ARM.attributes
                0x00000719       0x1b D:/ST/STM32CubeIDE_1.16.0/STM32CubeIDE/plugins/com.st.stm32cube.ide.mcu.externaltools.gnu-tools-for-stm32.12.3.rel1.win32_1.0.200.202406191623/tools/bin/../lib/gcc/arm-none-eabi/12.3.1/../../../../arm-none-eabi/lib/thumb/v7-m/nofp\libc_nano.a(libc_a-strcmp.o)
 .ARM.attributes
                0x00000734       0x17 D:/ST/STM32CubeIDE_1.16.0/STM32CubeIDE/plugins/com.st.stm32cube.ide.mcu.externaltools.gnu-tools-for-stm32.12.3.rel1.win32_1.0.200.202406191623/tools/bin/../lib/gcc/arm-none-eabi/12.3.1/../../../../arm-none-eabi/lib/thumb/v7-m/nofp\libc_nano.a(libc_a-strlen.o)
 .ARM.attributes
                0x0000074b       0x2d D:/ST/STM32CubeIDE_1.16.0/STM32CubeIDE/plugins/com.st.stm32cube.ide.mcu.externaltools.gnu-tools-for-stm32.12.3.rel1.win32_1.0.200.202406191623/tools/bin/../lib/gcc/arm-none-eabi/12.3.1/../../../../arm-none-eabi/lib/thumb/v7-m/nofp\libc_nano.a(libc_a-freer.o)
 .ARM.attributes
                0x00000778       0x2d D:/ST/STM32CubeIDE_1.16.0/STM32CubeIDE/plugins/com.st.stm32cube.ide.mcu.externaltools.gnu-tools-for-stm32.12.3.rel1.win32_1.0.200.202406191623/tools/bin/../lib/gcc/arm-none-eabi/12.3.1/../../../../arm-none-eabi/lib/thumb/v7-m/nofp\libc_nano.a(libc_a-mallocr.o)
 .ARM.attributes
                0x000007a5       0x2d D:/ST/STM32CubeIDE_1.16.0/STM32CubeIDE/plugins/com.st.stm32cube.ide.mcu.externaltools.gnu-tools-for-stm32.12.3.rel1.win32_1.0.200.202406191623/tools/bin/../lib/gcc/arm-none-eabi/12.3.1/../../../../arm-none-eabi/lib/thumb/v7-m/nofp\libc_nano.a(libc_a-mlock.o)
 .ARM.attributes
                0x000007d2       0x2d D:/ST/STM32CubeIDE_1.16.0/STM32CubeIDE/plugins/com.st.stm32cube.ide.mcu.externaltools.gnu-tools-for-stm32.12.3.rel1.win32_1.0.200.202406191623/tools/bin/../lib/gcc/arm-none-eabi/12.3.1/../../../../arm-none-eabi/lib/thumb/v7-m/nofp\libc_nano.a(libc_a-nano-svfprintf.o)
 .ARM.attributes
                0x000007ff       0x2d D:/ST/STM32CubeIDE_1.16.0/STM32CubeIDE/plugins/com.st.stm32cube.ide.mcu.externaltools.gnu-tools-for-stm32.12.3.rel1.win32_1.0.200.202406191623/tools/bin/../lib/gcc/arm-none-eabi/12.3.1/../../../../arm-none-eabi/lib/thumb/v7-m/nofp\libc_nano.a(libc_a-nano-vfprintf.o)
 .ARM.attributes
                0x0000082c       0x2d D:/ST/STM32CubeIDE_1.16.0/STM32CubeIDE/plugins/com.st.stm32cube.ide.mcu.externaltools.gnu-tools-for-stm32.12.3.rel1.win32_1.0.200.202406191623/tools/bin/../lib/gcc/arm-none-eabi/12.3.1/../../../../arm-none-eabi/lib/thumb/v7-m/nofp\libc_nano.a(libc_a-nano-vfprintf_i.o)
 .ARM.attributes
                0x00000859       0x2d D:/ST/STM32CubeIDE_1.16.0/STM32CubeIDE/plugins/com.st.stm32cube.ide.mcu.externaltools.gnu-tools-for-stm32.12.3.rel1.win32_1.0.200.202406191623/tools/bin/../lib/gcc/arm-none-eabi/12.3.1/../../../../arm-none-eabi/lib/thumb/v7-m/nofp\libc_nano.a(libc_a-fflush.o)
 .ARM.attributes
                0x00000886       0x2d D:/ST/STM32CubeIDE_1.16.0/STM32CubeIDE/plugins/com.st.stm32cube.ide.mcu.externaltools.gnu-tools-for-stm32.12.3.rel1.win32_1.0.200.202406191623/tools/bin/../lib/gcc/arm-none-eabi/12.3.1/../../../../arm-none-eabi/lib/thumb/v7-m/nofp\libc_nano.a(libc_a-wbuf.o)
 .ARM.attributes
                0x000008b3       0x2d D:/ST/STM32CubeIDE_1.16.0/STM32CubeIDE/plugins/com.st.stm32cube.ide.mcu.externaltools.gnu-tools-for-stm32.12.3.rel1.win32_1.0.200.202406191623/tools/bin/../lib/gcc/arm-none-eabi/12.3.1/../../../../arm-none-eabi/lib/thumb/v7-m/nofp\libc_nano.a(libc_a-wsetup.o)
 .ARM.attributes
                0x000008e0       0x2d D:/ST/STM32CubeIDE_1.16.0/STM32CubeIDE/plugins/com.st.stm32cube.ide.mcu.externaltools.gnu-tools-for-stm32.12.3.rel1.win32_1.0.200.202406191623/tools/bin/../lib/gcc/arm-none-eabi/12.3.1/../../../../arm-none-eabi/lib/thumb/v7-m/nofp\libc_nano.a(libc_a-memmove.o)
 .ARM.attributes
                0x0000090d       0x2d D:/ST/STM32CubeIDE_1.16.0/STM32CubeIDE/plugins/com.st.stm32cube.ide.mcu.externaltools.gnu-tools-for-stm32.12.3.rel1.win32_1.0.200.202406191623/tools/bin/../lib/gcc/arm-none-eabi/12.3.1/../../../../arm-none-eabi/lib/thumb/v7-m/nofp\libc_nano.a(libc_a-sbrkr.o)
 .ARM.attributes
                0x0000093a       0x2d D:/ST/STM32CubeIDE_1.16.0/STM32CubeIDE/plugins/com.st.stm32cube.ide.mcu.externaltools.gnu-tools-for-stm32.12.3.rel1.win32_1.0.200.202406191623/tools/bin/../lib/gcc/arm-none-eabi/12.3.1/../../../../arm-none-eabi/lib/thumb/v7-m/nofp\libc_nano.a(libc_a-memchr-stub.o)
 .ARM.attributes
                0x00000967       0x2d D:/ST/STM32CubeIDE_1.16.0/STM32CubeIDE/plugins/com.st.stm32cube.ide.mcu.externaltools.gnu-tools-for-stm32.12.3.rel1.win32_1.0.200.202406191623/tools/bin/../lib/gcc/arm-none-eabi/12.3.1/../../../../arm-none-eabi/lib/thumb/v7-m/nofp\libc_nano.a(libc_a-memcpy-stub.o)
 .ARM.attributes
                0x00000994       0x2d D:/ST/STM32CubeIDE_1.16.0/STM32CubeIDE/plugins/com.st.stm32cube.ide.mcu.externaltools.gnu-tools-for-stm32.12.3.rel1.win32_1.0.200.202406191623/tools/bin/../lib/gcc/arm-none-eabi/12.3.1/../../../../arm-none-eabi/lib/thumb/v7-m/nofp\libc_nano.a(libc_a-reallocr.o)
 .ARM.attributes
                0x000009c1       0x2d D:/ST/STM32CubeIDE_1.16.0/STM32CubeIDE/plugins/com.st.stm32cube.ide.mcu.externaltools.gnu-tools-for-stm32.12.3.rel1.win32_1.0.200.202406191623/tools/bin/../lib/gcc/arm-none-eabi/12.3.1/../../../../arm-none-eabi/lib/thumb/v7-m/nofp\libc_nano.a(libc_a-makebuf.o)
 .ARM.attributes
                0x000009ee       0x2d D:/ST/STM32CubeIDE_1.16.0/STM32CubeIDE/plugins/com.st.stm32cube.ide.mcu.externaltools.gnu-tools-for-stm32.12.3.rel1.win32_1.0.200.202406191623/tools/bin/../lib/gcc/arm-none-eabi/12.3.1/../../../../arm-none-eabi/lib/thumb/v7-m/nofp\libc_nano.a(libc_a-fstatr.o)
 .ARM.attributes
                0x00000a1b       0x2d D:/ST/STM32CubeIDE_1.16.0/STM32CubeIDE/plugins/com.st.stm32cube.ide.mcu.externaltools.gnu-tools-for-stm32.12.3.rel1.win32_1.0.200.202406191623/tools/bin/../lib/gcc/arm-none-eabi/12.3.1/../../../../arm-none-eabi/lib/thumb/v7-m/nofp\libc_nano.a(libc_a-isattyr.o)
 .ARM.attributes
                0x00000a48       0x2d D:/ST/STM32CubeIDE_1.16.0/STM32CubeIDE/plugins/com.st.stm32cube.ide.mcu.externaltools.gnu-tools-for-stm32.12.3.rel1.win32_1.0.200.202406191623/tools/bin/../lib/gcc/arm-none-eabi/12.3.1/../../../../arm-none-eabi/lib/thumb/v7-m/nofp\libc_nano.a(libc_a-msizer.o)
 .ARM.attributes
                0x00000a75       0x2d D:/ST/STM32CubeIDE_1.16.0/STM32CubeIDE/plugins/com.st.stm32cube.ide.mcu.externaltools.gnu-tools-for-stm32.12.3.rel1.win32_1.0.200.202406191623/tools/bin/../lib/gcc/arm-none-eabi/12.3.1/../../../../arm-none-eabi/lib/thumb/v7-m/nofp\libm.a(libm_a-w_sqrt.o)
 .ARM.attributes
                0x00000aa2       0x2d D:/ST/STM32CubeIDE_1.16.0/STM32CubeIDE/plugins/com.st.stm32cube.ide.mcu.externaltools.gnu-tools-for-stm32.12.3.rel1.win32_1.0.200.202406191623/tools/bin/../lib/gcc/arm-none-eabi/12.3.1/../../../../arm-none-eabi/lib/thumb/v7-m/nofp\libm.a(libm_a-e_sqrt.o)
 .ARM.attributes
                0x00000acf       0x1d D:/ST/STM32CubeIDE_1.16.0/STM32CubeIDE/plugins/com.st.stm32cube.ide.mcu.externaltools.gnu-tools-for-stm32.12.3.rel1.win32_1.0.200.202406191623/tools/bin/../lib/gcc/arm-none-eabi/12.3.1/thumb/v7-m/nofp\libgcc.a(_arm_addsubdf3.o)
 .ARM.attributes
                0x00000aec       0x1d D:/ST/STM32CubeIDE_1.16.0/STM32CubeIDE/plugins/com.st.stm32cube.ide.mcu.externaltools.gnu-tools-for-stm32.12.3.rel1.win32_1.0.200.202406191623/tools/bin/../lib/gcc/arm-none-eabi/12.3.1/thumb/v7-m/nofp\libgcc.a(_arm_muldivdf3.o)
 .ARM.attributes
                0x00000b09       0x1d D:/ST/STM32CubeIDE_1.16.0/STM32CubeIDE/plugins/com.st.stm32cube.ide.mcu.externaltools.gnu-tools-for-stm32.12.3.rel1.win32_1.0.200.202406191623/tools/bin/../lib/gcc/arm-none-eabi/12.3.1/thumb/v7-m/nofp\libgcc.a(_arm_cmpdf2.o)
 .ARM.attributes
                0x00000b26       0x1d D:/ST/STM32CubeIDE_1.16.0/STM32CubeIDE/plugins/com.st.stm32cube.ide.mcu.externaltools.gnu-tools-for-stm32.12.3.rel1.win32_1.0.200.202406191623/tools/bin/../lib/gcc/arm-none-eabi/12.3.1/thumb/v7-m/nofp\libgcc.a(_arm_unorddf2.o)
 .ARM.attributes
                0x00000b43       0x1d D:/ST/STM32CubeIDE_1.16.0/STM32CubeIDE/plugins/com.st.stm32cube.ide.mcu.externaltools.gnu-tools-for-stm32.12.3.rel1.win32_1.0.200.202406191623/tools/bin/../lib/gcc/arm-none-eabi/12.3.1/thumb/v7-m/nofp\libgcc.a(_arm_fixunsdfsi.o)
 .ARM.attributes
                0x00000b60       0x1d D:/ST/STM32CubeIDE_1.16.0/STM32CubeIDE/plugins/com.st.stm32cube.ide.mcu.externaltools.gnu-tools-for-stm32.12.3.rel1.win32_1.0.200.202406191623/tools/bin/../lib/gcc/arm-none-eabi/12.3.1/thumb/v7-m/nofp\libgcc.a(_arm_addsubsf3.o)
 .ARM.attributes
                0x00000b7d       0x1d D:/ST/STM32CubeIDE_1.16.0/STM32CubeIDE/plugins/com.st.stm32cube.ide.mcu.externaltools.gnu-tools-for-stm32.12.3.rel1.win32_1.0.200.202406191623/tools/bin/../lib/gcc/arm-none-eabi/12.3.1/thumb/v7-m/nofp\libgcc.a(_arm_muldivsf3.o)
 .ARM.attributes
                0x00000b9a       0x1d D:/ST/STM32CubeIDE_1.16.0/STM32CubeIDE/plugins/com.st.stm32cube.ide.mcu.externaltools.gnu-tools-for-stm32.12.3.rel1.win32_1.0.200.202406191623/tools/bin/../lib/gcc/arm-none-eabi/12.3.1/thumb/v7-m/nofp\libgcc.a(_arm_fixsfsi.o)
 .ARM.attributes