../Core/Src/stm32f1xx_it.c:84:6:NMI_Handler	4	static
../Core/Src/stm32f1xx_it.c:99:6:HardFault_Handler	4	static
../Core/Src/stm32f1xx_it.c:114:6:MemManage_Handler	4	static
../Core/Src/stm32f1xx_it.c:129:6:BusFault_Handler	4	static
../Core/Src/stm32f1xx_it.c:144:6:UsageFault_Handler	4	static
../Core/Src/stm32f1xx_it.c:159:6:SVC_Handler	4	static
../Core/Src/stm32f1xx_it.c:172:6:DebugMon_Handler	4	static
../Core/Src/stm32f1xx_it.c:185:6:PendSV_Handler	4	static
../Core/Src/stm32f1xx_it.c:198:6:SysTick_Handler	8	static
../Core/Src/stm32f1xx_it.c:219:6:EXTI0_IRQHandler	8	static
../Core/Src/stm32f1xx_it.c:233:6:EXTI9_5_IRQHandler	8	static
../Core/Src/stm32f1xx_it.c:247:6:TIM3_IRQHandler	8	static
../Core/Src/stm32f1xx_it.c:261:6:USART1_IRQHandler	8	static
../Core/Src/stm32f1xx_it.c:274:6:EXTI15_10_IRQHandler	8	static
../Core/Src/stm32f1xx_it.c:286:6:HAL_TIM_PeriodElapsedCallback	32	static
../Core/Src/stm32f1xx_it.c:301:6:HAL_GPIO_EXTI_Callback	40	static
../Core/Src/stm32f1xx_it.c:363:6:HAL_UART_RxCpltCallback	24	static
