Component: ARM Compiler 5.06 update 7 (build 960) Tool: armlink [4d3601]

==============================================================================

Section Cross References

    main.o(i.bfs) refers to memseta.o(.text) for __aeabi_memclr4
    main.o(i.bfs) refers to main.o(i.initQueue) for initQueue
    main.o(i.bfs) refers to main.o(i.enqueue) for enqueue
    main.o(i.bfs) refers to main.o(i.dequeue) for dequeue
    main.o(i.bfs) refers to main.o(i.isValid) for isValid
    main.o(i.bfs) refers to main.o(i.isEmpty) for isEmpty
    main.o(i.bfs) refers to main.o(.data) for dx
    main.o(i.find_obstacle) refers to printfa.o(i.__0printf) for __2printf
    main.o(i.find_obstacle) refers to main.o(i.is_valid) for is_valid
    main.o(i.find_obstacle) refers to main.o(i.turn) for turn
    main.o(i.find_obstacle) refers to main.o(i.forwardDetect) for forwardDetect
    main.o(i.find_obstacle) refers to stm32f10x_gpio.o(i.GPIO_ResetBits) for GPIO_ResetBits
    main.o(i.find_obstacle) refers to delay.o(i.delay_ms) for delay_ms
    main.o(i.find_obstacle) refers to stm32f10x_gpio.o(i.GPIO_SetBits) for GPIO_SetBits
    main.o(i.find_obstacle) refers to printfa.o(i.__0snprintf) for __2snprintf
    main.o(i.find_obstacle) refers to usart2.o(i.u2_printf) for u2_printf
    main.o(i.find_obstacle) refers to main.o(i.moveToPoint) for moveToPoint
    main.o(i.find_obstacle) refers to main.o(.data) for thisX
    main.o(i.find_obstacle) refers to main.o(.bss) for count
    main.o(i.forwardDetect) refers to ultrasonicwave.o(i.UltrasonicWave_StartMeasure) for UltrasonicWave_StartMeasure
    main.o(i.forwardDetect) refers to motor.o(i.HJduino_brake) for HJduino_brake
    main.o(i.forwardDetect) refers to motor.o(i.HJduino_back) for HJduino_back
    main.o(i.forwardDetect) refers to motor.o(i.HJduino_run) for HJduino_run
    main.o(i.front_detection) refers to server.o(i.SetJointAngle) for SetJointAngle
    main.o(i.front_detection) refers to delay.o(i.delay_ms) for delay_ms
    main.o(i.front_detection) refers to ultrasonicwave.o(i.UltrasonicWave_StartMeasure) for UltrasonicWave_StartMeasure
    main.o(i.initQueue) refers to malloc.o(i.malloc) for malloc
    main.o(i.left_detection) refers to server.o(i.SetJointAngle) for SetJointAngle
    main.o(i.left_detection) refers to delay.o(i.delay_ms) for delay_ms
    main.o(i.left_detection) refers to ultrasonicwave.o(i.UltrasonicWave_StartMeasure) for UltrasonicWave_StartMeasure
    main.o(i.main) refers to _scanf_int.o(.text) for _scanf_int
    main.o(i.main) refers to stm32f10x_rcc.o(i.RCC_APB2PeriphClockCmd) for RCC_APB2PeriphClockCmd
    main.o(i.main) refers to stm32f10x_gpio.o(i.GPIO_Init) for GPIO_Init
    main.o(i.main) refers to stm32f10x_gpio.o(i.GPIO_SetBits) for GPIO_SetBits
    main.o(i.main) refers to delay.o(i.delay_init) for delay_init
    main.o(i.main) refers to motor.o(i.TIM4_PWM_Init) for TIM4_PWM_Init
    main.o(i.main) refers to usart.o(i.uart_init) for uart_init
    main.o(i.main) refers to usart2.o(i.USART2_Init) for USART2_Init
    main.o(i.main) refers to motor.o(i.HJduino_brake) for HJduino_brake
    main.o(i.main) refers to server.o(i.TIM5_PWM_Init) for TIM5_PWM_Init
    main.o(i.main) refers to ultrasonicwave.o(i.UltrasonicWave_Configuration) for UltrasonicWave_Configuration
    main.o(i.main) refers to timer.o(i.Timerx_Init) for Timerx_Init
    main.o(i.main) refers to printfa.o(i.__0printf) for __2printf
    main.o(i.main) refers to server.o(i.SetJointAngle) for SetJointAngle
    main.o(i.main) refers to strncmp.o(.text) for strncmp
    main.o(i.main) refers to motor.o(i.HJduino_run) for HJduino_run
    main.o(i.main) refers to delay.o(i.delay_ms) for delay_ms
    main.o(i.main) refers to ultrasonicwave.o(i.UltrasonicWave_StartMeasure) for UltrasonicWave_StartMeasure
    main.o(i.main) refers to printfa.o(i.__0sprintf) for __2sprintf
    main.o(i.main) refers to usart2.o(i.u2_printf) for u2_printf
    main.o(i.main) refers to motor.o(i.HJduino_back) for HJduino_back
    main.o(i.main) refers to motor.o(i.HJduino_Right) for HJduino_Right
    main.o(i.main) refers to motor.o(i.HJduino_Left) for HJduino_Left
    main.o(i.main) refers to motor.o(i.HJduino_HJ_ZE_L) for HJduino_HJ_ZE_L
    main.o(i.main) refers to motor.o(i.HJduino_HJ_ZE_R) for HJduino_HJ_ZE_R
    main.o(i.main) refers to memcpya.o(.text) for __aeabi_memcpy
    main.o(i.main) refers to main.o(i.turn) for turn
    main.o(i.main) refers to main.o(i.task3_go) for task3_go
    main.o(i.main) refers to __0sscanf.o(.text) for __0sscanf
    main.o(i.main) refers to main.o(i.find_obstacle) for find_obstacle
    main.o(i.main) refers to main.o(i.bfs) for bfs
    main.o(i.main) refers to main.o(i.printPath) for printPath
    main.o(i.main) refers to usart2.o(.data) for USART2_RX_STA
    main.o(i.main) refers to usart2.o(.bss) for USART2_RX_BUF
    main.o(i.main) refers to main.o(.data) for thisX
    main.o(i.main) refers to main.o(.bss) for grid
[...]
    ../fplib/microlib/fpfix.c                0x00000000   Number         0  dfixi.o ABSOLUTE
    ../fplib/microlib/fpfix.c                0x00000000   Number         0  dfixui.o ABSOLUTE
    ../fplib/microlib/fpfix.c                0x00000000   Number         0  ffixui.o ABSOLUTE
    ../fplib/microlib/fpflt.c                0x00000000   Number         0  dflti.o ABSOLUTE
    ../fplib/microlib/fpflt.c                0x00000000   Number         0  ffltui.o ABSOLUTE
    ../fplib/microlib/fpmul.c                0x00000000   Number         0  fmul.o ABSOLUTE
    ../fplib/microlib/fpmul.c                0x00000000   Number         0  dmul.o ABSOLUTE
    APP\exti\exti.c                          0x00000000   Number         0  exti.o ABSOLUTE
    Libraries\CMSIS\core_cm3.c               0x00000000   Number         0  core_cm3.o ABSOLUTE
    Libraries\CMSIS\startup_stm32f10x_hd.s   0x00000000   Number         0  startup_stm32f10x_hd.o ABSOLUTE
    Libraries\CMSIS\system_stm32f10x.c       0x00000000   Number         0  system_stm32f10x.o ABSOLUTE
    Libraries\STM32F10x_StdPeriph_Driver\src\misc.c 0x00000000   Number         0  misc.o ABSOLUTE
    Libraries\STM32F10x_StdPeriph_Driver\src\stm32f10x_adc.c 0x00000000   Number         0  stm32f10x_adc.o ABSOLUTE
    Libraries\STM32F10x_StdPeriph_Driver\src\stm32f10x_bkp.c 0x00000000   Number         0  stm32f10x_bkp.o ABSOLUTE
    Libraries\STM32F10x_StdPeriph_Driver\src\stm32f10x_can.c 0x00000000   Number         0  stm32f10x_can.o ABSOLUTE
    Libraries\STM32F10x_StdPeriph_Driver\src\stm32f10x_cec.c 0x00000000   Number         0  stm32f10x_cec.o ABSOLUTE
    Libraries\STM32F10x_StdPeriph_Driver\src\stm32f10x_crc.c 0x00000000   Number         0  stm32f10x_crc.o ABSOLUTE
    Libraries\STM32F10x_StdPeriph_Driver\src\stm32f10x_dac.c 0x00000000   Number         0  stm32f10x_dac.o ABSOLUTE
    Libraries\STM32F10x_StdPeriph_Driver\src\stm32f10x_dbgmcu.c 0x00000000   Number         0  stm32f10x_dbgmcu.o ABSOLUTE
    Libraries\STM32F10x_StdPeriph_Driver\src\stm32f10x_dma.c 0x00000000   Number         0  stm32f10x_dma.o ABSOLUTE
    Libraries\STM32F10x_StdPeriph_Driver\src\stm32f10x_exti.c 0x00000000   Number         0  stm32f10x_exti.o ABSOLUTE
    Libraries\STM32F10x_StdPeriph_Driver\src\stm32f10x_flash.c 0x00000000   Number         0  stm32f10x_flash.o ABSOLUTE
    Libraries\STM32F10x_StdPeriph_Driver\src\stm32f10x_fsmc.c 0x00000000   Number         0  stm32f10x_fsmc.o ABSOLUTE
    Libraries\STM32F10x_StdPeriph_Driver\src\stm32f10x_gpio.c 0x00000000   Number         0  stm32f10x_gpio.o ABSOLUTE
    Libraries\STM32F10x_StdPeriph_Driver\src\stm32f10x_i2c.c 0x00000000   Number         0  stm32f10x_i2c.o ABSOLUTE
    Libraries\STM32F10x_StdPeriph_Driver\src\stm32f10x_iwdg.c 0x00000000   Number         0  stm32f10x_iwdg.o ABSOLUTE
    Libraries\STM32F10x_StdPeriph_Driver\src\stm32f10x_pwr.c 0x00000000   Number         0  stm32f10x_pwr.o ABSOLUTE
    Libraries\STM32F10x_StdPeriph_Driver\src\stm32f10x_rcc.c 0x00000000   Number         0  stm32f10x_rcc.o ABSOLUTE
    Libraries\STM32F10x_StdPeriph_Driver\src\stm32f10x_rtc.c 0x00000000   Number         0  stm32f10x_rtc.o ABSOLUTE
    Libraries\STM32F10x_StdPeriph_Driver\src\stm32f10x_sdio.c 0x00000000   Number         0  stm32f10x_sdio.o ABSOLUTE
    Libraries\STM32F10x_StdPeriph_Driver\src\stm32f10x_spi.c 0x00000000   Number         0  stm32f10x_spi.o ABSOLUTE
    Libraries\STM32F10x_StdPeriph_Driver\src\stm32f10x_tim.c 0x00000000   Number         0  stm32f10x_tim.o ABSOLUTE
    Libraries\STM32F10x_StdPeriph_Driver\src\stm32f10x_usart.c 0x00000000   Number         0  stm32f10x_usart.o ABSOLUTE
    Libraries\STM32F10x_StdPeriph_Driver\src\stm32f10x_wwdg.c 0x00000000   Number         0  stm32f10x_wwdg.o ABSOLUTE
    Libraries\\CMSIS\\core_cm3.c             0x00000000   Number         0  core_cm3.o ABSOLUTE
    Public\system.c                          0x00000000   Number         0  system.o ABSOLUTE
    SYSTEM\IRAvoid\IRAvoid.c                 0x00000000   Number         0  iravoid.o ABSOLUTE
    SYSTEM\IRSEARCH\IRSEARCH.c               0x00000000   Number         0  irsearch.o ABSOLUTE
    SYSTEM\Server\Server.c                   0x00000000   Number         0  server.o ABSOLUTE
    SYSTEM\TIMER\timer.c                     0x00000000   Number         0  timer.o ABSOLUTE
    SYSTEM\USART2\usart2.c                   0x00000000   Number         0  usart2.o ABSOLUTE
    SYSTEM\UltrasonicWave\UltrasonicWave.c   0x00000000   Number         0  ultrasonicwave.o ABSOLUTE
    SYSTEM\\sys\\sys.c                       0x00000000   Number         0  sys.o ABSOLUTE
    SYSTEM\delay\delay.c                     0x00000000   Number         0  delay.o ABSOLUTE
    SYSTEM\keysacn\keysacn.c                 0x00000000   Number         0  keysacn.o ABSOLUTE
    SYSTEM\motor\motor.c                     0x00000000   Number         0  motor.o ABSOLUTE
    SYSTEM\remote\remote.c                   0x00000000   Number         0  remote.o ABSOLUTE
    SYSTEM\sys\sys.c                         0x00000000   Number         0  sys.o ABSOLUTE
    SYSTEM\usart\usart.c                     0x00000000   Number         0  usart.o ABSOLUTE
    User\main.c                              0x00000000   Number         0  main.o ABSOLUTE
    User\stm32f10x_it.c                      0x00000000   Number         0  stm32f10x_it.o ABSOLUTE
    cdrcmple.s                               0x00000000   Number         0  cdrcmple.o ABSOLUTE
    dc.s                                     0x00000000   Number         0  dc.o ABSOLUTE
    handlers.s                               0x00000000   Number         0  handlers.o ABSOLUTE
    init.s                                   0x00000000   Number         0  init.o ABSOLUTE
    RESET                                    0x08000000   Section      304  startup_stm32f10x_hd.o(RESET)
    .ARM.Collect$$$$00000000                 0x08000130   Section        0  entry.o(.ARM.Collect$$$$00000000)
    .ARM.Collect$$$$00000001                 0x08000130   Section        4  entry2.o(.ARM.Collect$$$$00000001)
    .ARM.Collect$$$$00000004                 0x08000134   Section        4  entry5.o(.ARM.Collect$$$$00000004)
    .ARM.Collect$$$$00000008                 0x08000138   Section        0  entry7b.o(.ARM.Collect$$$$00000008)
    .ARM.Collect$$$$0000000A                 0x08000138   Section        0  entry8b.o(.ARM.Collect$$$$0000000A)
    .ARM.Collect$$$$0000000B                 0x08000138   Section        8  entry9a.o(.ARM.Collect$$$$0000000B)
    .ARM.Collect$$$$0000000E                 0x08000140   Section        4  entry12b.o(.ARM.Collect$$$$0000000E)
    .ARM.Collect$$$$0000000F                 0x08000144   Section        0  entry10a.o(.ARM.Collect$$$$0000000F)
    .ARM.Collect$$$$00000011                 0x08000144   Section        0  entry11a.o(.ARM.Collect$$$$00000011)
    .ARM.Collect$$$$00002712                 0x08000144   Section        4  entry2.o(.ARM.Collect$$$$00002712)
    __lit__00000000                          0x08000144   Data           4  entry2.o(.ARM.Collect$$$$00002712)
    .text                                    0x08000148   Section       36  startup_stm32f10x_hd.o(.text)
    .text                                    0x0800016c   Section        0  memcpya.o(.text)
    .text                                    0x08000190   Section        0  memseta.o(.text)
    .text                                    0x080001b4   Section        0  strlen.o(.text)
    .text                                    0x080001c2   Section        0  strncmp.o(.text)
    .text                                    0x080001e0   Section        0  __0sscanf.o(.text)
    .text                                    0x08000218   Section        0  _scanf_int.o(.text)
    .text                                    0x08000364   Section        0  fmul.o(.text)
    .text                                    0x080003c8   Section        0  dadd.o(.text)
    .text                                    0x08000516   Section        0  dmul.o(.text)
    .text                                    0x080005fa   Section        0  ddiv.o(.text)
    .text                                    0x080006d8   Section        0  ffltui.o(.text)
    .text                                    0x080006e2   Section        0  dflti.o(.text)
    .text                                    0x08000704   Section        0  ffixi.o(.text)
    .text                                    0x08000736   Section        0  ffixui.o(.text)
    .text                                    0x0800075e   Section        0  dfixi.o(.text)
    .text                                    0x0800079c   Section        0  dfixui.o(.text)
    .text                                    0x080007ce   Section        0  f2d.o(.text)
    .text                                    0x080007f4   Section        0  d2f.o(.text)
    .text                                    0x0800082c   Section        0  uidiv.o(.text)
    .text                                    0x08000858   Section        0  uldiv.o(.text)
    .text                                    0x080008ba   Section        0  llshl.o(.text)
    .text                                    0x080008d8   Section        0  llushr.o(.text)
    .text                                    0x080008f8   Section        0  llsshr.o(.text)
    .text                                    0x0800091c   Section        0  _chval.o(.text)
    .text                                    0x08000938   Section        0  scanf_char.o(.text)
    _scanf_char_input                        0x08000939   Thumb Code    12  scanf_char.o(.text)
    .text                                    0x08000960   Section        0  _sgetc.o(.text)
    .text                                    0x080009a0   Section        0  fepilogue.o(.text)
    .text                                    0x080009a0   Section        0  iusefp.o(.text)
    .text                                    0x08000a0e   Section        0  depilogue.o(.text)
    .text                                    0x08000ac8   Section        0  dfixul.o(.text)
    .text                                    0x08000af8   Section       48  cdrcmple.o(.text)
    .text                                    0x08000b28   Section       36  init.o(.text)
    .text                                    0x08000b4c   Section        0  isspace_c.o(.text)
    .text                                    0x08000b58   Section        0  _scanf.o(.text)
    .text                                    0x08000e88   Section        0  ctype_c.o(.text)
    i.BusFault_Handler                       0x08000eb0   Section        0  stm32f10x_it.o(i.BusFault_Handler)
    i.DMA_Cmd                                0x08000eb4   Section        0  stm32f10x_dma.o(i.DMA_Cmd)
    i.DMA_DeInit                             0x08000ecc   Section        0  stm32f10x_dma.o(i.DMA_DeInit)
    i.DMA_GetCurrDataCounter                 0x08001018   Section        0  stm32f10x_dma.o(i.DMA_GetCurrDataCounter)
    i.DMA_Init                               0x08001020   Section        0  stm32f10x_dma.o(i.DMA_Init)
    i.DMA_SetCurrDataCounter                 0x0800105c   Section        0  stm32f10x_dma.o(i.DMA_SetCurrDataCounter)
    i.DebugMon_Handler                       0x08001060   Section        0  stm32f10x_it.o(i.DebugMon_Handler)
    i.EXTI0_IRQHandler                       0x08001064   Section        0  exti.o(i.EXTI0_IRQHandler)
    i.EXTI1_IRQHandler                       0x08001098   Section        0  ultrasonicwave.o(i.EXTI1_IRQHandler)
    i.EXTI9_5_IRQHandler                     0x08001114   Section        0  exti.o(i.EXTI9_5_IRQHandler)
    i.EXTI_ClearITPendingBit                 0x08001148   Section        0  stm32f10x_exti.o(i.EXTI_ClearITPendingBit)
    i.EXTI_GetITStatus                       0x08001154   Section        0  stm32f10x_exti.o(i.EXTI_GetITStatus)
    i.EXTI_Init                              0x0800117c   Section        0  stm32f10x_exti.o(i.EXTI_Init)
    i.GPIO_EXTILineConfig                    0x08001210   Section        0  stm32f10x_gpio.o(i.GPIO_EXTILineConfig)
    i.GPIO_Init                              0x08001250   Section        0  stm32f10x_gpio.o(i.GPIO_Init)
    i.GPIO_ReadInputDataBit                  0x08001366   Section        0  stm32f10x_gpio.o(i.GPIO_ReadInputDataBit)
    i.GPIO_ResetBits                         0x08001378   Section        0  stm32f10x_gpio.o(i.GPIO_ResetBits)
    i.GPIO_SetBits                           0x0800137c   Section        0  stm32f10x_gpio.o(i.GPIO_SetBits)
    i.HJduino_HJ_ZE_L                        0x08001380   Section        0  motor.o(i.HJduino_HJ_ZE_L)
    i.HJduino_HJ_ZE_R                        0x080013a8   Section        0  motor.o(i.HJduino_HJ_ZE_R)
    i.HJduino_L1back                         0x080013d0   Section        0  motor.o(i.HJduino_L1back)
    i.HJduino_L1run                          0x080013f4   Section        0  motor.o(i.HJduino_L1run)
    i.HJduino_L2back                         0x0800140e   Section        0  motor.o(i.HJduino_L2back)
    i.HJduino_L2run                          0x08001432   Section        0  motor.o(i.HJduino_L2run)
    i.HJduino_Left                           0x0800144c   Section        0  motor.o(i.HJduino_Left)
    i.HJduino_R1back                         0x0800147a   Section        0  motor.o(i.HJduino_R1back)
    i.HJduino_R1run                          0x0800149e   Section        0  motor.o(i.HJduino_R1run)
    i.HJduino_R2back                         0x080014b8   Section        0  motor.o(i.HJduino_R2back)
    i.HJduino_R2run                          0x080014dc   Section        0  motor.o(i.HJduino_R2run)
    i.HJduino_Right                          0x080014f6   Section        0  motor.o(i.HJduino_Right)
    i.HJduino_Spin_Left                      0x08001528   Section        0  motor.o(i.HJduino_Spin_Left)
    i.HJduino_Spin_Right                     0x0800155c   Section        0  motor.o(i.HJduino_Spin_Right)
    i.HJduino_back                           0x0800159c   Section        0  motor.o(i.HJduino_back)
    i.HJduino_brake                          0x080015d8   Section        0  motor.o(i.HJduino_brake)
    i.HJduino_run                            0x08001630   Section        0  motor.o(i.HJduino_run)
    i.HardFault_Handler                      0x08001662   Section        0  stm32f10x_it.o(i.HardFault_Handler)
    i.MemManage_Handler                      0x08001666   Section        0  stm32f10x_it.o(i.MemManage_Handler)
    i.NMI_Handler                            0x0800166a   Section        0  stm32f10x_it.o(i.NMI_Handler)
    i.NVIC_Init                              0x0800166c   Section        0  misc.o(i.NVIC_Init)
    i.PendSV_Handler                         0x080016dc   Section        0  stm32f10x_it.o(i.PendSV_Handler)
    i.RCC_AHBPeriphClockCmd                  0x080016e0   Section        0  stm32f10x_rcc.o(i.RCC_AHBPeriphClockCmd)
    i.RCC_APB1PeriphClockCmd                 0x08001700   Section        0  stm32f10x_rcc.o(i.RCC_APB1PeriphClockCmd)
    i.RCC_APB1PeriphResetCmd                 0x08001720   Section        0  stm32f10x_rcc.o(i.RCC_APB1PeriphResetCmd)
    i.RCC_APB2PeriphClockCmd                 0x08001740   Section        0  stm32f10x_rcc.o(i.RCC_APB2PeriphClockCmd)
    i.RCC_APB2PeriphResetCmd                 0x08001760   Section        0  stm32f10x_rcc.o(i.RCC_APB2PeriphResetCmd)
    i.RCC_GetClocksFreq                      0x08001780   Section        0  stm32f10x_rcc.o(i.RCC_GetClocksFreq)
    i.SVC_Handler                            0x08001854   Section        0  stm32f10x_it.o(i.SVC_Handler)
    i.SetJointAngle                          0x08001858   Section        0  server.o(i.SetJointAngle)
    i.SetMotorSpeed                          0x080018b8   Section        0  motor.o(i.SetMotorSpeed)
    i.SetMotorSpeed2                         0x08001974   Section        0  motor.o(i.SetMotorSpeed2)
    i.SetSysClock                            0x08001a30   Section        0  system_stm32f10x.o(i.SetSysClock)
    SetSysClock                              0x08001a31   Thumb Code     8  system_stm32f10x.o(i.SetSysClock)
    i.SetSysClockTo72                        0x08001a38   Section        0  system_stm32f10x.o(i.SetSysClockTo72)
    SetSysClockTo72                          0x08001a39   Thumb Code   214  system_stm32f10x.o(i.SetSysClockTo72)
    i.SysTick_CLKSourceConfig                0x08001b18   Section        0  misc.o(i.SysTick_CLKSourceConfig)
    i.SysTick_Handler                        0x08001b40   Section        0  stm32f10x_it.o(i.SysTick_Handler)
    i.SystemInit                             0x08001b44   Section        0  system_stm32f10x.o(i.SystemInit)
    i.TIM2_IRQHandler                        0x08001ba4   Section        0  usart2.o(i.TIM2_IRQHandler)
    i.TIM2_Init                              0x08001bd0   Section        0  usart2.o(i.TIM2_Init)
    i.TIM2_Set                               0x08001c24   Section        0  usart2.o(i.TIM2_Set)
    i.TIM3_IRQHandler                        0x08001c4c   Section        0  timer.o(i.TIM3_IRQHandler)
    i.TIM4_PWM_Init                          0x08001c68   Section        0  motor.o(i.TIM4_PWM_Init)
    i.TIM5_IRQHandler                        0x08001df0   Section        0  remote.o(i.TIM5_IRQHandler)
    i.TIM5_PWM_Init                          0x08001f88   Section        0  server.o(i.TIM5_PWM_Init)
    i.TIM_ARRPreloadConfig                   0x08002028   Section        0  stm32f10x_tim.o(i.TIM_ARRPreloadConfig)
    i.TIM_ClearFlag                          0x08002040   Section        0  stm32f10x_tim.o(i.TIM_ClearFlag)
    i.TIM_ClearITPendingBit                  0x08002046   Section        0  stm32f10x_tim.o(i.TIM_ClearITPendingBit)
    i.TIM_Cmd                                0x0800204c   Section        0  stm32f10x_tim.o(i.TIM_Cmd)
    i.TIM_CtrlPWMOutputs                     0x08002064   Section        0  stm32f10x_tim.o(i.TIM_CtrlPWMOutputs)
    i.TIM_GetCapture2                        0x08002082   Section        0  stm32f10x_tim.o(i.TIM_GetCapture2)
    i.TIM_GetCounter                         0x08002088   Section        0  stm32f10x_tim.o(i.TIM_GetCounter)
    i.TIM_GetITStatus                        0x0800208e   Section        0  stm32f10x_tim.o(i.TIM_GetITStatus)
    i.TIM_ITConfig                           0x080020b0   Section        0  stm32f10x_tim.o(i.TIM_ITConfig)
    i.TIM_OC1Init                            0x080020c4   Section        0  stm32f10x_tim.o(i.TIM_OC1Init)
    i.TIM_OC1PreloadConfig                   0x0800215c   Section        0  stm32f10x_tim.o(i.TIM_OC1PreloadConfig)
    i.TIM_OC2Init                            0x08002170   Section        0  stm32f10x_tim.o(i.TIM_OC2Init)
    i.TIM_OC2PolarityConfig                  0x08002214   Section        0  stm32f10x_tim.o(i.TIM_OC2PolarityConfig)
    i.TIM_OC2PreloadConfig                   0x0800222e   Section        0  stm32f10x_tim.o(i.TIM_OC2PreloadConfig)
    i.TIM_OC3Init                            0x08002248   Section        0  stm32f10x_tim.o(i.TIM_OC3Init)
    i.TIM_OC3PreloadConfig                   0x080022e8   Section        0  stm32f10x_tim.o(i.TIM_OC3PreloadConfig)
    i.TIM_OC4Init                            0x080022fc   Section        0  stm32f10x_tim.o(i.TIM_OC4Init)
    i.TIM_OC4PreloadConfig                   0x08002378   Section        0  stm32f10x_tim.o(i.TIM_OC4PreloadConfig)
    i.TIM_SetCompare1                        0x08002392   Section        0  stm32f10x_tim.o(i.TIM_SetCompare1)
    i.TIM_SetCompare2                        0x08002396   Section        0  stm32f10x_tim.o(i.TIM_SetCompare2)
    i.TIM_SetCompare3                        0x0800239a   Section        0  stm32f10x_tim.o(i.TIM_SetCompare3)
    i.TIM_SetCompare4                        0x0800239e   Section        0  stm32f10x_tim.o(i.TIM_SetCompare4)
    i.TIM_SetCounter                         0x080023a4   Section        0  stm32f10x_tim.o(i.TIM_SetCounter)
    i.TIM_TimeBaseInit                       0x080023a8   Section        0  stm32f10x_tim.o(i.TIM_TimeBaseInit)
    i.Timerx_Init                            0x0800244c   Section        0  timer.o(i.Timerx_Init)
    i.UART_DMA_Config                        0x080024ac   Section        0  usart2.o(i.UART_DMA_Config)
    i.UART_DMA_Enable                        0x080024f4   Section        0  usart2.o(i.UART_DMA_Enable)
    i.USART1_IRQHandler                      0x08002514   Section        0  usart.o(i.USART1_IRQHandler)
    i.USART2_IRQHandler                      0x0800259c   Section        0  usart2.o(i.USART2_IRQHandler)
    i.USART2_Init                            0x080025fc   Section        0  usart2.o(i.USART2_Init)
    i.USART_Cmd                              0x080026dc   Section        0  stm32f10x_usart.o(i.USART_Cmd)
    i.USART_DMACmd                           0x080026f4   Section        0  stm32f10x_usart.o(i.USART_DMACmd)
    i.USART_DeInit                           0x08002708   Section        0  stm32f10x_usart.o(i.USART_DeInit)
    i.USART_GetITStatus                      0x080027a4   Section        0  stm32f10x_usart.o(i.USART_GetITStatus)
    i.USART_ITConfig                         0x080027f8   Section        0  stm32f10x_usart.o(i.USART_ITConfig)
    i.USART_Init                             0x08002844   Section        0  stm32f10x_usart.o(i.USART_Init)
    i.USART_ReceiveData                      0x0800291c   Section        0  stm32f10x_usart.o(i.USART_ReceiveData)
    i.UltrasonicWave_Configuration           0x08002928   Section        0  ultrasonicwave.o(i.UltrasonicWave_Configuration)
    i.UltrasonicWave_StartMeasure            0x080029a8   Section        0  ultrasonicwave.o(i.UltrasonicWave_StartMeasure)
    i.UsageFault_Handler                     0x080029e4   Section        0  stm32f10x_it.o(i.UsageFault_Handler)
    i.__0printf                              0x080029e8   Section        0  printfa.o(i.__0printf)
    i.__0snprintf                            0x08002a08   Section        0  printfa.o(i.__0snprintf)
    i.__0sprintf                             0x08002a3c   Section        0  printfa.o(i.__0sprintf)
    i.__0vsprintf                            0x08002a64   Section        0  printfa.o(i.__0vsprintf)
    i.__scatterload_copy                     0x08002a88   Section       14  handlers.o(i.__scatterload_copy)
    i.__scatterload_null                     0x08002a96   Section        2  handlers.o(i.__scatterload_null)
    i.__scatterload_zeroinit                 0x08002a98   Section       14  handlers.o(i.__scatterload_zeroinit)
    i._fp_digits                             0x08002aa8   Section        0  printfa.o(i._fp_digits)
    _fp_digits                               0x08002aa9   Thumb Code   366  printfa.o(i._fp_digits)
    i._printf_core                           0x08002c2c   Section        0  printfa.o(i._printf_core)
    _printf_core                             0x08002c2d   Thumb Code  1704  printfa.o(i._printf_core)
    i._printf_post_padding                   0x080032e0   Section        0  printfa.o(i._printf_post_padding)
    _printf_post_padding                     0x080032e1   Thumb Code    36  printfa.o(i._printf_post_padding)
    i._printf_pre_padding                    0x08003304   Section        0  printfa.o(i._printf_pre_padding)
    _printf_pre_padding                      0x08003305   Thumb Code    46  printfa.o(i._printf_pre_padding)
    i._snputc                                0x08003332   Section        0  printfa.o(i._snputc)
    _snputc                                  0x08003333   Thumb Code    22  printfa.o(i._snputc)
    i._sputc                                 0x08003348   Section        0  printfa.o(i._sputc)
    _sputc                                   0x08003349   Thumb Code    10  printfa.o(i._sputc)
    i.bfs                                    0x08003354   Section        0  main.o(i.bfs)
    i.delay_init                             0x0800343c   Section        0  delay.o(i.delay_init)
    i.delay_ms                               0x08003480   Section        0  delay.o(i.delay_ms)
    i.delay_us                               0x080034cc   Section        0  delay.o(i.delay_us)
    i.dequeue                                0x08003518   Section        0  main.o(i.dequeue)
    i.enqueue                                0x08003532   Section        0  main.o(i.enqueue)
    i.find_obstacle                          0x0800354c   Section        0  main.o(i.find_obstacle)
    i.forwardDetect                          0x080038a8   Section        0  main.o(i.forwardDetect)
    i.fputc                                  0x08003930   Section        0  usart.o(i.fputc)
    i.initQueue                              0x0800394c   Section        0  main.o(i.initQueue)
    i.isEmpty                                0x08003960   Section        0  main.o(i.isEmpty)
    i.isValid                                0x08003972   Section        0  main.o(i.isValid)
    i.is_valid                               0x080039a4   Section        0  main.o(i.is_valid)
    i.main                                   0x080039c0   Section        0  main.o(i.main)
    i.malloc                                 0x08003e90   Section        0  malloc.o(i.malloc)
    i.moveForward                            0x08003efc   Section        0  main.o(i.moveForward)
    i.moveToPoint                            0x08003f54   Section        0  main.o(i.moveToPoint)
    i.printPath                              0x08003f80   Section        0  main.o(i.printPath)
    i.task3_go                               0x08004088   Section        0  main.o(i.task3_go)
    i.turn                                   0x080040b0   Section        0  main.o(i.turn)
    i.turnLeft                               0x080041d8   Section        0  main.o(i.turnLeft)
    i.turnRight                              0x080041f6   Section        0  main.o(i.turnRight)
    i.u2_printf                              0x08004214   Section        0  usart2.o(i.u2_printf)
    i.uart_init                              0x08004254   Section        0  usart.o(i.uart_init)
    .constdata                               0x080042f4   Section       64  ctype_c.o(.constdata)
    .data                                    0x20000000   Section      128  main.o(.data)
    .data                                    0x20000080   Section       20  stm32f10x_rcc.o(.data)
    APBAHBPrescTable                         0x20000080   Data          16  stm32f10x_rcc.o(.data)
    ADCPrescTable                            0x20000090   Data           4  stm32f10x_rcc.o(.data)
    .data                                    0x20000094   Section       20  system_stm32f10x.o(.data)
    .data                                    0x200000a8   Section        4  delay.o(.data)
    fac_us                                   0x200000a8   Data           1  delay.o(.data)
    fac_ms                                   0x200000aa   Data           2  delay.o(.data)
    .data                                    0x200000ac   Section        6  usart.o(.data)
    .data                                    0x200000b4   Section        4  ultrasonicwave.o(.data)
    .data                                    0x200000b8   Section        9  remote.o(.data)
    .data                                    0x200000c2   Section        2  usart2.o(.data)
    .data                                    0x200000c4   Section        4  mvars.o(.data)
    .data                                    0x200000c8   Section        4  mvars.o(.data)
    .bss                                     0x200000cc   Section      128  main.o(.bss)
    .bss                                     0x2000014c   Section      200  usart.o(.bss)
    .bss                                     0x20000218   Section      400  usart2.o(.bss)
    HEAP                                     0x200003a8   Section      512  startup_stm32f10x_hd.o(HEAP)
    STACK                                    0x200005a8   Section     1024  startup_stm32f10x_hd.o(STACK)

    Global Symbols

    Symbol Name                              Value     Ov Type        Size  Object(Section)

    BuildAttributes$$THM_ISAv4$P$D$K$B$S$PE$A:L22UL41UL21$X:L11$S22US41US21$IEEE1$IW$USESV6$~STKCKD$USESV7$~SHL$OTIME$ROPI$EBA8$MICROLIB$REQ8$PRES8$EABIv2 0x00000000   Number         0  anon$$obj.o ABSOLUTE
    __ARM_use_no_argv                        0x00000000   Number         0  main.o ABSOLUTE
    __use_no_errno                           0x00000000   Number         0  useno.o ABSOLUTE
    __use_no_exception_handling              0x00000000   Number         0  useno.o ABSOLUTE
    __use_no_fp                              0x00000000   Number         0  useno.o ABSOLUTE
    __use_no_heap                            0x00000000   Number         0  useno.o ABSOLUTE
    __use_no_heap_region                     0x00000000   Number         0  useno.o ABSOLUTE
    __use_no_semihosting                     0x00000000   Number         0  useno.o ABSOLUTE
    __use_no_semihosting_swi                 0x00000000   Number         0  useno.o ABSOLUTE
    __use_no_signal_handling                 0x00000000   Number         0  useno.o ABSOLUTE
    _printf_a                                0x00000000   Number         0  stubs.o ABSOLUTE
    _printf_c                                0x00000000   Number         0  stubs.o ABSOLUTE
    _printf_charcount                        0x00000000   Number         0  stubs.o ABSOLUTE
    _printf_d                                0x00000000   Number         0  stubs.o ABSOLUTE
    _printf_e                                0x00000000   Number         0  stubs.o ABSOLUTE
    _printf_f                                0x00000000   Number         0  stubs.o ABSOLUTE
    _printf_flags                            0x00000000   Number         0  stubs.o ABSOLUTE
    _printf_fp_dec                           0x00000000   Number         0  stubs.o ABSOLUTE
    _printf_fp_hex                           0x00000000   Number         0  stubs.o ABSOLUTE
    _printf_g                                0x00000000   Number         0  stubs.o ABSOLUTE
    _printf_i                                0x00000000   Number         0  stubs.o ABSOLUTE
    _printf_int_dec                          0x00000000   Number         0  stubs.o ABSOLUTE
    _printf_l                                0x00000000   Number         0  stubs.o ABSOLUTE
    _printf_lc                               0x00000000   Number         0  stubs.o ABSOLUTE
    _printf_ll                               0x00000000   Number         0  stubs.o ABSOLUTE
    _printf_lld                              0x00000000   Number         0  stubs.o ABSOLUTE
    _printf_lli                              0x00000000   Number         0  stubs.o ABSOLUTE
    _printf_llo                              0x00000000   Number         0  stubs.o ABSOLUTE
    _printf_llu                              0x00000000   Number         0  stubs.o ABSOLUTE
    _printf_llx                              0x00000000   Number         0  stubs.o ABSOLUTE
    _printf_longlong_dec                     0x00000000   Number         0  stubs.o ABSOLUTE
    _printf_longlong_hex                     0x00000000   Number         0  stubs.o ABSOLUTE
    _printf_longlong_oct                     0x00000000   Number         0  stubs.o ABSOLUTE
    _printf_ls                               0x00000000   Number         0  stubs.o ABSOLUTE
    _printf_mbtowc                           0x00000000   Number         0  stubs.o ABSOLUTE
    _printf_n                                0x00000000   Number         0  stubs.o ABSOLUTE
    _printf_o                                0x00000000   Number         0  stubs.o ABSOLUTE
    _printf_p                                0x00000000   Number         0  stubs.o ABSOLUTE
    _printf_percent                          0x00000000   Number         0  stubs.o ABSOLUTE
    _printf_pre_padding                      0x00000000   Number         0  stubs.o ABSOLUTE
    _printf_return_value                     0x00000000   Number         0  stubs.o ABSOLUTE
    _printf_s                                0x00000000   Number         0  stubs.o ABSOLUTE
    _printf_sizespec                         0x00000000   Number         0  stubs.o ABSOLUTE
    _printf_str                              0x00000000   Number         0  stubs.o ABSOLUTE
    _printf_truncate_signed                  0x00000000   Number         0  stubs.o ABSOLUTE
    _printf_truncate_unsigned                0x00000000   Number         0  stubs.o ABSOLUTE
    _printf_u                                0x00000000   Number         0  stubs.o ABSOLUTE
    _printf_wc                               0x00000000   Number         0  stubs.o ABSOLUTE
    _printf_wctomb                           0x00000000   Number         0  stubs.o ABSOLUTE
    _printf_widthprec                        0x00000000   Number         0  stubs.o ABSOLUTE
    _printf_x                                0x00000000   Number         0  stubs.o ABSOLUTE
    __arm_fini_                               - Undefined Weak Reference
    __cpp_initialize__aeabi_                  - Undefined Weak Reference
    __cxa_finalize                            - Undefined Weak Reference
    __decompress                              - Undefined Weak Reference
    _clock_init                               - Undefined Weak Reference
    _microlib_exit                            - Undefined Weak Reference
    _scanf_longlong                           - Undefined Weak Reference
    _scanf_real                               - Undefined Weak Reference
    _scanf_string                             - Undefined Weak Reference
    __Vectors_Size                           0x00000130   Number         0  startup_stm32f10x_hd.o ABSOLUTE
    __Vectors                                0x08000000   Data           4  startup_stm32f10x_hd.o(RESET)
    __Vectors_End                            0x08000130   Data           0  startup_stm32f10x_hd.o(RESET)
    __main                                   0x08000131   Thumb Code     0  entry.o(.ARM.Collect$$$$00000000)
    _main_stk                                0x08000131   Thumb Code     0  entry2.o(.ARM.Collect$$$$00000001)
    _main_scatterload                        0x08000135   Thumb Code     0  entry5.o(.ARM.Collect$$$$00000004)
    __main_after_scatterload                 0x08000139   Thumb Code     0  entry5.o(.ARM.Collect$$$$00000004)
    _main_clock                              0x08000139   Thumb Code     0  entry7b.o(.ARM.Collect$$$$00000008)
    _main_cpp_init                           0x08000139   Thumb Code     0  entry8b.o(.ARM.Collect$$$$0000000A)
    _main_init                               0x08000139   Thumb Code     0  entry9a.o(.ARM.Collect$$$$0000000B)
    __rt_lib_shutdown_fini                   0x08000141   Thumb Code     0  entry12b.o(.ARM.Collect$$$$0000000E)
    __rt_final_cpp                           0x08000145   Thumb Code     0  entry10a.o(.ARM.Collect$$$$0000000F)
    __rt_final_exit                          0x08000145   Thumb Code     0  entry11a.o(.ARM.Collect$$$$00000011)
    Reset_Handler                            0x08000149   Thumb Code     8  startup_stm32f10x_hd.o(.text)
    ADC1_2_IRQHandler                        0x08000163   Thumb Code     0  startup_stm32f10x_hd.o(.text)
    ADC3_IRQHandler                          0x08000163   Thumb Code     0  startup_stm32f10x_hd.o(.text)
    CAN1_RX1_IRQHandler                      0x08000163   Thumb Code     0  startup_stm32f10x_hd.o(.text)
    CAN1_SCE_IRQHandler                      0x08000163   Thumb Code     0  startup_stm32f10x_hd.o(.text)
    DMA1_Channel1_IRQHandler                 0x08000163   Thumb Code     0  startup_stm32f10x_hd.o(.text)
    DMA1_Channel2_IRQHandler                 0x08000163   Thumb Code     0  startup_stm32f10x_hd.o(.text)
    DMA1_Channel3_IRQHandler                 0x08000163   Thumb Code     0  startup_stm32f10x_hd.o(.text)
    DMA1_Channel4_IRQHandler                 0x08000163   Thumb Code     0  startup_stm32f10x_hd.o(.text)
    DMA1_Channel5_IRQHandler                 0x08000163   Thumb Code     0  startup_stm32f10x_hd.o(.text)
    DMA1_Channel6_IRQHandler                 0x08000163   Thumb Code     0  startup_stm32f10x_hd.o(.text)
    DMA1_Channel7_IRQHandler                 0x08000163   Thumb Code     0  startup_stm32f10x_hd.o(.text)
    DMA2_Channel1_IRQHandler                 0x08000163   Thumb Code     0  startup_stm32f10x_hd.o(.text)
    DMA2_Channel2_IRQHandler                 0x08000163   Thumb Code     0  startup_stm32f10x_hd.o(.text)
    DMA2_Channel3_IRQHandler                 0x08000163   Thumb Code     0  startup_stm32f10x_hd.o(.text)
    DMA2_Channel4_5_IRQHandler               0x08000163   Thumb Code     0  startup_stm32f10x_hd.o(.text)
    EXTI15_10_IRQHandler                     0x08000163   Thumb Code     0  startup_stm32f10x_hd.o(.text)
    EXTI2_IRQHandler                         0x08000163   Thumb Code     0  startup_stm32f10x_hd.o(.text)
    EXTI3_IRQHandler                         0x08000163   Thumb Code     0  startup_stm32f10x_hd.o(.text)
    EXTI4_IRQHandler                         0x08000163   Thumb Code     0  startup_stm32f10x_hd.o(.text)
    FLASH_IRQHandler                         0x08000163   Thumb Code     0  startup_stm32f10x_hd.o(.text)
    FSMC_IRQHandler                          0x08000163   Thumb Code     0  startup_stm32f10x_hd.o(.text)
    I2C1_ER_IRQHandler                       0x08000163   Thumb Code     0  startup_stm32f10x_hd.o(.text)
    I2C1_EV_IRQHandler                       0x08000163   Thumb Code     0  startup_stm32f10x_hd.o(.text)
    I2C2_ER_IRQHandler                       0x08000163   Thumb Code     0  startup_stm32f10x_hd.o(.text)
    I2C2_EV_IRQHandler                       0x08000163   Thumb Code     0  startup_stm32f10x_hd.o(.text)
    PVD_IRQHandler                           0x08000163   Thumb Code     0  startup_stm32f10x_hd.o(.text)
    RCC_IRQHandler                           0x08000163   Thumb Code     0  startup_stm32f10x_hd.o(.text)
    RTCAlarm_IRQHandler                      0x08000163   Thumb Code     0  startup_stm32f10x_hd.o(.text)
    RTC_IRQHandler                           0x08000163   Thumb Code     0  startup_stm32f10x_hd.o(.text)
    SDIO_IRQHandler                          0x08000163   Thumb Code     0  startup_stm32f10x_hd.o(.text)
    SPI1_IRQHandler                          0x08000163   Thumb Code     0  startup_stm32f10x_hd.o(.text)
    SPI2_IRQHandler                          0x08000163   Thumb Code     0  startup_stm32f10x_hd.o(.text)
    SPI3_IRQHandler                          0x08000163   Thumb Code     0  startup_stm32f10x_hd.o(.text)
    TAMPER_IRQHandler                        0x08000163   Thumb Code     0  startup_stm32f10x_hd.o(.text)
    TIM1_BRK_IRQHandler                      0x08000163   Thumb Code     0  startup_stm32f10x_hd.o(.text)
    TIM1_CC_IRQHandler                       0x08000163   Thumb Code     0  startup_stm32f10x_hd.o(.text)
    TIM1_TRG_COM_IRQHandler                  0x08000163   Thumb Code     0  startup_stm32f10x_hd.o(.text)
    TIM1_UP_IRQHandler                       0x08000163   Thumb Code     0  startup_stm32f10x_hd.o(.text)
    TIM4_IRQHandler                          0x08000163   Thumb Code     0  startup_stm32f10x_hd.o(.text)
    TIM6_IRQHandler                          0x08000163   Thumb Code     0  startup_stm32f10x_hd.o(.text)
    TIM7_IRQHandler                          0x08000163   Thumb Code     0  startup_stm32f10x_hd.o(.text)
    TIM8_BRK_IRQHandler                      0x08000163   Thumb Code     0  startup_stm32f10x_hd.o(.text)
    TIM8_CC_IRQHandler                       0x08000163   Thumb Code     0  startup_stm32f10x_hd.o(.text)
    TIM8_TRG_COM_IRQHandler                  0x08000163   Thumb Code     0  startup_stm32f10x_hd.o(.text)
    TIM8_UP_IRQHandler                       0x08000163   Thumb Code     0  startup_stm32f10x_hd.o(.text)
    UART4_IRQHandler                         0x08000163   Thumb Code     0  startup_stm32f10x_hd.o(.text)
    UART5_IRQHandler                         0x08000163   Thumb Code     0  startup_stm32f10x_hd.o(.text)
    USART3_IRQHandler                        0x08000163   Thumb Code     0  startup_stm32f10x_hd.o(.text)
    USBWakeUp_IRQHandler                     0x08000163   Thumb Code     0  startup_stm32f10x_hd.o(.text)
    USB_HP_CAN1_TX_IRQHandler                0x08000163   Thumb Code     0  startup_stm32f10x_hd.o(.text)
    USB_LP_CAN1_RX0_IRQHandler               0x08000163   Thumb Code     0  startup_stm32f10x_hd.o(.text)
    WWDG_IRQHandler                          0x08000163   Thumb Code     0  startup_stm32f10x_hd.o(.text)
    __aeabi_memcpy                           0x0800016d   Thumb Code    36  memcpya.o(.text)
    __aeabi_memcpy4                          0x0800016d   Thumb Code     0  memcpya.o(.text)
    __aeabi_memcpy8                          0x0800016d   Thumb Code     0  memcpya.o(.text)
    __aeabi_memset                           0x08000191   Thumb Code    14  memseta.o(.text)
    __aeabi_memset4                          0x08000191   Thumb Code     0  memseta.o(.text)
    __aeabi_memset8                          0x08000191   Thumb Code     0  memseta.o(.text)
    __aeabi_memclr                           0x0800019f   Thumb Code     4  memseta.o(.text)
    __aeabi_memclr4                          0x0800019f   Thumb Code     0  memseta.o(.text)
    __aeabi_memclr8                          0x0800019f   Thumb Code     0  memseta.o(.text)
    _memset$wrapper                          0x080001a3   Thumb Code    18  memseta.o(.text)
    strlen                                   0x080001b5   Thumb Code    14  strlen.o(.text)
    strncmp                                  0x080001c3   Thumb Code    30  strncmp.o(.text)
    __0sscanf                                0x080001e1   Thumb Code    48  __0sscanf.o(.text)
    _scanf_int                               0x08000219   Thumb Code   332  _scanf_int.o(.text)
    __aeabi_fmul                             0x08000365   Thumb Code   100  fmul.o(.text)
    __aeabi_dadd                             0x080003c9   Thumb Code   322  dadd.o(.text)
    __aeabi_dsub                             0x0800050b   Thumb Code     6  dadd.o(.text)
    __aeabi_drsub                            0x08000511   Thumb Code     6  dadd.o(.text)
    __aeabi_dmul                             0x08000517   Thumb Code   228  dmul.o(.text)
    __aeabi_ddiv                             0x080005fb   Thumb Code   222  ddiv.o(.text)
    __aeabi_ui2f                             0x080006d9   Thumb Code    10  ffltui.o(.text)
    __aeabi_i2d                              0x080006e3   Thumb Code    34  dflti.o(.text)
    __aeabi_f2iz                             0x08000705   Thumb Code    50  ffixi.o(.text)
    __aeabi_f2uiz                            0x08000737   Thumb Code    40  ffixui.o(.text)
    __aeabi_d2iz                             0x0800075f   Thumb Code    62  dfixi.o(.text)
    __aeabi_d2uiz                            0x0800079d   Thumb Code    50  dfixui.o(.text)
    __aeabi_f2d                              0x080007cf   Thumb Code    38  f2d.o(.text)
    __aeabi_d2f                              0x080007f5   Thumb Code    56  d2f.o(.text)
    __aeabi_uidiv                            0x0800082d   Thumb Code     0  uidiv.o(.text)
    __aeabi_uidivmod                         0x0800082d   Thumb Code    44  uidiv.o(.text)
    __aeabi_uldivmod                         0x08000859   Thumb Code    98  uldiv.o(.text)
    __aeabi_llsl                             0x080008bb   Thumb Code    30  llshl.o(.text)
    _ll_shift_l                              0x080008bb   Thumb Code     0  llshl.o(.text)
    __aeabi_llsr                             0x080008d9   Thumb Code    32  llushr.o(.text)
    _ll_ushift_r                             0x080008d9   Thumb Code     0  llushr.o(.text)
    __aeabi_lasr                             0x080008f9   Thumb Code    36  llsshr.o(.text)
    _ll_sshift_r                             0x080008f9   Thumb Code     0  llsshr.o(.text)
    _chval                                   0x0800091d   Thumb Code    28  _chval.o(.text)
    __vfscanf_char                           0x08000945   Thumb Code    20  scanf_char.o(.text)
    _sgetc                                   0x08000961   Thumb Code    30  _sgetc.o(.text)
    _sbackspace                              0x0800097f   Thumb Code    34  _sgetc.o(.text)
    __I$use$fp                               0x080009a1   Thumb Code     0  iusefp.o(.text)
    _float_round                             0x080009a1   Thumb Code    18  fepilogue.o(.text)
    _float_epilogue                          0x080009b3   Thumb Code    92  fepilogue.o(.text)
    _double_round                            0x08000a0f   Thumb Code    30  depilogue.o(.text)
    _double_epilogue                         0x08000a2d   Thumb Code   156  depilogue.o(.text)
    __aeabi_d2ulz                            0x08000ac9   Thumb Code    48  dfixul.o(.text)
    __aeabi_cdrcmple                         0x08000af9   Thumb Code    48  cdrcmple.o(.text)
    __scatterload                            0x08000b29   Thumb Code    28  init.o(.text)
    __scatterload_rt2                        0x08000b29   Thumb Code     0  init.o(.text)
    isspace                                  0x08000b4d   Thumb Code    10  isspace_c.o(.text)
    __vfscanf                                0x08000b59   Thumb Code   810  _scanf.o(.text)
    __ctype_lookup                           0x08000e89   Thumb Code    34  ctype_c.o(.text)
    BusFault_Handler                         0x08000eb1   Thumb Code     4  stm32f10x_it.o(i.BusFault_Handler)
    DMA_Cmd                                  0x08000eb5   Thumb Code    24  stm32f10x_dma.o(i.DMA_Cmd)
    DMA_DeInit                               0x08000ecd   Thumb Code   324  stm32f10x_dma.o(i.DMA_DeInit)
    DMA_GetCurrDataCounter                   0x08001019   Thumb Code     8  stm32f10x_dma.o(i.DMA_GetCurrDataCounter)
    DMA_Init                                 0x08001021   Thumb Code    60  stm32f10x_dma.o(i.DMA_Init)
    DMA_SetCurrDataCounter                   0x0800105d   Thumb Code     4  stm32f10x_dma.o(i.DMA_SetCurrDataCounter)
    DebugMon_Handler                         0x08001061   Thumb Code     2  stm32f10x_it.o(i.DebugMon_Handler)
    EXTI0_IRQHandler                         0x08001065   Thumb Code    44  exti.o(i.EXTI0_IRQHandler)
    EXTI1_IRQHandler                         0x08001099   Thumb Code   108  ultrasonicwave.o(i.EXTI1_IRQHandler)
    EXTI9_5_IRQHandler                       0x08001115   Thumb Code    42  exti.o(i.EXTI9_5_IRQHandler)
    EXTI_ClearITPendingBit                   0x08001149   Thumb Code     6  stm32f10x_exti.o(i.EXTI_ClearITPendingBit)
    EXTI_GetITStatus                         0x08001155   Thumb Code    34  stm32f10x_exti.o(i.EXTI_GetITStatus)
    EXTI_Init                                0x0800117d   Thumb Code   142  stm32f10x_exti.o(i.EXTI_Init)
    GPIO_EXTILineConfig                      0x08001211   Thumb Code    60  stm32f10x_gpio.o(i.GPIO_EXTILineConfig)
    GPIO_Init                                0x08001251   Thumb Code   278  stm32f10x_gpio.o(i.GPIO_Init)
    GPIO_ReadInputDataBit                    0x08001367   Thumb Code    18  stm32f10x_gpio.o(i.GPIO_ReadInputDataBit)
    GPIO_ResetBits                           0x08001379   Thumb Code     4  stm32f10x_gpio.o(i.GPIO_ResetBits)
    GPIO_SetBits                             0x0800137d   Thumb Code     4  stm32f10x_gpio.o(i.GPIO_SetBits)
    HJduino_HJ_ZE_L                          0x08001381   Thumb Code    40  motor.o(i.HJduino_HJ_ZE_L)
    HJduino_HJ_ZE_R                          0x080013a9   Thumb Code    40  motor.o(i.HJduino_HJ_ZE_R)
    HJduino_L1back                           0x080013d1   Thumb Code    36  motor.o(i.HJduino_L1back)
    HJduino_L1run                            0x080013f5   Thumb Code    26  motor.o(i.HJduino_L1run)
    HJduino_L2back                           0x0800140f   Thumb Code    36  motor.o(i.HJduino_L2back)
    HJduino_L2run                            0x08001433   Thumb Code    26  motor.o(i.HJduino_L2run)
    HJduino_Left                             0x0800144d   Thumb Code    46  motor.o(i.HJduino_Left)
    HJduino_R1back                           0x0800147b   Thumb Code    36  motor.o(i.HJduino_R1back)
    HJduino_R1run                            0x0800149f   Thumb Code    26  motor.o(i.HJduino_R1run)
    HJduino_R2back                           0x080014b9   Thumb Code    36  motor.o(i.HJduino_R2back)
    HJduino_R2run                            0x080014dd   Thumb Code    26  motor.o(i.HJduino_R2run)
    HJduino_Right                            0x080014f7   Thumb Code    50  motor.o(i.HJduino_Right)
    HJduino_Spin_Left                        0x08001529   Thumb Code    52  motor.o(i.HJduino_Spin_Left)
    HJduino_Spin_Right                       0x0800155d   Thumb Code    64  motor.o(i.HJduino_Spin_Right)
    HJduino_back                             0x0800159d   Thumb Code    60  motor.o(i.HJduino_back)
    HJduino_brake                            0x080015d9   Thumb Code    84  motor.o(i.HJduino_brake)
    HJduino_run                              0x08001631   Thumb Code    50  motor.o(i.HJduino_run)
    HardFault_Handler                        0x08001663   Thumb Code     4  stm32f10x_it.o(i.HardFault_Handler)
    MemManage_Handler                        0x08001667   Thumb Code     4  stm32f10x_it.o(i.MemManage_Handler)
    NMI_Handler                              0x0800166b   Thumb Code     2  stm32f10x_it.o(i.NMI_Handler)
    NVIC_Init                                0x0800166d   Thumb Code   100  misc.o(i.NVIC_Init)
    PendSV_Handler                           0x080016dd   Thumb Code     2  stm32f10x_it.o(i.PendSV_Handler)
    RCC_AHBPeriphClockCmd                    0x080016e1   Thumb Code    26  stm32f10x_rcc.o(i.RCC_AHBPeriphClockCmd)
    RCC_APB1PeriphClockCmd                   0x08001701   Thumb Code    26  stm32f10x_rcc.o(i.RCC_APB1PeriphClockCmd)
    RCC_APB1PeriphResetCmd                   0x08001721   Thumb Code    26  stm32f10x_rcc.o(i.RCC_APB1PeriphResetCmd)
    RCC_APB2PeriphClockCmd                   0x08001741   Thumb Code    26  stm32f10x_rcc.o(i.RCC_APB2PeriphClockCmd)
    RCC_APB2PeriphResetCmd                   0x08001761   Thumb Code    26  stm32f10x_rcc.o(i.RCC_APB2PeriphResetCmd)
    RCC_GetClocksFreq                        0x08001781   Thumb Code   192  stm32f10x_rcc.o(i.RCC_GetClocksFreq)
    SVC_Handler                              0x08001855   Thumb Code     2  stm32f10x_it.o(i.SVC_Handler)
    SetJointAngle                            0x08001859   Thumb Code    78  server.o(i.SetJointAngle)
    SetMotorSpeed                            0x080018b9   Thumb Code   170  motor.o(i.SetMotorSpeed)
    SetMotorSpeed2                           0x08001975   Thumb Code   170  motor.o(i.SetMotorSpeed2)
    SysTick_CLKSourceConfig                  0x08001b19   Thumb Code    40  misc.o(i.SysTick_CLKSourceConfig)
    SysTick_Handler                          0x08001b41   Thumb Code     2  stm32f10x_it.o(i.SysTick_Handler)
    SystemInit                               0x08001b45   Thumb Code    78  system_stm32f10x.o(i.SystemInit)
    TIM2_IRQHandler                          0x08001ba5   Thumb Code    40  usart2.o(i.TIM2_IRQHandler)
    TIM2_Init                                0x08001bd1   Thumb Code    84  usart2.o(i.TIM2_Init)
    TIM2_Set                                 0x08001c25   Thumb Code    38  usart2.o(i.TIM2_Set)
    TIM3_IRQHandler                          0x08001c4d   Thumb Code    22  timer.o(i.TIM3_IRQHandler)
    TIM4_PWM_Init                            0x08001c69   Thumb Code   384  motor.o(i.TIM4_PWM_Init)
    TIM5_IRQHandler                          0x08001df1   Thumb Code   384  remote.o(i.TIM5_IRQHandler)
    TIM5_PWM_Init                            0x08001f89   Thumb Code   150  server.o(i.TIM5_PWM_Init)
    TIM_ARRPreloadConfig                     0x08002029   Thumb Code    24  stm32f10x_tim.o(i.TIM_ARRPreloadConfig)
    TIM_ClearFlag                            0x08002041   Thumb Code     6  stm32f10x_tim.o(i.TIM_ClearFlag)
    TIM_ClearITPendingBit                    0x08002047   Thumb Code     6  stm32f10x_tim.o(i.TIM_ClearITPendingBit)
    TIM_Cmd                                  0x0800204d   Thumb Code    24  stm32f10x_tim.o(i.TIM_Cmd)
    TIM_CtrlPWMOutputs                       0x08002065   Thumb Code    30  stm32f10x_tim.o(i.TIM_CtrlPWMOutputs)
    TIM_GetCapture2                          0x08002083   Thumb Code     6  stm32f10x_tim.o(i.TIM_GetCapture2)
    TIM_GetCounter                           0x08002089   Thumb Code     6  stm32f10x_tim.o(i.TIM_GetCounter)
    TIM_GetITStatus                          0x0800208f   Thumb Code    34  stm32f10x_tim.o(i.TIM_GetITStatus)
    TIM_ITConfig                             0x080020b1   Thumb Code    18  stm32f10x_tim.o(i.TIM_ITConfig)
    TIM_OC1Init                              0x080020c5   Thumb Code   132  stm32f10x_tim.o(i.TIM_OC1Init)
    TIM_OC1PreloadConfig                     0x0800215d   Thumb Code    18  stm32f10x_tim.o(i.TIM_OC1PreloadConfig)
    TIM_OC2Init                              0x08002171   Thumb Code   154  stm32f10x_tim.o(i.TIM_OC2Init)
    TIM_OC2PolarityConfig                    0x08002215   Thumb Code    26  stm32f10x_tim.o(i.TIM_OC2PolarityConfig)
    TIM_OC2PreloadConfig                     0x0800222f   Thumb Code    26  stm32f10x_tim.o(i.TIM_OC2PreloadConfig)
    TIM_OC3Init                              0x08002249   Thumb Code   150  stm32f10x_tim.o(i.TIM_OC3Init)
    TIM_OC3PreloadConfig                     0x080022e9   Thumb Code    18  stm32f10x_tim.o(i.TIM_OC3PreloadConfig)
    TIM_OC4Init                              0x080022fd   Thumb Code   114  stm32f10x_tim.o(i.TIM_OC4Init)
    TIM_OC4PreloadConfig                     0x08002379   Thumb Code    26  stm32f10x_tim.o(i.TIM_OC4PreloadConfig)
    TIM_SetCompare1                          0x08002393   Thumb Code     4  stm32f10x_tim.o(i.TIM_SetCompare1)
    TIM_SetCompare2                          0x08002397   Thumb Code     4  stm32f10x_tim.o(i.TIM_SetCompare2)
    TIM_SetCompare3                          0x0800239b   Thumb Code     4  stm32f10x_tim.o(i.TIM_SetCompare3)
    TIM_SetCompare4                          0x0800239f   Thumb Code     6  stm32f10x_tim.o(i.TIM_SetCompare4)
    TIM_SetCounter                           0x080023a5   Thumb Code     4  stm32f10x_tim.o(i.TIM_SetCounter)
    TIM_TimeBaseInit                         0x080023a9   Thumb Code   122  stm32f10x_tim.o(i.TIM_TimeBaseInit)
    Timerx_Init                              0x0800244d   Thumb Code    90  timer.o(i.Timerx_Init)
    UART_DMA_Config                          0x080024ad   Thumb Code    72  usart2.o(i.UART_DMA_Config)
    UART_DMA_Enable                          0x080024f5   Thumb Code    32  usart2.o(i.UART_DMA_Enable)
    USART1_IRQHandler                        0x08002515   Thumb Code   122  usart.o(i.USART1_IRQHandler)
    USART2_IRQHandler                        0x0800259d   Thumb Code    84  usart2.o(i.USART2_IRQHandler)
    USART2_Init                              0x080025fd   Thumb Code   204  usart2.o(i.USART2_Init)
    USART_Cmd                                0x080026dd   Thumb Code    24  stm32f10x_usart.o(i.USART_Cmd)
    USART_DMACmd                             0x080026f5   Thumb Code    18  stm32f10x_usart.o(i.USART_DMACmd)
    USART_DeInit                             0x08002709   Thumb Code   134  stm32f10x_usart.o(i.USART_DeInit)
    USART_GetITStatus                        0x080027a5   Thumb Code    84  stm32f10x_usart.o(i.USART_GetITStatus)
    USART_ITConfig                           0x080027f9   Thumb Code    74  stm32f10x_usart.o(i.USART_ITConfig)
    USART_Init                               0x08002845   Thumb Code   210  stm32f10x_usart.o(i.USART_Init)
    USART_ReceiveData                        0x0800291d   Thumb Code    10  stm32f10x_usart.o(i.USART_ReceiveData)
    UltrasonicWave_Configuration             0x08002929   Thumb Code   122  ultrasonicwave.o(i.UltrasonicWave_Configuration)
    UltrasonicWave_StartMeasure              0x080029a9   Thumb Code    46  ultrasonicwave.o(i.UltrasonicWave_StartMeasure)
    UsageFault_Handler                       0x080029e5   Thumb Code     4  stm32f10x_it.o(i.UsageFault_Handler)
    __0printf                                0x080029e9   Thumb Code    22  printfa.o(i.__0printf)
    __1printf                                0x080029e9   Thumb Code     0  printfa.o(i.__0printf)
    __2printf                                0x080029e9   Thumb Code     0  printfa.o(i.__0printf)
    __c89printf                              0x080029e9   Thumb Code     0  printfa.o(i.__0printf)
    printf                                   0x080029e9   Thumb Code     0  printfa.o(i.__0printf)
    __0snprintf                              0x08002a09   Thumb Code    48  printfa.o(i.__0snprintf)
    __1snprintf                              0x08002a09   Thumb Code     0  printfa.o(i.__0snprintf)
    __2snprintf                              0x08002a09   Thumb Code     0  printfa.o(i.__0snprintf)
    __c89snprintf                            0x08002a09   Thumb Code     0  printfa.o(i.__0snprintf)
    snprintf                                 0x08002a09   Thumb Code     0  printfa.o(i.__0snprintf)
    __0sprintf                               0x08002a3d   Thumb Code    34  printfa.o(i.__0sprintf)
    __1sprintf                               0x08002a3d   Thumb Code     0  printfa.o(i.__0sprintf)
    __2sprintf                               0x08002a3d   Thumb Code     0  printfa.o(i.__0sprintf)
    __c89sprintf                             0x08002a3d   Thumb Code     0  printfa.o(i.__0sprintf)
    sprintf                                  0x08002a3d   Thumb Code     0  printfa.o(i.__0sprintf)
    __0vsprintf                              0x08002a65   Thumb Code    30  printfa.o(i.__0vsprintf)
    __1vsprintf                              0x08002a65   Thumb Code     0  printfa.o(i.__0vsprintf)
    __2vsprintf                              0x08002a65   Thumb Code     0  printfa.o(i.__0vsprintf)
    __c89vsprintf                            0x08002a65   Thumb Code     0  printfa.o(i.__0vsprintf)
    vsprintf                                 0x08002a65   Thumb Code     0  printfa.o(i.__0vsprintf)
    __scatterload_copy                       0x08002a89   Thumb Code    14  handlers.o(i.__scatterload_copy)
    __scatterload_null                       0x08002a97   Thumb Code     2  handlers.o(i.__scatterload_null)
    __scatterload_zeroinit                   0x08002a99   Thumb Code    14  handlers.o(i.__scatterload_zeroinit)
    bfs                                      0x08003355   Thumb Code   224  main.o(i.bfs)
    delay_init                               0x0800343d   Thumb Code    50  delay.o(i.delay_init)
    delay_ms                                 0x08003481   Thumb Code    72  delay.o(i.delay_ms)
    delay_us                                 0x080034cd   Thumb Code    72  delay.o(i.delay_us)
    dequeue                                  0x08003519   Thumb Code    26  main.o(i.dequeue)
    enqueue                                  0x08003533   Thumb Code    26  main.o(i.enqueue)
    find_obstacle                            0x0800354d   Thumb Code   764  main.o(i.find_obstacle)
    forwardDetect                            0x080038a9   Thumb Code   136  main.o(i.forwardDetect)
    fputc                                    0x08003931   Thumb Code    24  usart.o(i.fputc)
    initQueue                                0x0800394d   Thumb Code    20  main.o(i.initQueue)
    isEmpty                                  0x08003961   Thumb Code    18  main.o(i.isEmpty)
    isValid                                  0x08003973   Thumb Code    50  main.o(i.isValid)
    is_valid                                 0x080039a5   Thumb Code    26  main.o(i.is_valid)
    main                                     0x080039c1   Thumb Code   968  main.o(i.main)
    malloc                                   0x08003e91   Thumb Code    92  malloc.o(i.malloc)
    moveForward                              0x08003efd   Thumb Code    86  main.o(i.moveForward)
    moveToPoint                              0x08003f55   Thumb Code    28  main.o(i.moveToPoint)
    printPath                                0x08003f81   Thumb Code   216  main.o(i.printPath)
    task3_go                                 0x08004089   Thumb Code    40  main.o(i.task3_go)
    turn                                     0x080040b1   Thumb Code   270  main.o(i.turn)
    turnLeft                                 0x080041d9   Thumb Code    30  main.o(i.turnLeft)
    turnRight                                0x080041f7   Thumb Code    30  main.o(i.turnRight)
    u2_printf                                0x08004215   Thumb Code    56  usart2.o(i.u2_printf)
    uart_init                                0x08004255   Thumb Code   152  usart.o(i.uart_init)
    __ctype_categories                       0x080042f4   Data          64  ctype_c.o(.constdata)
    Region$$Table$$Base                      0x08004334   Number         0  anon$$obj.o(Region$$Table)
    Region$$Table$$Limit                     0x08004354   Number         0  anon$$obj.o(Region$$Table)
    thisX                                    0x20000000   Data           4  main.o(.data)
    thisY                                    0x20000004   Data           4  main.o(.data)
    nextX                                    0x20000008   Data           4  main.o(.data)
    nextY                                    0x2000000c   Data           4  main.o(.data)
    nextDirection                            0x20000010   Data           4  main.o(.data)
    thisDirection                            0x20000014   Data           4  main.o(.data)
    ob_x                                     0x20000018   Data          28  main.o(.data)
    ob_y                                     0x20000034   Data          28  main.o(.data)
    ob_count                                 0x20000050   Data           4  main.o(.data)
    Max_count                                0x20000054   Data           4  main.o(.data)
    final_x                                  0x20000058   Data           4  main.o(.data)
    final_y                                  0x2000005c   Data           4  main.o(.data)
    dx                                       0x20000060   Data          16  main.o(.data)
    dy                                       0x20000070   Data          16  main.o(.data)
    SystemCoreClock                          0x20000094   Data           4  system_stm32f10x.o(.data)
    AHBPrescTable                            0x20000098   Data          16  system_stm32f10x.o(.data)
    __stdout                                 0x200000ac   Data           4  usart.o(.data)
    USART_RX_STA                             0x200000b0   Data           2  usart.o(.data)
    UltrasonicWave_Distance                  0x200000b4   Data           4  ultrasonicwave.o(.data)
    RmtSta                                   0x200000b8   Data           1  remote.o(.data)
    Dval                                     0x200000ba   Data           2  remote.o(.data)
    RmtRec                                   0x200000bc   Data           4  remote.o(.data)
    RmtCnt                                   0x200000c0   Data           1  remote.o(.data)
    USART2_RX_STA                            0x200000c2   Data           2  usart2.o(.data)
    __microlib_freelist                      0x200000c4   Data           4  mvars.o(.data)
    __microlib_freelist_initialised          0x200000c8   Data           4  mvars.o(.data)
    count                                    0x200000cc   Data          64  main.o(.bss)
    grid                                     0x2000010c   Data          64  main.o(.bss)
    USART_RX_BUF                             0x2000014c   Data         200  usart.o(.bss)
    USART2_TX_BUF                            0x20000218   Data         200  usart2.o(.bss)
    USART2_RX_BUF                            0x200002e0   Data         200  usart2.o(.bss)
    __heap_base                              0x200003a8   Data           0  startup_stm32f10x_hd.o(HEAP)
    __heap_limit                             0x200005a8   Data           0  startup_stm32f10x_hd.o(HEAP)
    __initial_sp                             0x200009a8   Data           0  startup_stm32f10x_hd.o(STACK)



==============================================================================

Memory Map of the image

  Image Entry point : 0x08000149

  Load Region LR_1 (Base: 0x08000000, Size: 0x00004420, Max: 0xffffffff, ABSOLUTE)

    Execution Region ER_RO (Exec base: 0x08000000, Load base: 0x08000000, Size: 0x00004354, Max: 0xffffffff, ABSOLUTE)

    Exec Addr    Load Addr    Size         Type   Attr      Idx    E Section Name        Object

    0x08000000   0x08000000   0x00000130   Data   RO         3360    RESET               startup_stm32f10x_hd.o
    0x08000130   0x08000130   0x00000000   Code   RO         3884  * .ARM.Collect$$$$00000000  mc_w.l(entry.o)
    0x08000130   0x08000130   0x00000004   Code   RO         4214    .ARM.Collect$$$$00000001  mc_w.l(entry2.o)
    0x08000134   0x08000134   0x00000004   Code   RO         4217    .ARM.Collect$$$$00000004  mc_w.l(entry5.o)
    0x08000138   0x08000138   0x00000000   Code   RO         4219    .ARM.Collect$$$$00000008  mc_w.l(entry7b.o)
    0x08000138   0x08000138   0x00000000   Code   RO         4221    .ARM.Collect$$$$0000000A  mc_w.l(entry8b.o)
    0x08000138   0x08000138   0x00000008   Code   RO         4222    .ARM.Collect$$$$0000000B  mc_w.l(entry9a.o)
    0x08000140   0x08000140   0x00000004   Code   RO         4229    .ARM.Collect$$$$0000000E  mc_w.l(entry12b.o)
    0x08000144   0x08000144   0x00000000   Code   RO         4224    .ARM.Collect$$$$0000000F  mc_w.l(entry10a.o)
    0x08000144   0x08000144   0x00000000   Code   RO         4226    .ARM.Collect$$$$00000011  mc_w.l(entry11a.o)
    0x08000144   0x08000144   0x00000004   Code   RO         4215    .ARM.Collect$$$$00002712  mc_w.l(entry2.o)
    0x08000148   0x08000148   0x00000024   Code   RO         3361  * .text               startup_stm32f10x_hd.o
    0x0800016c   0x0800016c   0x00000024   Code   RO         3887    .text               mc_w.l(memcpya.o)
    0x08000190   0x08000190   0x00000024   Code   RO         3889    .text               mc_w.l(memseta.o)
    0x080001b4   0x080001b4   0x0000000e   Code   RO         3891    .text               mc_w.l(strlen.o)
    0x080001c2   0x080001c2   0x0000001e   Code   RO         3893    .text               mc_w.l(strncmp.o)
    0x080001e0   0x080001e0   0x00000038   Code   RO         4186    .text               mc_w.l(__0sscanf.o)
    0x08000218   0x08000218   0x0000014c   Code   RO         4188    .text               mc_w.l(_scanf_int.o)
    0x08000364   0x08000364   0x00000064   Code   RO         4190    .text               mf_w.l(fmul.o)
    0x080003c8   0x080003c8   0x0000014e   Code   RO         4192    .text               mf_w.l(dadd.o)
    0x08000516   0x08000516   0x000000e4   Code   RO         4194    .text               mf_w.l(dmul.o)
    0x080005fa   0x080005fa   0x000000de   Code   RO         4196    .text               mf_w.l(ddiv.o)
    0x080006d8   0x080006d8   0x0000000a   Code   RO         4198    .text               mf_w.l(ffltui.o)
    0x080006e2   0x080006e2   0x00000022   Code   RO         4200    .text               mf_w.l(dflti.o)
    0x08000704   0x08000704   0x00000032   Code   RO         4202    .text               mf_w.l(ffixi.o)
    0x08000736   0x08000736   0x00000028   Code   RO         4204    .text               mf_w.l(ffixui.o)
    0x0800075e   0x0800075e   0x0000003e   Code   RO         4206    .text               mf_w.l(dfixi.o)
    0x0800079c   0x0800079c   0x00000032   Code   RO         4208    .text               mf_w.l(dfixui.o)
    0x080007ce   0x080007ce   0x00000026   Code   RO         4210    .text               mf_w.l(f2d.o)
    0x080007f4   0x080007f4   0x00000038   Code   RO         4212    .text               mf_w.l(d2f.o)
    0x0800082c   0x0800082c   0x0000002c   Code   RO         4230    .text               mc_w.l(uidiv.o)
    0x08000858   0x08000858   0x00000062   Code   RO         4232    .text               mc_w.l(uldiv.o)
    0x080008ba   0x080008ba   0x0000001e   Code   RO         4234    .text               mc_w.l(llshl.o)
    0x080008d8   0x080008d8   0x00000020   Code   RO         4236    .text               mc_w.l(llushr.o)
    0x080008f8   0x080008f8   0x00000024   Code   RO         4238    .text               mc_w.l(llsshr.o)
    0x0800091c   0x0800091c   0x0000001c   Code   RO         4242    .text               mc_w.l(_chval.o)
    0x08000938   0x08000938   0x00000028   Code   RO         4244    .text               mc_w.l(scanf_char.o)
    0x08000960   0x08000960   0x00000040   Code   RO         4246    .text               mc_w.l(_sgetc.o)
    0x080009a0   0x080009a0   0x00000000   Code   RO         4248    .text               mc_w.l(iusefp.o)
    0x080009a0   0x080009a0   0x0000006e   Code   RO         4249    .text               mf_w.l(fepilogue.o)
    0x08000a0e   0x08000a0e   0x000000ba   Code   RO         4251    .text               mf_w.l(depilogue.o)
    0x08000ac8   0x08000ac8   0x00000030   Code   RO         4253    .text               mf_w.l(dfixul.o)
    0x08000af8   0x08000af8   0x00000030   Code   RO         4255    .text               mf_w.l(cdrcmple.o)
    0x08000b28   0x08000b28   0x00000024   Code   RO         4257    .text               mc_w.l(init.o)
    0x08000b4c   0x08000b4c   0x0000000a   Code   RO         4259    .text               mc_w.l(isspace_c.o)
    0x08000b56   0x08000b56   0x00000002   PAD
    0x08000b58   0x08000b58   0x00000330   Code   RO         4261    .text               mc_w.l(_scanf.o)
    0x08000e88   0x08000e88   0x00000028   Code   RO         4263    .text               mc_w.l(ctype_c.o)
    0x08000eb0   0x08000eb0   0x00000004   Code   RO          261    i.BusFault_Handler  stm32f10x_it.o
    0x08000eb4   0x08000eb4   0x00000018   Code   RO         1441    i.DMA_Cmd           stm32f10x_dma.o
    0x08000ecc   0x08000ecc   0x0000014c   Code   RO         1442    i.DMA_DeInit        stm32f10x_dma.o
    0x08001018   0x08001018   0x00000008   Code   RO         1443    i.DMA_GetCurrDataCounter  stm32f10x_dma.o
    0x08001020   0x08001020   0x0000003c   Code   RO         1447    i.DMA_Init          stm32f10x_dma.o
    0x0800105c   0x0800105c   0x00000004   Code   RO         1448    i.DMA_SetCurrDataCounter  stm32f10x_dma.o
    0x08001060   0x08001060   0x00000002   Code   RO          262    i.DebugMon_Handler  stm32f10x_it.o
    0x08001062   0x08001062   0x00000002   PAD
    0x08001064   0x08001064   0x00000034   Code   RO         3365    i.EXTI0_IRQHandler  exti.o
    0x08001098   0x08001098   0x0000007c   Code   RO         3756    i.EXTI1_IRQHandler  ultrasonicwave.o
    0x08001114   0x08001114   0x00000034   Code   RO         3366    i.EXTI9_5_IRQHandler  exti.o
    0x08001148   0x08001148   0x0000000c   Code   RO          697    i.EXTI_ClearITPendingBit  stm32f10x_exti.o
    0x08001154   0x08001154   0x00000028   Code   RO          701    i.EXTI_GetITStatus  stm32f10x_exti.o
    0x0800117c   0x0800117c   0x00000094   Code   RO          702    i.EXTI_Init         stm32f10x_exti.o
    0x08001210   0x08001210   0x00000040   Code   RO          327    i.GPIO_EXTILineConfig  stm32f10x_gpio.o
    0x08001250   0x08001250   0x00000116   Code   RO          330    i.GPIO_Init         stm32f10x_gpio.o
    0x08001366   0x08001366   0x00000012   Code   RO          334    i.GPIO_ReadInputDataBit  stm32f10x_gpio.o
    0x08001378   0x08001378   0x00000004   Code   RO          337    i.GPIO_ResetBits    stm32f10x_gpio.o
    0x0800137c   0x0800137c   0x00000004   Code   RO          338    i.GPIO_SetBits      stm32f10x_gpio.o
    0x08001380   0x08001380   0x00000028   Code   RO         3512    i.HJduino_HJ_ZE_L   motor.o
    0x080013a8   0x080013a8   0x00000028   Code   RO         3513    i.HJduino_HJ_ZE_R   motor.o
    0x080013d0   0x080013d0   0x00000024   Code   RO         3514    i.HJduino_L1back    motor.o
    0x080013f4   0x080013f4   0x0000001a   Code   RO         3515    i.HJduino_L1run     motor.o
    0x0800140e   0x0800140e   0x00000024   Code   RO         3516    i.HJduino_L2back    motor.o
    0x08001432   0x08001432   0x0000001a   Code   RO         3517    i.HJduino_L2run     motor.o
    0x0800144c   0x0800144c   0x0000002e   Code   RO         3518    i.HJduino_Left      motor.o
    0x0800147a   0x0800147a   0x00000024   Code   RO         3519    i.HJduino_R1back    motor.o
    0x0800149e   0x0800149e   0x0000001a   Code   RO         3520    i.HJduino_R1run     motor.o
    0x080014b8   0x080014b8   0x00000024   Code   RO         3521    i.HJduino_R2back    motor.o
    0x080014dc   0x080014dc   0x0000001a   Code   RO         3522    i.HJduino_R2run     motor.o
    0x080014f6   0x080014f6   0x00000032   Code   RO         3523    i.HJduino_Right     motor.o
    0x08001528   0x08001528   0x00000034   Code   RO         3524    i.HJduino_Spin_Left  motor.o
    0x0800155c   0x0800155c   0x00000040   Code   RO         3525    i.HJduino_Spin_Right  motor.o
    0x0800159c   0x0800159c   0x0000003c   Code   RO         3526    i.HJduino_back      motor.o
    0x080015d8   0x080015d8   0x00000058   Code   RO         3527    i.HJduino_brake     motor.o
    0x08001630   0x08001630   0x00000032   Code   RO         3528    i.HJduino_run       motor.o
    0x08001662   0x08001662   0x00000004   Code   RO          263    i.HardFault_Handler  stm32f10x_it.o
    0x08001666   0x08001666   0x00000004   Code   RO          264    i.MemManage_Handler  stm32f10x_it.o
    0x0800166a   0x0800166a   0x00000002   Code   RO          265    i.NMI_Handler       stm32f10x_it.o
    0x0800166c   0x0800166c   0x00000070   Code   RO          660    i.NVIC_Init         misc.o
    0x080016dc   0x080016dc   0x00000002   Code   RO          266    i.PendSV_Handler    stm32f10x_it.o
    0x080016de   0x080016de   0x00000002   PAD
    0x080016e0   0x080016e0   0x00000020   Code   RO          461    i.RCC_AHBPeriphClockCmd  stm32f10x_rcc.o
    0x08001700   0x08001700   0x00000020   Code   RO          462    i.RCC_APB1PeriphClockCmd  stm32f10x_rcc.o
    0x08001720   0x08001720   0x00000020   Code   RO          463    i.RCC_APB1PeriphResetCmd  stm32f10x_rcc.o
    0x08001740   0x08001740   0x00000020   Code   RO          464    i.RCC_APB2PeriphClockCmd  stm32f10x_rcc.o
    0x08001760   0x08001760   0x00000020   Code   RO          465    i.RCC_APB2PeriphResetCmd  stm32f10x_rcc.o
    0x08001780   0x08001780   0x000000d4   Code   RO          472    i.RCC_GetClocksFreq  stm32f10x_rcc.o
    0x08001854   0x08001854   0x00000002   Code   RO          267    i.SVC_Handler       stm32f10x_it.o
    0x08001856   0x08001856   0x00000002   PAD
    0x08001858   0x08001858   0x00000060   Code   RO         3690    i.SetJointAngle     server.o
    0x080018b8   0x080018b8   0x000000bc   Code   RO         3529    i.SetMotorSpeed     motor.o
    0x08001974   0x08001974   0x000000bc   Code   RO         3530    i.SetMotorSpeed2    motor.o
    0x08001a30   0x08001a30   0x00000008   Code   RO         3324    i.SetSysClock       system_stm32f10x.o
    0x08001a38   0x08001a38   0x000000e0   Code   RO         3325    i.SetSysClockTo72   system_stm32f10x.o
    0x08001b18   0x08001b18   0x00000028   Code   RO          664    i.SysTick_CLKSourceConfig  misc.o
    0x08001b40   0x08001b40   0x00000002   Code   RO          268    i.SysTick_Handler   stm32f10x_it.o
    0x08001b42   0x08001b42   0x00000002   PAD
    0x08001b44   0x08001b44   0x00000060   Code   RO         3327    i.SystemInit        system_stm32f10x.o
    0x08001ba4   0x08001ba4   0x0000002c   Code   RO         3816    i.TIM2_IRQHandler   usart2.o
    0x08001bd0   0x08001bd0   0x00000054   Code   RO         3817    i.TIM2_Init         usart2.o
    0x08001c24   0x08001c24   0x00000026   Code   RO         3818    i.TIM2_Set          usart2.o
    0x08001c4a   0x08001c4a   0x00000002   PAD
    0x08001c4c   0x08001c4c   0x0000001c   Code   RO         3711    i.TIM3_IRQHandler   timer.o
    0x08001c68   0x08001c68   0x00000188   Code   RO         3531    i.TIM4_PWM_Init     motor.o
    0x08001df0   0x08001df0   0x00000198   Code   RO         3788    i.TIM5_IRQHandler   remote.o
    0x08001f88   0x08001f88   0x000000a0   Code   RO         3691    i.TIM5_PWM_Init     server.o
    0x08002028   0x08002028   0x00000018   Code   RO         2535    i.TIM_ARRPreloadConfig  stm32f10x_tim.o
    0x08002040   0x08002040   0x00000006   Code   RO         2541    i.TIM_ClearFlag     stm32f10x_tim.o
    0x08002046   0x08002046   0x00000006   Code   RO         2542    i.TIM_ClearITPendingBit  stm32f10x_tim.o
    0x0800204c   0x0800204c   0x00000018   Code   RO         2547    i.TIM_Cmd           stm32f10x_tim.o
    0x08002064   0x08002064   0x0000001e   Code   RO         2549    i.TIM_CtrlPWMOutputs  stm32f10x_tim.o
    0x08002082   0x08002082   0x00000006   Code   RO         2563    i.TIM_GetCapture2   stm32f10x_tim.o
    0x08002088   0x08002088   0x00000006   Code   RO         2566    i.TIM_GetCounter    stm32f10x_tim.o
    0x0800208e   0x0800208e   0x00000022   Code   RO         2568    i.TIM_GetITStatus   stm32f10x_tim.o
    0x080020b0   0x080020b0   0x00000012   Code   RO         2572    i.TIM_ITConfig      stm32f10x_tim.o
    0x080020c2   0x080020c2   0x00000002   PAD
    0x080020c4   0x080020c4   0x00000098   Code   RO         2576    i.TIM_OC1Init       stm32f10x_tim.o
    0x0800215c   0x0800215c   0x00000012   Code   RO         2579    i.TIM_OC1PreloadConfig  stm32f10x_tim.o
    0x0800216e   0x0800216e   0x00000002   PAD
    0x08002170   0x08002170   0x000000a4   Code   RO         2581    i.TIM_OC2Init       stm32f10x_tim.o
    0x08002214   0x08002214   0x0000001a   Code   RO         2583    i.TIM_OC2PolarityConfig  stm32f10x_tim.o
    0x0800222e   0x0800222e   0x0000001a   Code   RO         2584    i.TIM_OC2PreloadConfig  stm32f10x_tim.o
    0x08002248   0x08002248   0x000000a0   Code   RO         2586    i.TIM_OC3Init       stm32f10x_tim.o
    0x080022e8   0x080022e8   0x00000012   Code   RO         2589    i.TIM_OC3PreloadConfig  stm32f10x_tim.o
    0x080022fa   0x080022fa   0x00000002   PAD
    0x080022fc   0x080022fc   0x0000007c   Code   RO         2591    i.TIM_OC4Init       stm32f10x_tim.o
    0x08002378   0x08002378   0x0000001a   Code   RO         2593    i.TIM_OC4PreloadConfig  stm32f10x_tim.o
    0x08002392   0x08002392   0x00000004   Code   RO         2608    i.TIM_SetCompare1   stm32f10x_tim.o
    0x08002396   0x08002396   0x00000004   Code   RO         2609    i.TIM_SetCompare2   stm32f10x_tim.o
    0x0800239a   0x0800239a   0x00000004   Code   RO         2610    i.TIM_SetCompare3   stm32f10x_tim.o
    0x0800239e   0x0800239e   0x00000006   Code   RO         2611    i.TIM_SetCompare4   stm32f10x_tim.o
    0x080023a4   0x080023a4   0x00000004   Code   RO         2612    i.TIM_SetCounter    stm32f10x_tim.o
    0x080023a8   0x080023a8   0x000000a4   Code   RO         2618    i.TIM_TimeBaseInit  stm32f10x_tim.o
    0x0800244c   0x0800244c   0x00000060   Code   RO         3712    i.Timerx_Init       timer.o
    0x080024ac   0x080024ac   0x00000048   Code   RO         3819    i.UART_DMA_Config   usart2.o
    0x080024f4   0x080024f4   0x00000020   Code   RO         3820    i.UART_DMA_Enable   usart2.o
    0x08002514   0x08002514   0x00000088   Code   RO         3471    i.USART1_IRQHandler  usart.o
    0x0800259c   0x0800259c   0x00000060   Code   RO         3821    i.USART2_IRQHandler  usart2.o
    0x080025fc   0x080025fc   0x000000e0   Code   RO         3822    i.USART2_Init       usart2.o
    0x080026dc   0x080026dc   0x00000018   Code   RO         3083    i.USART_Cmd         stm32f10x_usart.o
    0x080026f4   0x080026f4   0x00000012   Code   RO         3084    i.USART_DMACmd      stm32f10x_usart.o
    0x08002706   0x08002706   0x00000002   PAD
    0x08002708   0x08002708   0x0000009c   Code   RO         3085    i.USART_DeInit      stm32f10x_usart.o
    0x080027a4   0x080027a4   0x00000054   Code   RO         3087    i.USART_GetITStatus  stm32f10x_usart.o
    0x080027f8   0x080027f8   0x0000004a   Code   RO         3089    i.USART_ITConfig    stm32f10x_usart.o
    0x08002842   0x08002842   0x00000002   PAD
    0x08002844   0x08002844   0x000000d8   Code   RO         3090    i.USART_Init        stm32f10x_usart.o
    0x0800291c   0x0800291c   0x0000000a   Code   RO         3097    i.USART_ReceiveData  stm32f10x_usart.o
    0x08002926   0x08002926   0x00000002   PAD
    0x08002928   0x08002928   0x00000080   Code   RO         3757    i.UltrasonicWave_Configuration  ultrasonicwave.o
    0x080029a8   0x080029a8   0x0000003c   Code   RO         3758    i.UltrasonicWave_StartMeasure  ultrasonicwave.o
    0x080029e4   0x080029e4   0x00000004   Code   RO          269    i.UsageFault_Handler  stm32f10x_it.o
    0x080029e8   0x080029e8   0x00000020   Code   RO         4130    i.__0printf         mc_w.l(printfa.o)
    0x08002a08   0x08002a08   0x00000034   Code   RO         4131    i.__0snprintf       mc_w.l(printfa.o)
    0x08002a3c   0x08002a3c   0x00000028   Code   RO         4132    i.__0sprintf        mc_w.l(printfa.o)
    0x08002a64   0x08002a64   0x00000024   Code   RO         4136    i.__0vsprintf       mc_w.l(printfa.o)
    0x08002a88   0x08002a88   0x0000000e   Code   RO         4268    i.__scatterload_copy  mc_w.l(handlers.o)
    0x08002a96   0x08002a96   0x00000002   Code   RO         4269    i.__scatterload_null  mc_w.l(handlers.o)
    0x08002a98   0x08002a98   0x0000000e   Code   RO         4270    i.__scatterload_zeroinit  mc_w.l(handlers.o)
    0x08002aa6   0x08002aa6   0x00000002   PAD
    0x08002aa8   0x08002aa8   0x00000184   Code   RO         4137    i._fp_digits        mc_w.l(printfa.o)
    0x08002c2c   0x08002c2c   0x000006b4   Code   RO         4138    i._printf_core      mc_w.l(printfa.o)
    0x080032e0   0x080032e0   0x00000024   Code   RO         4139    i._printf_post_padding  mc_w.l(printfa.o)
    0x08003304   0x08003304   0x0000002e   Code   RO         4140    i._printf_pre_padding  mc_w.l(printfa.o)
    0x08003332   0x08003332   0x00000016   Code   RO         4141    i._snputc           mc_w.l(printfa.o)
    0x08003348   0x08003348   0x0000000a   Code   RO         4142    i._sputc            mc_w.l(printfa.o)
    0x08003352   0x08003352   0x00000002   PAD
    0x08003354   0x08003354   0x000000e8   Code   RO            1    i.bfs               main.o
    0x0800343c   0x0800343c   0x00000044   Code   RO         3442    i.delay_init        delay.o
    0x08003480   0x08003480   0x0000004c   Code   RO         3443    i.delay_ms          delay.o
    0x080034cc   0x080034cc   0x0000004c   Code   RO         3444    i.delay_us          delay.o
    0x08003518   0x08003518   0x0000001a   Code   RO            2    i.dequeue           main.o
    0x08003532   0x08003532   0x0000001a   Code   RO            3    i.enqueue           main.o
    0x0800354c   0x0800354c   0x0000035c   Code   RO            4    i.find_obstacle     main.o
    0x080038a8   0x080038a8   0x00000088   Code   RO            5    i.forwardDetect     main.o
    0x08003930   0x08003930   0x0000001c   Code   RO         3473    i.fputc             usart.o
    0x0800394c   0x0800394c   0x00000014   Code   RO            7    i.initQueue         main.o
    0x08003960   0x08003960   0x00000012   Code   RO            8    i.isEmpty           main.o
    0x08003972   0x08003972   0x00000032   Code   RO            9    i.isValid           main.o
    0x080039a4   0x080039a4   0x0000001a   Code   RO           10    i.is_valid          main.o
    0x080039be   0x080039be   0x00000002   PAD
    0x080039c0   0x080039c0   0x000004d0   Code   RO           12    i.main              main.o
    0x08003e90   0x08003e90   0x0000006c   Code   RO         4159    i.malloc            mc_w.l(malloc.o)
    0x08003efc   0x08003efc   0x00000056   Code   RO           13    i.moveForward       main.o
    0x08003f52   0x08003f52   0x00000002   PAD
    0x08003f54   0x08003f54   0x0000002c   Code   RO           14    i.moveToPoint       main.o
    0x08003f80   0x08003f80   0x00000108   Code   RO           15    i.printPath         main.o
    0x08004088   0x08004088   0x00000028   Code   RO           17    i.task3_go          main.o
    0x080040b0   0x080040b0   0x00000128   Code   RO           18    i.turn              main.o
    0x080041d8   0x080041d8   0x0000001e   Code   RO           19    i.turnLeft          main.o
    0x080041f6   0x080041f6   0x0000001e   Code   RO           20    i.turnRight         main.o
    0x08004214   0x08004214   0x00000040   Code   RO         3823    i.u2_printf         usart2.o
    0x08004254   0x08004254   0x000000a0   Code   RO         3474    i.uart_init         usart.o
    0x080042f4   0x080042f4   0x00000040   Data   RO         4264    .constdata          mc_w.l(ctype_c.o)
    0x08004334   0x08004334   0x00000020   Data   RO         4266    Region$$Table       anon$$obj.o


    Execution Region ER_RW (Exec base: 0x20000000, Load base: 0x08004354, Size: 0x000000cc, Max: 0xffffffff, ABSOLUTE)

    Exec Addr    Load Addr    Size         Type   Attr      Idx    E Section Name        Object

    0x20000000   0x08004354   0x00000080   Data   RW           22    .data               main.o
    0x20000080   0x080043d4   0x00000014   Data   RW          492    .data               stm32f10x_rcc.o
    0x20000094   0x080043e8   0x00000014   Data   RW         3328    .data               system_stm32f10x.o
    0x200000a8   0x080043fc   0x00000004   Data   RW         3445    .data               delay.o
    0x200000ac   0x08004400   0x00000006   Data   RW         3476    .data               usart.o
    0x200000b2   0x08004406   0x00000002   PAD
    0x200000b4   0x08004408   0x00000004   Data   RW         3759    .data               ultrasonicwave.o
    0x200000b8   0x0800440c   0x00000009   Data   RW         3789    .data               remote.o
    0x200000c1   0x08004415   0x00000001   PAD
    0x200000c2   0x08004416   0x00000002   Data   RW         3825    .data               usart2.o
    0x200000c4   0x08004418   0x00000004   Data   RW         4240    .data               mc_w.l(mvars.o)
    0x200000c8   0x0800441c   0x00000004   Data   RW         4241    .data               mc_w.l(mvars.o)


    Execution Region ER_ZI (Exec base: 0x200000cc, Load base: 0x08004420, Size: 0x000008dc, Max: 0xffffffff, ABSOLUTE)

    Exec Addr    Load Addr    Size         Type   Attr      Idx    E Section Name        Object

    0x200000cc        -       0x00000080   Zero   RW           21    .bss                main.o
    0x2000014c        -       0x000000c8   Zero   RW         3475    .bss                usart.o
    0x20000214   0x08004420   0x00000004   PAD
    0x20000218        -       0x00000190   Zero   RW         3824    .bss                usart2.o
    0x200003a8        -       0x00000200   Zero   RW         3359    HEAP                startup_stm32f10x_hd.o
    0x200005a8        -       0x00000400   Zero   RW         3358    STACK               startup_stm32f10x_hd.o


==============================================================================

Image component sizes


      Code (inc. data)   RO Data    RW Data    ZI Data      Debug   Object Name

         0          0          0          0          0         32   core_cm3.o
       220         26          0          4          0       1899   delay.o
       104         18          0          0          0       1028   exti.o
      3416        458          0        128        128     276661   main.o
       152         12          0          0          0       1822   misc.o
      1506         48          0          0          0      13562   motor.o
       408         24          0          9          0       1066   remote.o
       256         28          0          0          0       1396   server.o
        36          8        304          0       1536        840   startup_stm32f10x_hd.o
       428          8          0          0          0       5080   stm32f10x_dma.o
       200         18          0          0          0       2472   stm32f10x_exti.o
       368          4          0          0          0     212026   stm32f10x_gpio.o
        26          0          0          0          0       4250   stm32f10x_it.o
       372         50          0         20          0       6836   stm32f10x_rcc.o
      1054         92          0          0          0      16946   stm32f10x_tim.o
       582         28          0          0          0       6912   stm32f10x_usart.o
       328         28          0         20          0       2489   system_stm32f10x.o
       124         12          0          0          0       1200   timer.o
       312         36          0          4          0       2274   ultrasonicwave.o
       324         26          0          6        200       3908   usart.o
       654         44          0          2        400       6575   usart2.o

    ----------------------------------------------------------------------
     10896        968        336        196       2268     569274   Object Totals
         0          0         32          0          0          0   (incl. Generated)
        26          0          0          3          4          0   (incl. Padding)

    ----------------------------------------------------------------------

      Code (inc. data)   RO Data    RW Data    ZI Data      Debug   Library Member Name

        56          8          0          0          0         84   __0sscanf.o
        28          0          0          0          0         68   _chval.o
       816          6          0          0          0        112   _scanf.o
       332          0          0          0          0         96   _scanf_int.o
        64          0          0          0          0         84   _sgetc.o
        40          6         64          0          0         68   ctype_c.o
         0          0          0          0          0          0   entry.o
         0          0          0          0          0          0   entry10a.o
         0          0          0          0          0          0   entry11a.o
         4          0          0          0          0          0   entry12b.o
         8          4          0          0          0          0   entry2.o
         4          0          0          0          0          0   entry5.o
         0          0          0          0          0          0   entry7b.o
         0          0          0          0          0          0   entry8b.o
         8          4          0          0          0          0   entry9a.o
        30          0          0          0          0          0   handlers.o
        36          8          0          0          0         68   init.o
        10          0          0          0          0         68   isspace_c.o
         0          0          0          0          0          0   iusefp.o
        30          0          0          0          0         68   llshl.o
        36          0          0          0          0         68   llsshr.o
        32          0          0          0          0         68   llushr.o
       108         16          0          0          0         84   malloc.o
        36          0          0          0          0         68   memcpya.o
        36          0          0          0          0        108   memseta.o
         0          0          0          8          0          0   mvars.o
      2378        106          0          0          0        852   printfa.o
        40          8          0          0          0         84   scanf_char.o
        14          0          0          0          0         68   strlen.o
        30          0          0          0          0         80   strncmp.o
        44          0          0          0          0         80   uidiv.o
        98          0          0          0          0         92   uldiv.o
        48          0          0          0          0         68   cdrcmple.o
        56          0          0          0          0         88   d2f.o
       334          0          0          0          0        148   dadd.o
       222          0          0          0          0        100   ddiv.o
       186          0          0          0          0        176   depilogue.o
        62          0          0          0          0         80   dfixi.o
        50          0          0          0          0         76   dfixui.o
        48          0          0          0          0         68   dfixul.o
        34          0          0          0          0         76   dflti.o
       228          0          0          0          0         96   dmul.o
        38          0          0          0          0         68   f2d.o
       110          0          0          0          0        168   fepilogue.o
        50          0          0          0          0         68   ffixi.o
        40          0          0          0          0         68   ffixui.o
        10          0          0          0          0         68   ffltui.o
       100          0          0          0          0         76   fmul.o

    ----------------------------------------------------------------------
      5940        166         64          8          0       3860   Library Totals
         6          0          0          0          0          0   (incl. Padding)

    ----------------------------------------------------------------------

      Code (inc. data)   RO Data    RW Data    ZI Data      Debug   Library Name

      4318        166         64          8          0       2368   mc_w.l
      1616          0          0          0          0       1492   mf_w.l

    ----------------------------------------------------------------------
      5940        166         64          8          0       3860   Library Totals

    ----------------------------------------------------------------------

==============================================================================


      Code (inc. data)   RO Data    RW Data    ZI Data      Debug   

     16836       1134        400        204       2268     564758   Grand Totals
     16836       1134        400        204       2268     564758   ELF Image Totals
     16836       1134        400        204          0          0   ROM Totals

==============================================================================

    Total RO  Size (Code + RO Data)                17236 (  16.83kB)
    Total RW  Size (RW Data + ZI Data)              2472 (   2.41kB)
    Total ROM Size (Code + RO Data + RW Data)      17440 (  17.03kB)

==============================================================================

